Archive member included to satisfy reference by file (symbol)

/home/sam/Ac6/SystemWorkbench/plugins/fr.ac6.mcu.externaltools.arm-none.linux64_1.16.0.201807130628/tools/compiler/bin/../lib/gcc/arm-none-eabi/7.2.1/../../../../arm-none-eabi/lib/thumb/v7-m/libc_nano.a(lib_a-exit.o)
                              /home/sam/Ac6/SystemWorkbench/plugins/fr.ac6.mcu.externaltools.arm-none.linux64_1.16.0.201807130628/tools/compiler/bin/../lib/gcc/arm-none-eabi/7.2.1/../../../../arm-none-eabi/lib/thumb/v7-m/crt0.o (exit)
/home/sam/Ac6/SystemWorkbench/plugins/fr.ac6.mcu.externaltools.arm-none.linux64_1.16.0.201807130628/tools/compiler/bin/../lib/gcc/arm-none-eabi/7.2.1/../../../../arm-none-eabi/lib/thumb/v7-m/libc_nano.a(lib_a-impure.o)
                              /home/sam/Ac6/SystemWorkbench/plugins/fr.ac6.mcu.externaltools.arm-none.linux64_1.16.0.201807130628/tools/compiler/bin/../lib/gcc/arm-none-eabi/7.2.1/../../../../arm-none-eabi/lib/thumb/v7-m/libc_nano.a(lib_a-exit.o) (_global_impure_ptr)
/home/sam/Ac6/SystemWorkbench/plugins/fr.ac6.mcu.externaltools.arm-none.linux64_1.16.0.201807130628/tools/compiler/bin/../lib/gcc/arm-none-eabi/7.2.1/../../../../arm-none-eabi/lib/thumb/v7-m/libc_nano.a(lib_a-init.o)
                              /home/sam/Ac6/SystemWorkbench/plugins/fr.ac6.mcu.externaltools.arm-none.linux64_1.16.0.201807130628/tools/compiler/bin/../lib/gcc/arm-none-eabi/7.2.1/../../../../arm-none-eabi/lib/thumb/v7-m/crt0.o (__libc_init_array)
/home/sam/Ac6/SystemWorkbench/plugins/fr.ac6.mcu.externaltools.arm-none.linux64_1.16.0.201807130628/tools/compiler/bin/../lib/gcc/arm-none-eabi/7.2.1/../../../../arm-none-eabi/lib/thumb/v7-m/libc_nano.a(lib_a-malloc.o)
                              APPS/effect/effect.o (malloc)
/home/sam/Ac6/SystemWorkbench/plugins/fr.ac6.mcu.externaltools.arm-none.linux64_1.16.0.201807130628/tools/compiler/bin/../lib/gcc/arm-none-eabi/7.2.1/../../../../arm-none-eabi/lib/thumb/v7-m/libc_nano.a(lib_a-memcpy-stub.o)
                              APPS/glcd/glcd.o (memcpy)
/home/sam/Ac6/SystemWorkbench/plugins/fr.ac6.mcu.externaltools.arm-none.linux64_1.16.0.201807130628/tools/compiler/bin/../lib/gcc/arm-none-eabi/7.2.1/../../../../arm-none-eabi/lib/thumb/v7-m/libc_nano.a(lib_a-memset.o)
                              /home/sam/Ac6/SystemWorkbench/plugins/fr.ac6.mcu.externaltools.arm-none.linux64_1.16.0.201807130628/tools/compiler/bin/../lib/gcc/arm-none-eabi/7.2.1/../../../../arm-none-eabi/lib/thumb/v7-m/crt0.o (memset)
/home/sam/Ac6/SystemWorkbench/plugins/fr.ac6.mcu.externaltools.arm-none.linux64_1.16.0.201807130628/tools/compiler/bin/../lib/gcc/arm-none-eabi/7.2.1/../../../../arm-none-eabi/lib/thumb/v7-m/libc_nano.a(lib_a-nano-freer.o)
                              /home/sam/Ac6/SystemWorkbench/plugins/fr.ac6.mcu.externaltools.arm-none.linux64_1.16.0.201807130628/tools/compiler/bin/../lib/gcc/arm-none-eabi/7.2.1/../../../../arm-none-eabi/lib/thumb/v7-m/libc_nano.a(lib_a-malloc.o) (_free_r)
/home/sam/Ac6/SystemWorkbench/plugins/fr.ac6.mcu.externaltools.arm-none.linux64_1.16.0.201807130628/tools/compiler/bin/../lib/gcc/arm-none-eabi/7.2.1/../../../../arm-none-eabi/lib/thumb/v7-m/libc_nano.a(lib_a-nano-mallocr.o)
                              /home/sam/Ac6/SystemWorkbench/plugins/fr.ac6.mcu.externaltools.arm-none.linux64_1.16.0.201807130628/tools/compiler/bin/../lib/gcc/arm-none-eabi/7.2.1/../../../../arm-none-eabi/lib/thumb/v7-m/libc_nano.a(lib_a-malloc.o) (_malloc_r)
/home/sam/Ac6/SystemWorkbench/plugins/fr.ac6.mcu.externaltools.arm-none.linux64_1.16.0.201807130628/tools/compiler/bin/../lib/gcc/arm-none-eabi/7.2.1/../../../../arm-none-eabi/lib/thumb/v7-m/libc_nano.a(lib_a-rand.o)
                              APPS/glcd/unit_tests.o (rand)
/home/sam/Ac6/SystemWorkbench/plugins/fr.ac6.mcu.externaltools.arm-none.linux64_1.16.0.201807130628/tools/compiler/bin/../lib/gcc/arm-none-eabi/7.2.1/../../../../arm-none-eabi/lib/thumb/v7-m/libc_nano.a(lib_a-sbrkr.o)
                              /home/sam/Ac6/SystemWorkbench/plugins/fr.ac6.mcu.externaltools.arm-none.linux64_1.16.0.201807130628/tools/compiler/bin/../lib/gcc/arm-none-eabi/7.2.1/../../../../arm-none-eabi/lib/thumb/v7-m/libc_nano.a(lib_a-nano-mallocr.o) (_sbrk_r)
/home/sam/Ac6/SystemWorkbench/plugins/fr.ac6.mcu.externaltools.arm-none.linux64_1.16.0.201807130628/tools/compiler/bin/../lib/gcc/arm-none-eabi/7.2.1/../../../../arm-none-eabi/lib/thumb/v7-m/libc_nano.a(lib_a-sprintf.o)
                              APPS/app_funcs.o (sprintf)
/home/sam/Ac6/SystemWorkbench/plugins/fr.ac6.mcu.externaltools.arm-none.linux64_1.16.0.201807130628/tools/compiler/bin/../lib/gcc/arm-none-eabi/7.2.1/../../../../arm-none-eabi/lib/thumb/v7-m/libc_nano.a(lib_a-utoa.o)
                              APPS/glcd/unit_tests.o (utoa)
/home/sam/Ac6/SystemWorkbench/plugins/fr.ac6.mcu.externaltools.arm-none.linux64_1.16.0.201807130628/tools/compiler/bin/../lib/gcc/arm-none-eabi/7.2.1/../../../../arm-none-eabi/lib/thumb/v7-m/libc_nano.a(lib_a-mlock.o)
[...]
Memory Configuration

Name             Origin             Length             Attributes
RAM              0x0000000020000000 0x0000000000005000 xrw
FLASH            0x0000000008000000 0x0000000000010000 xr
*default*        0x0000000000000000 0xffffffffffffffff

Linker script and memory map

LOAD /home/sam/Ac6/SystemWorkbench/plugins/fr.ac6.mcu.externaltools.arm-none.linux64_1.16.0.201807130628/tools/compiler/bin/../lib/gcc/arm-none-eabi/7.2.1/thumb/v7-m/crti.o
LOAD /home/sam/Ac6/SystemWorkbench/plugins/fr.ac6.mcu.externaltools.arm-none.linux64_1.16.0.201807130628/tools/compiler/bin/../lib/gcc/arm-none-eabi/7.2.1/thumb/v7-m/crtbegin.o
LOAD /home/sam/Ac6/SystemWorkbench/plugins/fr.ac6.mcu.externaltools.arm-none.linux64_1.16.0.201807130628/tools/compiler/bin/../lib/gcc/arm-none-eabi/7.2.1/../../../../arm-none-eabi/lib/thumb/v7-m/crt0.o
LOAD APPS/app.o
LOAD APPS/app_funcs.o
LOAD APPS/eep/contex_eep.o
LOAD APPS/eep/eeprom.o
LOAD APPS/effect/effect.o
LOAD APPS/effect/effect_preset.o
LOAD APPS/encoder/encoder.o
LOAD APPS/event/event.o
LOAD APPS/fv1/fv1.o
LOAD APPS/glcd/ST7565R.o
LOAD APPS/glcd/glcd.o
LOAD APPS/glcd/glcd_graphics.o
LOAD APPS/glcd/glcd_graphs.o
LOAD APPS/glcd/glcd_text.o
LOAD APPS/glcd/unit_tests.o
LOAD APPS/glcd/fonts/fonts.o
LOAD APPS/link_list/link_list.o
LOAD APPS/push-btn/push_btn.o
LOAD APPS/volume/volume.o
LOAD APPS/volume/volume_pwm.o
LOAD Drivers/STM32F1xx_HAL_Driver/Src/stm32f1xx_hal.o
LOAD Drivers/STM32F1xx_HAL_Driver/Src/stm32f1xx_hal_adc.o
LOAD Drivers/STM32F1xx_HAL_Driver/Src/stm32f1xx_hal_adc_ex.o
LOAD Drivers/STM32F1xx_HAL_Driver/Src/stm32f1xx_hal_cortex.o
LOAD Drivers/STM32F1xx_HAL_Driver/Src/stm32f1xx_hal_dma.o
LOAD Drivers/STM32F1xx_HAL_Driver/Src/stm32f1xx_hal_flash.o
LOAD Drivers/STM32F1xx_HAL_Driver/Src/stm32f1xx_hal_flash_ex.o
LOAD Drivers/STM32F1xx_HAL_Driver/Src/stm32f1xx_hal_gpio.o
LOAD Drivers/STM32F1xx_HAL_Driver/Src/stm32f1xx_hal_gpio_ex.o
LOAD Drivers/STM32F1xx_HAL_Driver/Src/stm32f1xx_hal_pwr.o
LOAD Drivers/STM32F1xx_HAL_Driver/Src/stm32f1xx_hal_rcc.o
LOAD Drivers/STM32F1xx_HAL_Driver/Src/stm32f1xx_hal_rcc_ex.o
LOAD Drivers/STM32F1xx_HAL_Driver/Src/stm32f1xx_hal_tim.o
LOAD Drivers/STM32F1xx_HAL_Driver/Src/stm32f1xx_hal_tim_ex.o
LOAD Src/adc.o
LOAD Src/dma.o
LOAD Src/gpio.o
LOAD Src/main.o
LOAD Src/stm32f1xx_hal_msp.o
LOAD Src/stm32f1xx_it.o
LOAD Src/system_stm32f1xx.o
LOAD Src/tim.o
LOAD startup/startup_stm32f103xb.o
LOAD /home/sam/Ac6/SystemWorkbench/plugins/fr.ac6.mcu.externaltools.arm-none.linux64_1.16.0.201807130628/tools/compiler/bin/../lib/gcc/arm-none-eabi/7.2.1/../../../../arm-none-eabi/lib/thumb/v7-m/libm.a
START GROUP
LOAD /home/sam/Ac6/SystemWorkbench/plugins/fr.ac6.mcu.externaltools.arm-none.linux64_1.16.0.201807130628/tools/compiler/bin/../lib/gcc/arm-none-eabi/7.2.1/thumb/v7-m/libgcc.a
LOAD /home/sam/Ac6/SystemWorkbench/plugins/fr.ac6.mcu.externaltools.arm-none.linux64_1.16.0.201807130628/tools/compiler/bin/../lib/gcc/arm-none-eabi/7.2.1/../../../../arm-none-eabi/lib/thumb/v7-m/libc_nano.a
END GROUP
START GROUP
LOAD /home/sam/Ac6/SystemWorkbench/plugins/fr.ac6.mcu.externaltools.arm-none.linux64_1.16.0.201807130628/tools/compiler/bin/../lib/gcc/arm-none-eabi/7.2.1/thumb/v7-m/libgcc.a
LOAD /home/sam/Ac6/SystemWorkbench/plugins/fr.ac6.mcu.externaltools.arm-none.linux64_1.16.0.201807130628/tools/compiler/bin/../lib/gcc/arm-none-eabi/7.2.1/../../../../arm-none-eabi/lib/thumb/v7-m/libc_nano.a
LOAD /home/sam/Ac6/SystemWorkbench/plugins/fr.ac6.mcu.externaltools.arm-none.linux64_1.16.0.201807130628/tools/compiler/bin/../lib/gcc/arm-none-eabi/7.2.1/../../../../arm-none-eabi/lib/thumb/v7-m/libnosys.a
END GROUP
START GROUP
LOAD /home/sam/Ac6/SystemWorkbench/plugins/fr.ac6.mcu.externaltools.arm-none.linux64_1.16.0.201807130628/tools/compiler/bin/../lib/gcc/arm-none-eabi/7.2.1/thumb/v7-m/libgcc.a
LOAD /home/sam/Ac6/SystemWorkbench/plugins/fr.ac6.mcu.externaltools.arm-none.linux64_1.16.0.201807130628/tools/compiler/bin/../lib/gcc/arm-none-eabi/7.2.1/../../../../arm-none-eabi/lib/thumb/v7-m/libc_nano.a
LOAD /home/sam/Ac6/SystemWorkbench/plugins/fr.ac6.mcu.externaltools.arm-none.linux64_1.16.0.201807130628/tools/compiler/bin/../lib/gcc/arm-none-eabi/7.2.1/../../../../arm-none-eabi/lib/thumb/v7-m/libnosys.a
END GROUP
LOAD /home/sam/Ac6/SystemWorkbench/plugins/fr.ac6.mcu.externaltools.arm-none.linux64_1.16.0.201807130628/tools/compiler/bin/../lib/gcc/arm-none-eabi/7.2.1/thumb/v7-m/crtend.o
LOAD /home/sam/Ac6/SystemWorkbench/plugins/fr.ac6.mcu.externaltools.arm-none.linux64_1.16.0.201807130628/tools/compiler/bin/../lib/gcc/arm-none-eabi/7.2.1/thumb/v7-m/crtn.o
                0x0000000020005000                _estack = 0x20005000
                0x0000000000000200                _Min_Heap_Size = 0x200
                0x0000000000000400                _Min_Stack_Size = 0x400

.isr_vector     0x0000000008000000      0x10c
                0x0000000008000000                . = ALIGN (0x4)
 *(.isr_vector)
 .isr_vector    0x0000000008000000      0x10c startup/startup_stm32f103xb.o
                0x0000000008000000                g_pfnVectors
                0x000000000800010c                . = ALIGN (0x4)

.text           0x000000000800010c     0x44a8
                0x000000000800010c                . = ALIGN (0x4)
 *(.text)
 .text          0x000000000800010c       0x40 /home/sam/Ac6/SystemWorkbench/plugins/fr.ac6.mcu.externaltools.arm-none.linux64_1.16.0.201807130628/tools/compiler/bin/../lib/gcc/arm-none-eabi/7.2.1/thumb/v7-m/crtbegin.o
 *(.text*)
 .text.app_init
                0x000000000800014c       0x38 APPS/app.o
                0x000000000800014c                app_init
 .text.SM_Exec  0x0000000008000184       0x94 APPS/app.o
                0x0000000008000184                SM_Exec
 .text.fp_idle_not
                0x0000000008000218      0x12c APPS/app_funcs.o
                0x0000000008000218                fp_idle_not
 .text.fp_idle_vol
                0x0000000008000344       0x10 APPS/app_funcs.o
                0x0000000008000344                fp_idle_vol
 .text.fp_idle_enc
                0x0000000008000354       0x10 APPS/app_funcs.o
                0x0000000008000354                fp_idle_enc
 .text.fp_idle_enter
                0x0000000008000364       0x4c APPS/app_funcs.o
                0x0000000008000364                fp_idle_enter
 .text.fp_idle_bypass
                0x00000000080003b0       0x4c APPS/app_funcs.o
                0x00000000080003b0                fp_idle_bypass
 .text.fp_idle_timeout
                0x00000000080003fc       0x4c APPS/app_funcs.o
                0x00000000080003fc                fp_idle_timeout
 .text.fp_vol_not
                0x0000000008000448       0x24 APPS/app_funcs.o
                0x0000000008000448                fp_vol_not
 .text.fp_vol_vol
                0x000000000800046c      0x1ec APPS/app_funcs.o
                0x000000000800046c                fp_vol_vol
 .text.fp_vol_enc
                0x0000000008000658       0x10 APPS/app_funcs.o
                0x0000000008000658                fp_vol_enc
 .text.fp_vol_enter
                0x0000000008000668       0x4c APPS/app_funcs.o
                0x0000000008000668                fp_vol_enter
 .text.fp_vol_bypass
                0x00000000080006b4       0x4c APPS/app_funcs.o
                0x00000000080006b4                fp_vol_bypass
 .text.fp_vol_timeout
                0x0000000008000700       0x4c APPS/app_funcs.o
                0x0000000008000700                fp_vol_timeout
 .text.fp_enc_not
                0x000000000800074c       0x28 APPS/app_funcs.o
                0x000000000800074c                fp_enc_not
 .text.fp_enc_vol
                0x0000000008000774       0x10 APPS/app_funcs.o
                0x0000000008000774                fp_enc_vol
 .text.fp_enc_enc
                0x0000000008000784       0xb4 APPS/app_funcs.o
                0x0000000008000784                fp_enc_enc
 .text.fp_enc_enter
                0x0000000008000838       0x4c APPS/app_funcs.o
                0x0000000008000838                fp_enc_enter
 .text.fp_enc_bypass
                0x0000000008000884       0x4c APPS/app_funcs.o
                0x0000000008000884                fp_enc_bypass
 .text.fp_enc_timeout
                0x00000000080008d0       0x4c APPS/app_funcs.o
                0x00000000080008d0                fp_enc_timeout
 .text.fp_bypass_not
                0x000000000800091c       0x4c APPS/app_funcs.o
                0x000000000800091c                fp_bypass_not
 .text.fp_bypass_vol
                0x0000000008000968       0x4c APPS/app_funcs.o
                0x0000000008000968                fp_bypass_vol
 .text.fp_bypass_enc
                0x00000000080009b4       0x4c APPS/app_funcs.o
                0x00000000080009b4                fp_bypass_enc
 .text.fp_bypass_enter
                0x0000000008000a00       0x4c APPS/app_funcs.o
                0x0000000008000a00                fp_bypass_enter
 .text.fp_bypass_bypass
                0x0000000008000a4c       0x4c APPS/app_funcs.o
                0x0000000008000a4c                fp_bypass_bypass
 .text.fp_bypass_timeout
                0x0000000008000a98       0x4c APPS/app_funcs.o
                0x0000000008000a98                fp_bypass_timeout
 .text.efx_init_list
                0x0000000008000ae4       0x68 APPS/effect/effect.o
                0x0000000008000ae4                efx_init_list
 .text.efx_get_on_index
                0x0000000008000b4c       0x18 APPS/effect/effect.o
                0x0000000008000b4c                efx_get_on_index
 .text.efx_get_fv1_base
                0x0000000008000b64        0xc APPS/effect/effect_preset.o
                0x0000000008000b64                efx_get_fv1_base
 .text.enc_init
                0x0000000008000b70       0x20 APPS/encoder/encoder.o
                0x0000000008000b70                enc_init
 .text.enc_set_val
                0x0000000008000b90        0xc APPS/encoder/encoder.o
                0x0000000008000b90                enc_set_val
 .text.enc_get_val
                0x0000000008000b9c        0xc APPS/encoder/encoder.o
                0x0000000008000b9c                enc_get_val
 .text.enc_process
                0x0000000008000ba8       0x50 APPS/encoder/encoder.o
                0x0000000008000ba8                enc_process
 .text.event_init
                0x0000000008000bf8       0x10 APPS/event/event.o
                0x0000000008000bf8                event_init
 .text.event_push_node
                0x0000000008000c08       0x24 APPS/event/event.o
                0x0000000008000c08                event_push_node
 .text.event_pop_node
                0x0000000008000c2c        0xc APPS/event/event.o
                0x0000000008000c2c                event_pop_node
 .text.event_create_vol_node
                0x0000000008000c38       0x28 APPS/event/event.o
                0x0000000008000c38                event_create_vol_node
 .text.event_create_btn_node
                0x0000000008000c60       0x2c APPS/event/event.o
                0x0000000008000c60                event_create_btn_node
 .text.event_create_enc_node
                0x0000000008000c8c       0x2c APPS/event/event.o
                0x0000000008000c8c                event_create_enc_node
 .text.glcd_write
                0x0000000008000cb8      0x19c APPS/glcd/ST7565R.o
                0x0000000008000cb8                glcd_write
 .text.glcd_ST7565R_init
                0x0000000008000e54      0x26c APPS/glcd/ST7565R.o
                0x0000000008000e54                glcd_ST7565R_init
 .text.glcd_init
                0x00000000080010c0      0x240 APPS/glcd/ST7565R.o
                0x00000000080010c0                glcd_init
 .text.glcd_update_bbox
                0x0000000008001300       0x48 APPS/glcd/glcd.o
                0x0000000008001300                glcd_update_bbox
 .text.glcd_reset_bbox
                0x0000000008001348       0x10 APPS/glcd/glcd.o
                0x0000000008001348                glcd_reset_bbox
 .text.glcd_clear
                0x0000000008001358       0x48 APPS/glcd/glcd.o
                0x0000000008001358                glcd_clear
 .text.glcd_clear_buffer
                0x00000000080013a0       0x40 APPS/glcd/glcd.o
                0x00000000080013a0                glcd_clear_buffer
 .text.glcd_select_buffer
                0x00000000080013e0        0xc APPS/glcd/glcd.o
                0x00000000080013e0                glcd_select_buffer
 .text.glcd_set_pixel
                0x00000000080013ec       0x44 APPS/glcd/glcd_graphics.o
                0x00000000080013ec                glcd_set_pixel
 .text.glcd_draw_rect_fill
                0x0000000008001430       0xf0 APPS/glcd/glcd_graphics.o
                0x0000000008001430                glcd_draw_rect_fill
 .text.glcd_draw_rect_thick
                0x0000000008001520      0x294 APPS/glcd/glcd_graphics.o
                0x0000000008001520                glcd_draw_rect_thick
 .text.glcd_bar_graph_horizontal_no_border
                0x00000000080017b4       0x2c APPS/glcd/glcd_graphs.o
                0x00000000080017b4                glcd_bar_graph_horizontal_no_border
 .text.glcd_set_font_c
                0x00000000080017e0       0x1c APPS/glcd/glcd_text.o
                0x00000000080017e0                glcd_set_font_c
 .text.glcd_draw_char_xy
                0x00000000080017fc       0xe4 APPS/glcd/glcd_text.o
                0x00000000080017fc                glcd_draw_char_xy
 .text.glcd_draw_string
                0x00000000080018e0       0x38 APPS/glcd/glcd_text.o
                0x00000000080018e0                glcd_draw_string
 .text.list_create
                0x0000000008001918       0x14 APPS/link_list/link_list.o
                0x0000000008001918                list_create
 .text.list_iter_from_head
                0x000000000800192c       0x1c APPS/link_list/link_list.o
                0x000000000800192c                list_iter_from_head
 .text.list_get_size
                0x0000000008001948        0x4 APPS/link_list/link_list.o
                0x0000000008001948                list_get_size
 .text.list_push_back
                0x000000000800194c       0x38 APPS/link_list/link_list.o
                0x000000000800194c                list_push_back
 .text.list_pop_front
                0x0000000008001984       0x48 APPS/link_list/link_list.o
                0x0000000008001984                list_pop_front
 .text.HAL_GPIO_EXTI_Callback
                0x00000000080019cc       0x28 APPS/push-btn/push_btn.o
                0x00000000080019cc                HAL_GPIO_EXTI_Callback
 .text.TM_BUTTON_Update
                0x00000000080019f4       0xc8 APPS/push-btn/push_btn.o
                0x00000000080019f4                TM_BUTTON_Update
 .text.btn_init
                0x0000000008001abc       0x88 APPS/push-btn/push_btn.o
                0x0000000008001abc                btn_init
 .text.vol_process
                0x0000000008001b44       0x58 APPS/volume/volume.o
                0x0000000008001b44                vol_process
 .text.vol_init
                0x0000000008001b9c       0x2c APPS/volume/volume.o
                0x0000000008001b9c                vol_init
 .text.vol_get_all_raw
                0x0000000008001bc8        0x8 APPS/volume/volume.o
                0x0000000008001bc8                vol_get_all_raw
 .text.HAL_InitTick
                0x0000000008001bd0       0x44 Drivers/STM32F1xx_HAL_Driver/Src/stm32f1xx_hal.o
                0x0000000008001bd0                HAL_InitTick
 .text.HAL_Init
                0x0000000008001c14       0x24 Drivers/STM32F1xx_HAL_Driver/Src/stm32f1xx_hal.o
                0x0000000008001c14                HAL_Init
 .text.HAL_IncTick
                0x0000000008001c38       0x18 Drivers/STM32F1xx_HAL_Driver/Src/stm32f1xx_hal.o
                0x0000000008001c38                HAL_IncTick
 .text.HAL_GetTick
                0x0000000008001c50        0xc Drivers/STM32F1xx_HAL_Driver/Src/stm32f1xx_hal.o
                0x0000000008001c50                HAL_GetTick
 .text.HAL_Delay
                0x0000000008001c5c       0x24 Drivers/STM32F1xx_HAL_Driver/Src/stm32f1xx_hal.o
                0x0000000008001c5c                HAL_Delay
 .text.HAL_ADC_Init
                0x0000000008001c80      0x180 Drivers/STM32F1xx_HAL_Driver/Src/stm32f1xx_hal_adc.o
                0x0000000008001c80                HAL_ADC_Init
 .text.HAL_ADC_Start_DMA
                0x0000000008001e00      0x178 Drivers/STM32F1xx_HAL_Driver/Src/stm32f1xx_hal_adc.o
                0x0000000008001e00                HAL_ADC_Start_DMA
 .text.HAL_ADC_ConvCpltCallback
                0x0000000008001f78        0x4 Drivers/STM32F1xx_HAL_Driver/Src/stm32f1xx_hal_adc.o
                0x0000000008001f78                HAL_ADC_ConvCpltCallback
 .text.ADC_DMAConvCplt
                0x0000000008001f7c       0x50 Drivers/STM32F1xx_HAL_Driver/Src/stm32f1xx_hal_adc.o
                0x0000000008001f7c                ADC_DMAConvCplt
 .text.HAL_ADC_ConvHalfCpltCallback
                0x0000000008001fcc        0x4 Drivers/STM32F1xx_HAL_Driver/Src/stm32f1xx_hal_adc.o
                0x0000000008001fcc                HAL_ADC_ConvHalfCpltCallback
 .text.ADC_DMAHalfConvCplt
                0x0000000008001fd0        0xc Drivers/STM32F1xx_HAL_Driver/Src/stm32f1xx_hal_adc.o
                0x0000000008001fd0                ADC_DMAHalfConvCplt
 .text.HAL_ADC_ErrorCallback
                0x0000000008001fdc        0x4 Drivers/STM32F1xx_HAL_Driver/Src/stm32f1xx_hal_adc.o
                0x0000000008001fdc                HAL_ADC_ErrorCallback
 .text.ADC_DMAError
                0x0000000008001fe0       0x1c Drivers/STM32F1xx_HAL_Driver/Src/stm32f1xx_hal_adc.o
                0x0000000008001fe0                ADC_DMAError
 .text.HAL_ADC_ConfigChannel
                0x0000000008001ffc      0x120 Drivers/STM32F1xx_HAL_Driver/Src/stm32f1xx_hal_adc.o
                0x0000000008001ffc                HAL_ADC_ConfigChannel
 .text.HAL_NVIC_SetPriorityGrouping
                0x000000000800211c       0x24 Drivers/STM32F1xx_HAL_Driver/Src/stm32f1xx_hal_cortex.o
                0x000000000800211c                HAL_NVIC_SetPriorityGrouping
 .text.HAL_NVIC_SetPriority
                0x0000000008002140       0x6c Drivers/STM32F1xx_HAL_Driver/Src/stm32f1xx_hal_cortex.o
                0x0000000008002140                HAL_NVIC_SetPriority
 .text.HAL_NVIC_EnableIRQ
                0x00000000080021ac       0x18 Drivers/STM32F1xx_HAL_Driver/Src/stm32f1xx_hal_cortex.o
                0x00000000080021ac                HAL_NVIC_EnableIRQ
 .text.HAL_SYSTICK_Config
                0x00000000080021c4       0x30 Drivers/STM32F1xx_HAL_Driver/Src/stm32f1xx_hal_cortex.o
                0x00000000080021c4                HAL_SYSTICK_Config
 .text.HAL_SYSTICK_CLKSourceConfig
                0x00000000080021f4       0x18 Drivers/STM32F1xx_HAL_Driver/Src/stm32f1xx_hal_cortex.o
                0x00000000080021f4                HAL_SYSTICK_CLKSourceConfig
 .text.HAL_SYSTICK_Callback
                0x000000000800220c        0x4 Drivers/STM32F1xx_HAL_Driver/Src/stm32f1xx_hal_cortex.o
                0x000000000800220c                HAL_SYSTICK_Callback
 .text.HAL_SYSTICK_IRQHandler
                0x0000000008002210        0x8 Drivers/STM32F1xx_HAL_Driver/Src/stm32f1xx_hal_cortex.o
                0x0000000008002210                HAL_SYSTICK_IRQHandler
 .text.HAL_DMA_Init
                0x0000000008002218       0x70 Drivers/STM32F1xx_HAL_Driver/Src/stm32f1xx_hal_dma.o
                0x0000000008002218                HAL_DMA_Init
 .text.HAL_DMA_Start_IT
                0x0000000008002288       0x88 Drivers/STM32F1xx_HAL_Driver/Src/stm32f1xx_hal_dma.o
                0x0000000008002288                HAL_DMA_Start_IT
 .text.HAL_DMA_IRQHandler
                0x0000000008002310      0x12c Drivers/STM32F1xx_HAL_Driver/Src/stm32f1xx_hal_dma.o
                0x0000000008002310                HAL_DMA_IRQHandler
 .text.HAL_GPIO_Init
                0x000000000800243c      0x1e0 Drivers/STM32F1xx_HAL_Driver/Src/stm32f1xx_hal_gpio.o
                0x000000000800243c                HAL_GPIO_Init
 .text.HAL_GPIO_ReadPin
                0x000000000800261c        0xc Drivers/STM32F1xx_HAL_Driver/Src/stm32f1xx_hal_gpio.o
                0x000000000800261c                HAL_GPIO_ReadPin
 .text.HAL_GPIO_WritePin
                0x0000000008002628        0x8 Drivers/STM32F1xx_HAL_Driver/Src/stm32f1xx_hal_gpio.o
                0x0000000008002628                HAL_GPIO_WritePin
 .text.HAL_GPIO_TogglePin
                0x0000000008002630        0x8 Drivers/STM32F1xx_HAL_Driver/Src/stm32f1xx_hal_gpio.o
                0x0000000008002630                HAL_GPIO_TogglePin
 .text.HAL_GPIO_EXTI_IRQHandler
                0x0000000008002638       0x18 Drivers/STM32F1xx_HAL_Driver/Src/stm32f1xx_hal_gpio.o
                0x0000000008002638                HAL_GPIO_EXTI_IRQHandler
 .text.HAL_RCC_OscConfig
                0x0000000008002650      0x3d0 Drivers/STM32F1xx_HAL_Driver/Src/stm32f1xx_hal_rcc.o
                0x0000000008002650                HAL_RCC_OscConfig
 .text.HAL_RCC_ClockConfig
                0x0000000008002a20      0x1ac Drivers/STM32F1xx_HAL_Driver/Src/stm32f1xx_hal_rcc.o
                0x0000000008002a20                HAL_RCC_ClockConfig
 .text.HAL_RCC_GetHCLKFreq
                0x0000000008002bcc        0xc Drivers/STM32F1xx_HAL_Driver/Src/stm32f1xx_hal_rcc.o
                0x0000000008002bcc                HAL_RCC_GetHCLKFreq
 .text.HAL_RCCEx_PeriphCLKConfig
                0x0000000008002bd8      0x104 Drivers/STM32F1xx_HAL_Driver/Src/stm32f1xx_hal_rcc_ex.o
                0x0000000008002bd8                HAL_RCCEx_PeriphCLKConfig
 .text.HAL_TIM_Base_Init
                0x0000000008002cdc       0x9c Drivers/STM32F1xx_HAL_Driver/Src/stm32f1xx_hal_tim.o
                0x0000000008002cdc                HAL_TIM_Base_Init
 .text.HAL_TIM_Base_Start_IT
                0x0000000008002d78       0x18 Drivers/STM32F1xx_HAL_Driver/Src/stm32f1xx_hal_tim.o
                0x0000000008002d78                HAL_TIM_Base_Start_IT
 .text.HAL_TIM_PWM_Init
                0x0000000008002d90       0x9c Drivers/STM32F1xx_HAL_Driver/Src/stm32f1xx_hal_tim.o
                0x0000000008002d90                HAL_TIM_PWM_Init
 .text.HAL_TIM_Encoder_Init
                0x0000000008002e2c      0x104 Drivers/STM32F1xx_HAL_Driver/Src/stm32f1xx_hal_tim.o
                0x0000000008002e2c                HAL_TIM_Encoder_Init
 .text.HAL_TIM_Encoder_Start
                0x0000000008002f30       0x48 Drivers/STM32F1xx_HAL_Driver/Src/stm32f1xx_hal_tim.o
                0x0000000008002f30                HAL_TIM_Encoder_Start
 .text.HAL_TIM_PWM_ConfigChannel
                0x0000000008002f78      0x1f4 Drivers/STM32F1xx_HAL_Driver/Src/stm32f1xx_hal_tim.o
                0x0000000008002f78                HAL_TIM_PWM_ConfigChannel
 .text.HAL_TIM_ConfigClockSource
                0x000000000800316c      0x184 Drivers/STM32F1xx_HAL_Driver/Src/stm32f1xx_hal_tim.o
                0x000000000800316c                HAL_TIM_ConfigClockSource
 .text.HAL_TIM_OC_DelayElapsedCallback
                0x00000000080032f0        0x4 Drivers/STM32F1xx_HAL_Driver/Src/stm32f1xx_hal_tim.o
                0x00000000080032f0                HAL_TIM_OC_DelayElapsedCallback
 .text.HAL_TIM_IC_CaptureCallback
                0x00000000080032f4        0x4 Drivers/STM32F1xx_HAL_Driver/Src/stm32f1xx_hal_tim.o
                0x00000000080032f4                HAL_TIM_IC_CaptureCallback
 .text.HAL_TIM_PWM_PulseFinishedCallback
                0x00000000080032f8        0x4 Drivers/STM32F1xx_HAL_Driver/Src/stm32f1xx_hal_tim.o
                0x00000000080032f8                HAL_TIM_PWM_PulseFinishedCallback
 .text.HAL_TIM_TriggerCallback
                0x00000000080032fc        0x4 Drivers/STM32F1xx_HAL_Driver/Src/stm32f1xx_hal_tim.o
                0x00000000080032fc                HAL_TIM_TriggerCallback
 .text.HAL_TIM_IRQHandler
                0x0000000008003300      0x154 Drivers/STM32F1xx_HAL_Driver/Src/stm32f1xx_hal_tim.o
                0x0000000008003300                HAL_TIM_IRQHandler
 .text.HAL_TIMEx_ConfigBreakDeadTime
                0x0000000008003454       0x54 Drivers/STM32F1xx_HAL_Driver/Src/stm32f1xx_hal_tim_ex.o
                0x0000000008003454                HAL_TIMEx_ConfigBreakDeadTime
 .text.HAL_TIMEx_MasterConfigSynchronization
                0x00000000080034a8       0x4c Drivers/STM32F1xx_HAL_Driver/Src/stm32f1xx_hal_tim_ex.o
                0x00000000080034a8                HAL_TIMEx_MasterConfigSynchronization
 .text.HAL_TIMEx_CommutationCallback
                0x00000000080034f4        0x4 Drivers/STM32F1xx_HAL_Driver/Src/stm32f1xx_hal_tim_ex.o
                0x00000000080034f4                HAL_TIMEx_CommutationCallback
 .text.HAL_TIMEx_BreakCallback
                0x00000000080034f8        0x4 Drivers/STM32F1xx_HAL_Driver/Src/stm32f1xx_hal_tim_ex.o
                0x00000000080034f8                HAL_TIMEx_BreakCallback
 .text.MX_ADC1_Init
                0x00000000080034fc       0x9c Src/adc.o
                0x00000000080034fc                MX_ADC1_Init
 .text.HAL_ADC_MspInit
                0x0000000008003598       0x8c Src/adc.o
                0x0000000008003598                HAL_ADC_MspInit
 .text.MX_DMA_Init
                0x0000000008003624       0x34 Src/dma.o
                0x0000000008003624                MX_DMA_Init
 .text.MX_GPIO_Init
                0x0000000008003658       0xd4 Src/gpio.o
                0x0000000008003658                MX_GPIO_Init
 .text.HAL_TIM_PeriodElapsedCallback
                0x000000000800372c       0x34 Src/main.o
                0x000000000800372c                HAL_TIM_PeriodElapsedCallback
 .text._Error_Handler
                0x0000000008003760       0x60 Src/main.o
                0x0000000008003760                _Error_Handler
 .text.SystemClock_Config
                0x00000000080037c0       0xa0 Src/main.o
                0x00000000080037c0                SystemClock_Config
 .text.startup.main
                0x0000000008003860       0x64 Src/main.o
                0x0000000008003860                main
 .text.HAL_MspInit
                0x00000000080038c4       0xa0 Src/stm32f1xx_hal_msp.o
                0x00000000080038c4                HAL_MspInit
 .text.NMI_Handler
                0x0000000008003964        0x4 Src/stm32f1xx_it.o
                0x0000000008003964                NMI_Handler
 .text.HardFault_Handler
                0x0000000008003968        0x4 Src/stm32f1xx_it.o
                0x0000000008003968                HardFault_Handler
 .text.MemManage_Handler
                0x000000000800396c        0x4 Src/stm32f1xx_it.o
                0x000000000800396c                MemManage_Handler
 .text.BusFault_Handler
                0x0000000008003970        0x4 Src/stm32f1xx_it.o
                0x0000000008003970                BusFault_Handler
 .text.UsageFault_Handler
                0x0000000008003974        0x4 Src/stm32f1xx_it.o
                0x0000000008003974                UsageFault_Handler
 .text.SVC_Handler
                0x0000000008003978        0x4 Src/stm32f1xx_it.o
                0x0000000008003978                SVC_Handler
 .text.DebugMon_Handler
                0x000000000800397c        0x4 Src/stm32f1xx_it.o
                0x000000000800397c                DebugMon_Handler
 .text.PendSV_Handler
                0x0000000008003980        0x4 Src/stm32f1xx_it.o
                0x0000000008003980                PendSV_Handler
 .text.SysTick_Handler
                0x0000000008003984       0x10 Src/stm32f1xx_it.o
                0x0000000008003984                SysTick_Handler
 .text.DMA1_Channel1_IRQHandler
                0x0000000008003994        0xc Src/stm32f1xx_it.o
                0x0000000008003994                DMA1_Channel1_IRQHandler
 .text.EXTI9_5_IRQHandler
                0x00000000080039a0        0x8 Src/stm32f1xx_it.o
                0x00000000080039a0                EXTI9_5_IRQHandler
 .text.TIM2_IRQHandler
                0x00000000080039a8        0xc Src/stm32f1xx_it.o
                0x00000000080039a8                TIM2_IRQHandler
 .text.EXTI15_10_IRQHandler
                0x00000000080039b4        0x8 Src/stm32f1xx_it.o
                0x00000000080039b4                EXTI15_10_IRQHandler
 .text.SystemInit
                0x00000000080039bc       0x50 Src/system_stm32f1xx.o
                0x00000000080039bc                SystemInit
 .text.MX_TIM1_Init
                0x0000000008003a0c      0x104 Src/tim.o
                0x0000000008003a0c                MX_TIM1_Init
 .text.MX_TIM2_Init
                0x0000000008003b10       0x74 Src/tim.o
                0x0000000008003b10                MX_TIM2_Init
 .text.MX_TIM4_Init
                0x0000000008003b84       0x6c Src/tim.o
                0x0000000008003b84                MX_TIM4_Init
 .text.HAL_TIM_PWM_MspInit
                0x0000000008003bf0       0x2c Src/tim.o
                0x0000000008003bf0                HAL_TIM_PWM_MspInit
 .text.HAL_TIM_Base_MspInit
                0x0000000008003c1c       0x38 Src/tim.o
                0x0000000008003c1c                HAL_TIM_Base_MspInit
 .text.HAL_TIM_Encoder_MspInit
                0x0000000008003c54       0x44 Src/tim.o
                0x0000000008003c54                HAL_TIM_Encoder_MspInit
 .text.Reset_Handler
                0x0000000008003c98       0x48 startup/startup_stm32f103xb.o
                0x0000000008003c98                Reset_Handler
 .text.Default_Handler
                0x0000000008003ce0        0x2 startup/startup_stm32f103xb.o
                0x0000000008003ce0                RTC_Alarm_IRQHandler
                0x0000000008003ce0                EXTI2_IRQHandler
                0x0000000008003ce0                TIM1_CC_IRQHandler
                0x0000000008003ce0                PVD_IRQHandler
                0x0000000008003ce0                EXTI3_IRQHandler
                0x0000000008003ce0                EXTI0_IRQHandler
                0x0000000008003ce0                I2C2_EV_IRQHandler
                0x0000000008003ce0                ADC1_2_IRQHandler
                0x0000000008003ce0                SPI1_IRQHandler
                0x0000000008003ce0                TAMPER_IRQHandler
                0x0000000008003ce0                DMA1_Channel4_IRQHandler
                0x0000000008003ce0                USART3_IRQHandler
                0x0000000008003ce0                RTC_IRQHandler
                0x0000000008003ce0                DMA1_Channel7_IRQHandler
                0x0000000008003ce0                CAN1_RX1_IRQHandler
                0x0000000008003ce0                TIM4_IRQHandler
                0x0000000008003ce0                I2C1_EV_IRQHandler
                0x0000000008003ce0                DMA1_Channel6_IRQHandler
                0x0000000008003ce0                TIM3_IRQHandler
                0x0000000008003ce0                RCC_IRQHandler
                0x0000000008003ce0                TIM1_TRG_COM_IRQHandler
                0x0000000008003ce0                Default_Handler
                0x0000000008003ce0                SPI2_IRQHandler
                0x0000000008003ce0                DMA1_Channel5_IRQHandler
                0x0000000008003ce0                EXTI4_IRQHandler
                0x0000000008003ce0                USB_LP_CAN1_RX0_IRQHandler
                0x0000000008003ce0                USB_HP_CAN1_TX_IRQHandler
                0x0000000008003ce0                DMA1_Channel3_IRQHandler
                0x0000000008003ce0                TIM1_UP_IRQHandler
                0x0000000008003ce0                WWDG_IRQHandler
                0x0000000008003ce0                TIM1_BRK_IRQHandler
                0x0000000008003ce0                EXTI1_IRQHandler
                0x0000000008003ce0                USART2_IRQHandler
                0x0000000008003ce0                I2C2_ER_IRQHandler
                0x0000000008003ce0                DMA1_Channel2_IRQHandler
                0x0000000008003ce0                CAN1_SCE_IRQHandler
                0x0000000008003ce0                FLASH_IRQHandler
                0x0000000008003ce0                USART1_IRQHandler
                0x0000000008003ce0                I2C1_ER_IRQHandler
                0x0000000008003ce0                USBWakeUp_IRQHandler
 *fill*         0x0000000008003ce2        0x2 
 .text.__libc_init_array
                0x0000000008003ce4       0x48 /home/sam/Ac6/SystemWorkbench/plugins/fr.ac6.mcu.externaltools.arm-none.linux64_1.16.0.201807130628/tools/compiler/bin/../lib/gcc/arm-none-eabi/7.2.1/../../../../arm-none-eabi/lib/thumb/v7-m/libc_nano.a(lib_a-init.o)
                0x0000000008003ce4                __libc_init_array
 .text.malloc   0x0000000008003d2c       0x10 /home/sam/Ac6/SystemWorkbench/plugins/fr.ac6.mcu.externaltools.arm-none.linux64_1.16.0.201807130628/tools/compiler/bin/../lib/gcc/arm-none-eabi/7.2.1/../../../../arm-none-eabi/lib/thumb/v7-m/libc_nano.a(lib_a-malloc.o)
                0x0000000008003d2c                malloc
 .text.free     0x0000000008003d3c       0x10 /home/sam/Ac6/SystemWorkbench/plugins/fr.ac6.mcu.externaltools.arm-none.linux64_1.16.0.201807130628/tools/compiler/bin/../lib/gcc/arm-none-eabi/7.2.1/../../../../arm-none-eabi/lib/thumb/v7-m/libc_nano.a(lib_a-malloc.o)
                0x0000000008003d3c                free
 .text.memcpy   0x0000000008003d4c       0x16 /home/sam/Ac6/SystemWorkbench/plugins/fr.ac6.mcu.externaltools.arm-none.linux64_1.16.0.201807130628/tools/compiler/bin/../lib/gcc/arm-none-eabi/7.2.1/../../../../arm-none-eabi/lib/thumb/v7-m/libc_nano.a(lib_a-memcpy-stub.o)
                0x0000000008003d4c                memcpy
 .text.memset   0x0000000008003d62       0x10 /home/sam/Ac6/SystemWorkbench/plugins/fr.ac6.mcu.externaltools.arm-none.linux64_1.16.0.201807130628/tools/compiler/bin/../lib/gcc/arm-none-eabi/7.2.1/../../../../arm-none-eabi/lib/thumb/v7-m/libc_nano.a(lib_a-memset.o)
                0x0000000008003d62                memset
 *fill*         0x0000000008003d72        0x2 
 .text._free_r  0x0000000008003d74       0x98 /home/sam/Ac6/SystemWorkbench/plugins/fr.ac6.mcu.externaltools.arm-none.linux64_1.16.0.201807130628/tools/compiler/bin/../lib/gcc/arm-none-eabi/7.2.1/../../../../arm-none-eabi/lib/thumb/v7-m/libc_nano.a(lib_a-nano-freer.o)
                0x0000000008003d74                _free_r
 .text._malloc_r
                0x0000000008003e0c       0xb4 /home/sam/Ac6/SystemWorkbench/plugins/fr.ac6.mcu.externaltools.arm-none.linux64_1.16.0.201807130628/tools/compiler/bin/../lib/gcc/arm-none-eabi/7.2.1/../../../../arm-none-eabi/lib/thumb/v7-m/libc_nano.a(lib_a-nano-mallocr.o)
                0x0000000008003e0c                _malloc_r
 .text._sbrk_r  0x0000000008003ec0       0x20 /home/sam/Ac6/SystemWorkbench/plugins/fr.ac6.mcu.externaltools.arm-none.linux64_1.16.0.201807130628/tools/compiler/bin/../lib/gcc/arm-none-eabi/7.2.1/../../../../arm-none-eabi/lib/thumb/v7-m/libc_nano.a(lib_a-sbrkr.o)
                0x0000000008003ec0                _sbrk_r
 .text.sprintf  0x0000000008003ee0       0x40 /home/sam/Ac6/SystemWorkbench/plugins/fr.ac6.mcu.externaltools.arm-none.linux64_1.16.0.201807130628/tools/compiler/bin/../lib/gcc/arm-none-eabi/7.2.1/../../../../arm-none-eabi/lib/thumb/v7-m/libc_nano.a(lib_a-sprintf.o)
                0x0000000008003ee0                sprintf
                0x0000000008003ee0                siprintf
 .text.__malloc_lock
                0x0000000008003f20        0x2 /home/sam/Ac6/SystemWorkbench/plugins/fr.ac6.mcu.externaltools.arm-none.linux64_1.16.0.201807130628/tools/compiler/bin/../lib/gcc/arm-none-eabi/7.2.1/../../../../arm-none-eabi/lib/thumb/v7-m/libc_nano.a(lib_a-mlock.o)
                0x0000000008003f20                __malloc_lock
 .text.__malloc_unlock
                0x0000000008003f22        0x2 /home/sam/Ac6/SystemWorkbench/plugins/fr.ac6.mcu.externaltools.arm-none.linux64_1.16.0.201807130628/tools/compiler/bin/../lib/gcc/arm-none-eabi/7.2.1/../../../../arm-none-eabi/lib/thumb/v7-m/libc_nano.a(lib_a-mlock.o)
                0x0000000008003f22                __malloc_unlock
 .text.__ssputs_r
                0x0000000008003f24       0xb4 /home/sam/Ac6/SystemWorkbench/plugins/fr.ac6.mcu.externaltools.arm-none.linux64_1.16.0.201807130628/tools/compiler/bin/../lib/gcc/arm-none-eabi/7.2.1/../../../../arm-none-eabi/lib/thumb/v7-m/libc_nano.a(lib_a-nano-svfprintf.o)
                0x0000000008003f24                __ssputs_r
 .text._svfprintf_r
                0x0000000008003fd8      0x1ec /home/sam/Ac6/SystemWorkbench/plugins/fr.ac6.mcu.externaltools.arm-none.linux64_1.16.0.201807130628/tools/compiler/bin/../lib/gcc/arm-none-eabi/7.2.1/../../../../arm-none-eabi/lib/thumb/v7-m/libc_nano.a(lib_a-nano-svfprintf.o)
                0x0000000008003fd8                _svfprintf_r
                0x0000000008003fd8                _svfiprintf_r
 .text._printf_common
                0x00000000080041c4       0xec /home/sam/Ac6/SystemWorkbench/plugins/fr.ac6.mcu.externaltools.arm-none.linux64_1.16.0.201807130628/tools/compiler/bin/../lib/gcc/arm-none-eabi/7.2.1/../../../../arm-none-eabi/lib/thumb/v7-m/libc_nano.a(lib_a-nano-vfprintf_i.o)
                0x00000000080041c4                _printf_common
 .text._printf_i
                0x00000000080042b0      0x224 /home/sam/Ac6/SystemWorkbench/plugins/fr.ac6.mcu.externaltools.arm-none.linux64_1.16.0.201807130628/tools/compiler/bin/../lib/gcc/arm-none-eabi/7.2.1/../../../../arm-none-eabi/lib/thumb/v7-m/libc_nano.a(lib_a-nano-vfprintf_i.o)
                0x00000000080042b0                _printf_i
 .text.memchr   0x00000000080044d4       0x1c /home/sam/Ac6/SystemWorkbench/plugins/fr.ac6.mcu.externaltools.arm-none.linux64_1.16.0.201807130628/tools/compiler/bin/../lib/gcc/arm-none-eabi/7.2.1/../../../../arm-none-eabi/lib/thumb/v7-m/libc_nano.a(lib_a-memchr-stub.o)
                0x00000000080044d4                memchr
 .text.memmove  0x00000000080044f0       0x32 /home/sam/Ac6/SystemWorkbench/plugins/fr.ac6.mcu.externaltools.arm-none.linux64_1.16.0.201807130628/tools/compiler/bin/../lib/gcc/arm-none-eabi/7.2.1/../../../../arm-none-eabi/lib/thumb/v7-m/libc_nano.a(lib_a-memmove.o)
                0x00000000080044f0                memmove
 .text._realloc_r
                0x0000000008004522       0x4c /home/sam/Ac6/SystemWorkbench/plugins/fr.ac6.mcu.externaltools.arm-none.linux64_1.16.0.201807130628/tools/compiler/bin/../lib/gcc/arm-none-eabi/7.2.1/../../../../arm-none-eabi/lib/thumb/v7-m/libc_nano.a(lib_a-nano-reallocr.o)
                0x0000000008004522                _realloc_r
 .text._malloc_usable_size_r
                0x000000000800456e       0x10 /home/sam/Ac6/SystemWorkbench/plugins/fr.ac6.mcu.externaltools.arm-none.linux64_1.16.0.201807130628/tools/compiler/bin/../lib/gcc/arm-none-eabi/7.2.1/../../../../arm-none-eabi/lib/thumb/v7-m/libc_nano.a(lib_a-nano-msizer.o)
                0x000000000800456e                _malloc_usable_size_r
 *fill*         0x000000000800457e        0x2 
 .text._sbrk    0x0000000008004580       0x1c /home/sam/Ac6/SystemWorkbench/plugins/fr.ac6.mcu.externaltools.arm-none.linux64_1.16.0.201807130628/tools/compiler/bin/../lib/gcc/arm-none-eabi/7.2.1/../../../../arm-none-eabi/lib/thumb/v7-m/libnosys.a(sbrk.o)
                0x0000000008004580                _sbrk
 *(.glue_7)
 .glue_7        0x000000000800459c        0x0 linker stubs
 *(.glue_7t)
 .glue_7t       0x000000000800459c        0x0 linker stubs
 *(.eh_frame)
 .eh_frame      0x000000000800459c        0x0 /home/sam/Ac6/SystemWorkbench/plugins/fr.ac6.mcu.externaltools.arm-none.linux64_1.16.0.201807130628/tools/compiler/bin/../lib/gcc/arm-none-eabi/7.2.1/thumb/v7-m/crtbegin.o
 *(.init)
 .init          0x000000000800459c        0x4 /home/sam/Ac6/SystemWorkbench/plugins/fr.ac6.mcu.externaltools.arm-none.linux64_1.16.0.201807130628/tools/compiler/bin/../lib/gcc/arm-none-eabi/7.2.1/thumb/v7-m/crti.o
                0x000000000800459c                _init
 .init          0x00000000080045a0        0x8 /home/sam/Ac6/SystemWorkbench/plugins/fr.ac6.mcu.externaltools.arm-none.linux64_1.16.0.201807130628/tools/compiler/bin/../lib/gcc/arm-none-eabi/7.2.1/thumb/v7-m/crtn.o
 *(.fini)
 .fini          0x00000000080045a8        0x4 /home/sam/Ac6/SystemWorkbench/plugins/fr.ac6.mcu.externaltools.arm-none.linux64_1.16.0.201807130628/tools/compiler/bin/../lib/gcc/arm-none-eabi/7.2.1/thumb/v7-m/crti.o
                0x00000000080045a8                _fini
 .fini          0x00000000080045ac        0x8 /home/sam/Ac6/SystemWorkbench/plugins/fr.ac6.mcu.externaltools.arm-none.linux64_1.16.0.201807130628/tools/compiler/bin/../lib/gcc/arm-none-eabi/7.2.1/thumb/v7-m/crtn.o
                0x00000000080045b4                . = ALIGN (0x4)
                0x00000000080045b4                _etext = .

.vfp11_veneer   0x00000000080045b4        0x0
 .vfp11_veneer  0x00000000080045b4        0x0 linker stubs

.v4_bx          0x00000000080045b4        0x0
 .v4_bx         0x00000000080045b4        0x0 linker stubs

.iplt           0x00000000080045b4        0x0
 .iplt          0x00000000080045b4        0x0 /home/sam/Ac6/SystemWorkbench/plugins/fr.ac6.mcu.externaltools.arm-none.linux64_1.16.0.201807130628/tools/compiler/bin/../lib/gcc/arm-none-eabi/7.2.1/thumb/v7-m/crtbegin.o

.rodata         0x00000000080045b4     0x528c
                0x00000000080045b4                . = ALIGN (0x4)
 *(.rodata)
 .rodata        0x00000000080045b4       0xf6 APPS/app_funcs.o
 *fill*         0x00000000080046aa        0x2 
 .rodata        0x00000000080046ac     0x4fc0 APPS/glcd/fonts/fonts.o
                0x00000000080046ac                FC_Default_Font_5x8_AlphaNumber
                0x00000000080046b4                FC_Tekton_Pro_Ext27x28_AlphaNumber
                0x00000000080046bc                FC_Tahoma11x13_AlphaNumber
                0x00000000080046c4                FC_Liberation_Sans17x17_Alpha
                0x00000000080046cc                FC_Liberation_Sans27x36_Numbers
                0x00000000080046d4                FC_Liberation_Sans20x28_Numbers
                0x00000000080046dc                FC_Liberation_Sans15x21_Numbers
                0x00000000080046e4                FC_Liberation_Sans11x14_Numbers
                0x00000000080046ec                FC_Bebas_Neue20x36_Bold_Numbers
                0x00000000080046f4                FC_Bebas_Neue18x36_Numbers
 .rodata        0x000000000800966c       0x10 Drivers/STM32F1xx_HAL_Driver/Src/stm32f1xx_hal_rcc.o
 .rodata        0x000000000800967c       0x18 Src/system_stm32f1xx.o
                0x000000000800967c                AHBPrescTable
                0x000000000800968c                APBPrescTable
 *(.rodata*)
 .rodata.str1.4
                0x0000000008009694        0xd APPS/app_funcs.o
 *fill*         0x00000000080096a1        0x3 
 .rodata.str1.4
                0x00000000080096a4       0x18 APPS/effect/effect.o
 .rodata.str1.4
                0x00000000080096bc       0xe4 APPS/effect/effect_preset.o
 .rodata.str1.4
                0x00000000080097a0       0x16 APPS/event/event.o
 *fill*         0x00000000080097b6        0x2 
 .rodata.str1.4
                0x00000000080097b8        0xd Src/adc.o
 *fill*         0x00000000080097c5        0x3 
 .rodata.str1.4
                0x00000000080097c8       0x32 Src/main.o
 *fill*         0x00000000080097fa        0x2 
 .rodata.str1.4
                0x00000000080097fc       0x10 Src/tim.o
                                          0xd (size before relaxing)
 .rodata._svfprintf_r.str1.1
                0x000000000800980c       0x11 /home/sam/Ac6/SystemWorkbench/plugins/fr.ac6.mcu.externaltools.arm-none.linux64_1.16.0.201807130628/tools/compiler/bin/../lib/gcc/arm-none-eabi/7.2.1/../../../../arm-none-eabi/lib/thumb/v7-m/libc_nano.a(lib_a-nano-svfprintf.o)
 .rodata._printf_i.str1.1
                0x000000000800981d       0x22 /home/sam/Ac6/SystemWorkbench/plugins/fr.ac6.mcu.externaltools.arm-none.linux64_1.16.0.201807130628/tools/compiler/bin/../lib/gcc/arm-none-eabi/7.2.1/../../../../arm-none-eabi/lib/thumb/v7-m/libc_nano.a(lib_a-nano-vfprintf_i.o)
                0x0000000008009840                . = ALIGN (0x4)
 *fill*         0x000000000800983f        0x1 

.rel.dyn        0x0000000008009840        0x0
 .rel.iplt      0x0000000008009840        0x0 /home/sam/Ac6/SystemWorkbench/plugins/fr.ac6.mcu.externaltools.arm-none.linux64_1.16.0.201807130628/tools/compiler/bin/../lib/gcc/arm-none-eabi/7.2.1/thumb/v7-m/crtbegin.o

.ARM.extab
 *(.ARM.extab* .gnu.linkonce.armextab.*)

.ARM            0x0000000008009840        0x0
                0x0000000008009840                __exidx_start = .
 *(.ARM.exidx*)
                0x0000000008009840                __exidx_end = .

.preinit_array  0x0000000008009840        0x0
                0x0000000008009840                PROVIDE (__preinit_array_start, .)
 *(.preinit_array*)
                0x0000000008009840                PROVIDE (__preinit_array_end, .)

.init_array     0x0000000008009840        0x4
                0x0000000008009840                PROVIDE (__init_array_start, .)
 *(SORT_BY_NAME(.init_array.*))
 *(.init_array*)
 .init_array    0x0000000008009840        0x4 /home/sam/Ac6/SystemWorkbench/plugins/fr.ac6.mcu.externaltools.arm-none.linux64_1.16.0.201807130628/tools/compiler/bin/../lib/gcc/arm-none-eabi/7.2.1/thumb/v7-m/crtbegin.o
                0x0000000008009844                PROVIDE (__init_array_end, .)

.fini_array     0x0000000008009844        0x4
                [!provide]                        PROVIDE (__fini_array_start, .)
 *(SORT_BY_NAME(.fini_array.*))
 *(.fini_array*)
 .fini_array    0x0000000008009844        0x4 /home/sam/Ac6/SystemWorkbench/plugins/fr.ac6.mcu.externaltools.arm-none.linux64_1.16.0.201807130628/tools/compiler/bin/../lib/gcc/arm-none-eabi/7.2.1/thumb/v7-m/crtbegin.o
                [!provide]                        PROVIDE (__fini_array_end, .)
                0x0000000008009848                _sidata = LOADADDR (.data)

.data           0x0000000020000000      0x250 load address 0x0000000008009848
                0x0000000020000000                . = ALIGN (0x4)
                0x0000000020000000                _sdata = .
 *(.data)
 .data          0x0000000020000000       0x60 APPS/app.o
                0x0000000020000000                SM_FP_POOL
 .data          0x0000000020000060      0x180 APPS/effect/effect_preset.o
                0x0000000020000060                efx_preset_box
 .data          0x00000000200001e0        0x8 Drivers/STM32F1xx_HAL_Driver/Src/stm32f1xx_hal.o
                0x00000000200001e0                uwTickFreq
                0x00000000200001e4                uwTickPrio
 .data          0x00000000200001e8        0x4 Src/system_stm32f1xx.o
                0x00000000200001e8                SystemCoreClock
 *(.data*)
 .data._impure_ptr
                0x00000000200001ec        0x4 /home/sam/Ac6/SystemWorkbench/plugins/fr.ac6.mcu.externaltools.arm-none.linux64_1.16.0.201807130628/tools/compiler/bin/../lib/gcc/arm-none-eabi/7.2.1/../../../../arm-none-eabi/lib/thumb/v7-m/libc_nano.a(lib_a-impure.o)
                0x00000000200001ec                _impure_ptr
 .data.impure_data
                0x00000000200001f0       0x60 /home/sam/Ac6/SystemWorkbench/plugins/fr.ac6.mcu.externaltools.arm-none.linux64_1.16.0.201807130628/tools/compiler/bin/../lib/gcc/arm-none-eabi/7.2.1/../../../../arm-none-eabi/lib/thumb/v7-m/libc_nano.a(lib_a-impure.o)
                0x0000000020000250                . = ALIGN (0x4)
                0x0000000020000250                _edata = .

.igot.plt       0x0000000020000250        0x0 load address 0x0000000008009a98
 .igot.plt      0x0000000020000250        0x0 /home/sam/Ac6/SystemWorkbench/plugins/fr.ac6.mcu.externaltools.arm-none.linux64_1.16.0.201807130628/tools/compiler/bin/../lib/gcc/arm-none-eabi/7.2.1/thumb/v7-m/crtbegin.o
                0x0000000020000250                . = ALIGN (0x4)

.bss            0x0000000020000250      0x5ec load address 0x0000000008009a98
                0x0000000020000250                _sbss = .
                0x0000000020000250                __bss_start__ = _sbss
 *(.bss)
 .bss           0x0000000020000250       0x1c /home/sam/Ac6/SystemWorkbench/plugins/fr.ac6.mcu.externaltools.arm-none.linux64_1.16.0.201807130628/tools/compiler/bin/../lib/gcc/arm-none-eabi/7.2.1/thumb/v7-m/crtbegin.o
 .bss           0x000000002000026c        0x4 APPS/encoder/encoder.o
 .bss           0x0000000020000270        0x4 APPS/event/event.o
 .bss           0x0000000020000274       0x10 APPS/push-btn/push_btn.o
 .bss           0x0000000020000284       0x1c APPS/volume/volume.o
 .bss           0x00000000200002a0        0x4 Src/main.o
 *(.bss*)
 .bss.__malloc_free_list
                0x00000000200002a4        0x4 /home/sam/Ac6/SystemWorkbench/plugins/fr.ac6.mcu.externaltools.arm-none.linux64_1.16.0.201807130628/tools/compiler/bin/../lib/gcc/arm-none-eabi/7.2.1/../../../../arm-none-eabi/lib/thumb/v7-m/libc_nano.a(lib_a-nano-mallocr.o)
                0x00000000200002a4                __malloc_free_list
 .bss.__malloc_sbrk_start
                0x00000000200002a8        0x4 /home/sam/Ac6/SystemWorkbench/plugins/fr.ac6.mcu.externaltools.arm-none.linux64_1.16.0.201807130628/tools/compiler/bin/../lib/gcc/arm-none-eabi/7.2.1/../../../../arm-none-eabi/lib/thumb/v7-m/libc_nano.a(lib_a-nano-mallocr.o)
                0x00000000200002a8                __malloc_sbrk_start
 .bss.heap_end.4102
                0x00000000200002ac        0x4 /home/sam/Ac6/SystemWorkbench/plugins/fr.ac6.mcu.externaltools.arm-none.linux64_1.16.0.201807130628/tools/compiler/bin/../lib/gcc/arm-none-eabi/7.2.1/../../../../arm-none-eabi/lib/thumb/v7-m/libnosys.a(sbrk.o)
 *(COMMON)
 COMMON         0x00000000200002b0       0x1c APPS/app.o
                0x00000000200002b0                g_sm_handle
 COMMON         0x00000000200002cc       0x14 APPS/app_funcs.o
                0x00000000200002cc                tmp_str
 COMMON         0x00000000200002e0       0x10 APPS/effect/effect.o
                0x00000000200002e0                efx_list_iter
                0x00000000200002ec                efx_list
 COMMON         0x00000000200002f0      0x408 APPS/glcd/glcd.o
                0x00000000200002f0                glcd_bbox
                0x00000000200002f4                glcd_buffer
                0x00000000200006f4                glcd_buffer_selected
 COMMON         0x00000000200006f8        0x8 APPS/glcd/glcd_text.o
                0x00000000200006f8                font_current
 COMMON         0x0000000020000700        0x4 Drivers/STM32F1xx_HAL_Driver/Src/stm32f1xx_hal.o
                0x0000000020000700                uwTick
 COMMON         0x0000000020000704       0x74 Src/adc.o
                0x0000000020000704                hadc1
                0x0000000020000734                hdma_adc1
 COMMON         0x0000000020000778       0xc0 Src/tim.o
                0x0000000020000778                htim4
                0x00000000200007b8                htim1
                0x00000000200007f8                htim2
 COMMON         0x0000000020000838        0x4 /home/sam/Ac6/SystemWorkbench/plugins/fr.ac6.mcu.externaltools.arm-none.linux64_1.16.0.201807130628/tools/compiler/bin/../lib/gcc/arm-none-eabi/7.2.1/../../../../arm-none-eabi/lib/thumb/v7-m/libc_nano.a(lib_a-reent.o)
                0x0000000020000838                errno
                0x000000002000083c                . = ALIGN (0x4)
                0x000000002000083c                _ebss = .
                0x000000002000083c                __bss_end__ = _ebss

._user_heap_stack
                0x000000002000083c      0x604 load address 0x0000000008009a98
                0x0000000020000840                . = ALIGN (0x8)
 *fill*         0x000000002000083c        0x4 
                0x0000000020000840                PROVIDE (end, .)
                [!provide]                        PROVIDE (_end, .)
                0x0000000020000a40                . = (. + _Min_Heap_Size)
 *fill*         0x0000000020000840      0x200 
                0x0000000020000e40                . = (. + _Min_Stack_Size)
 *fill*         0x0000000020000a40      0x400 
                0x0000000020000e40                . = ALIGN (0x8)

/DISCARD/
 libc.a(*)
 libm.a(*)
 libgcc.a(*)

.ARM.attributes
                0x0000000000000000       0x29
 *(.ARM.attributes)
 .ARM.attributes
                0x0000000000000000       0x1d /home/sam/Ac6/SystemWorkbench/plugins/fr.ac6.mcu.externaltools.arm-none.linux64_1.16.0.201807130628/tools/compiler/bin/../lib/gcc/arm-none-eabi/7.2.1/thumb/v7-m/crti.o
 .ARM.attributes
                0x000000000000001d       0x2d /home/sam/Ac6/SystemWorkbench/plugins/fr.ac6.mcu.externaltools.arm-none.linux64_1.16.0.201807130628/tools/compiler/bin/../lib/gcc/arm-none-eabi/7.2.1/thumb/v7-m/crtbegin.o
 .ARM.attributes
                0x000000000000004a       0x33 APPS/app.o
 .ARM.attributes
                0x000000000000007d       0x33 APPS/app_funcs.o
 .ARM.attributes
                0x00000000000000b0       0x33 APPS/effect/effect.o
 .ARM.attributes
                0x00000000000000e3       0x33 APPS/effect/effect_preset.o
 .ARM.attributes
                0x0000000000000116       0x33 APPS/encoder/encoder.o
 .ARM.attributes
                0x0000000000000149       0x33 APPS/event/event.o
 .ARM.attributes
                0x000000000000017c       0x33 APPS/glcd/ST7565R.o
 .ARM.attributes
                0x00000000000001af       0x33 APPS/glcd/glcd.o
 .ARM.attributes
                0x00000000000001e2       0x33 APPS/glcd/glcd_graphics.o
 .ARM.attributes
                0x0000000000000215       0x33 APPS/glcd/glcd_graphs.o
 .ARM.attributes
                0x0000000000000248       0x33 APPS/glcd/glcd_text.o
 .ARM.attributes
                0x000000000000027b       0x33 APPS/glcd/fonts/fonts.o
 .ARM.attributes
                0x00000000000002ae       0x33 APPS/link_list/link_list.o
 .ARM.attributes
                0x00000000000002e1       0x33 APPS/push-btn/push_btn.o
 .ARM.attributes
                0x0000000000000314       0x33 APPS/volume/volume.o
 .ARM.attributes
                0x0000000000000347       0x33 Drivers/STM32F1xx_HAL_Driver/Src/stm32f1xx_hal.o
 .ARM.attributes
                0x000000000000037a       0x33 Drivers/STM32F1xx_HAL_Driver/Src/stm32f1xx_hal_adc.o
 .ARM.attributes
                0x00000000000003ad       0x33 Drivers/STM32F1xx_HAL_Driver/Src/stm32f1xx_hal_cortex.o
 .ARM.attributes
                0x00000000000003e0       0x33 Drivers/STM32F1xx_HAL_Driver/Src/stm32f1xx_hal_dma.o
 .ARM.attributes
                0x0000000000000413       0x33 Drivers/STM32F1xx_HAL_Driver/Src/stm32f1xx_hal_gpio.o
 .ARM.attributes
                0x0000000000000446       0x33 Drivers/STM32F1xx_HAL_Driver/Src/stm32f1xx_hal_rcc.o
 .ARM.attributes
                0x0000000000000479       0x33 Drivers/STM32F1xx_HAL_Driver/Src/stm32f1xx_hal_rcc_ex.o
 .ARM.attributes
                0x00000000000004ac       0x33 Drivers/STM32F1xx_HAL_Driver/Src/stm32f1xx_hal_tim.o
 .ARM.attributes
                0x00000000000004df       0x33 Drivers/STM32F1xx_HAL_Driver/Src/stm32f1xx_hal_tim_ex.o
 .ARM.attributes
                0x0000000000000512       0x33 Src/adc.o
 .ARM.attributes
                0x0000000000000545       0x33 Src/dma.o
 .ARM.attributes
                0x0000000000000578       0x33 Src/gpio.o
 .ARM.attributes
                0x00000000000005ab       0x33 Src/main.o
 .ARM.attributes
                0x00000000000005de       0x33 Src/stm32f1xx_hal_msp.o
 .ARM.attributes
                0x0000000000000611       0x33 Src/stm32f1xx_it.o
 .ARM.attributes
                0x0000000000000644       0x33 Src/system_stm32f1xx.o
 .ARM.attributes
                0x0000000000000677       0x33 Src/tim.o
 .ARM.attributes
                0x00000000000006aa       0x21 startup/startup_stm32f103xb.o
 .ARM.attributes
                0x00000000000006cb       0x2d /home/sam/Ac6/SystemWorkbench/plugins/fr.ac6.mcu.externaltools.arm-none.linux64_1.16.0.201807130628/tools/compiler/bin/../lib/gcc/arm-none-eabi/7.2.1/../../../../arm-none-eabi/lib/thumb/v7-m/libc_nano.a(lib_a-impure.o)
 .ARM.attributes
                0x00000000000006f8       0x2d /home/sam/Ac6/SystemWorkbench/plugins/fr.ac6.mcu.externaltools.arm-none.linux64_1.16.0.201807130628/tools/compiler/bin/../lib/gcc/arm-none-eabi/7.2.1/../../../../arm-none-eabi/lib/thumb/v7-m/libc_nano.a(lib_a-init.o)
 .ARM.attributes
                0x0000000000000725       0x2d /home/sam/Ac6/SystemWorkbench/plugins/fr.ac6.mcu.externaltools.arm-none.linux64_1.16.0.201807130628/tools/compiler/bin/../lib/gcc/arm-none-eabi/7.2.1/../../../../arm-none-eabi/lib/thumb/v7-m/libc_nano.a(lib_a-malloc.o)
 .ARM.attributes
                0x0000000000000752       0x2d /home/sam/Ac6/SystemWorkbench/plugins/fr.ac6.mcu.externaltools.arm-none.linux64_1.16.0.201807130628/tools/compiler/bin/../lib/gcc/arm-none-eabi/7.2.1/../../../../arm-none-eabi/lib/thumb/v7-m/libc_nano.a(lib_a-memcpy-stub.o)
 .ARM.attributes
                0x000000000000077f       0x2d /home/sam/Ac6/SystemWorkbench/plugins/fr.ac6.mcu.externaltools.arm-none.linux64_1.16.0.201807130628/tools/compiler/bin/../lib/gcc/arm-none-eabi/7.2.1/../../../../arm-none-eabi/lib/thumb/v7-m/libc_nano.a(lib_a-memset.o)
 .ARM.attributes
                0x00000000000007ac       0x2d /home/sam/Ac6/SystemWorkbench/plugins/fr.ac6.mcu.externaltools.arm-none.linux64_1.16.0.201807130628/tools/compiler/bin/../lib/gcc/arm-none-eabi/7.2.1/../../../../arm-none-eabi/lib/thumb/v7-m/libc_nano.a(lib_a-nano-freer.o)
 .ARM.attributes
                0x00000000000007d9       0x2d /home/sam/Ac6/SystemWorkbench/plugins/fr.ac6.mcu.externaltools.arm-none.linux64_1.16.0.201807130628/tools/compiler/bin/../lib/gcc/arm-none-eabi/7.2.1/../../../../arm-none-eabi/lib/thumb/v7-m/libc_nano.a(lib_a-nano-mallocr.o)
 .ARM.attributes
                0x0000000000000806       0x2d /home/sam/Ac6/SystemWorkbench/plugins/fr.ac6.mcu.externaltools.arm-none.linux64_1.16.0.201807130628/tools/compiler/bin/../lib/gcc/arm-none-eabi/7.2.1/../../../../arm-none-eabi/lib/thumb/v7-m/libc_nano.a(lib_a-sbrkr.o)
 .ARM.attributes
                0x0000000000000833       0x2d /home/sam/Ac6/SystemWorkbench/plugins/fr.ac6.mcu.externaltools.arm-none.linux64_1.16.0.201807130628/tools/compiler/bin/../lib/gcc/arm-none-eabi/7.2.1/../../../../arm-none-eabi/lib/thumb/v7-m/libc_nano.a(lib_a-sprintf.o)
 .ARM.attributes
                0x0000000000000860       0x2d /home/sam/Ac6/SystemWorkbench/plugins/fr.ac6.mcu.externaltools.arm-none.linux64_1.16.0.201807130628/tools/compiler/bin/../lib/gcc/arm-none-eabi/7.2.1/../../../../arm-none-eabi/lib/thumb/v7-m/libc_nano.a(lib_a-mlock.o)
 .ARM.attributes
                0x000000000000088d       0x2d /home/sam/Ac6/SystemWorkbench/plugins/fr.ac6.mcu.externaltools.arm-none.linux64_1.16.0.201807130628/tools/compiler/bin/../lib/gcc/arm-none-eabi/7.2.1/../../../../arm-none-eabi/lib/thumb/v7-m/libc_nano.a(lib_a-nano-svfprintf.o)
 .ARM.attributes
                0x00000000000008ba       0x2d /home/sam/Ac6/SystemWorkbench/plugins/fr.ac6.mcu.externaltools.arm-none.linux64_1.16.0.201807130628/tools/compiler/bin/../lib/gcc/arm-none-eabi/7.2.1/../../../../arm-none-eabi/lib/thumb/v7-m/libc_nano.a(lib_a-nano-vfprintf_i.o)
 .ARM.attributes
                0x00000000000008e7       0x2d /home/sam/Ac6/SystemWorkbench/plugins/fr.ac6.mcu.externaltools.arm-none.linux64_1.16.0.201807130628/tools/compiler/bin/../lib/gcc/arm-none-eabi/7.2.1/../../../../arm-none-eabi/lib/thumb/v7-m/libc_nano.a(lib_a-reent.o)
 .ARM.attributes
                0x0000000000000914       0x2d /home/sam/Ac6/SystemWorkbench/plugins/fr.ac6.mcu.externaltools.arm-none.linux64_1.16.0.201807130628/tools/compiler/bin/../lib/gcc/arm-none-eabi/7.2.1/../../../../arm-none-eabi/lib/thumb/v7-m/libc_nano.a(lib_a-memchr-stub.o)
 .ARM.attributes
                0x0000000000000941       0x2d /home/sam/Ac6/SystemWorkbench/plugins/fr.ac6.mcu.externaltools.arm-none.linux64_1.16.0.201807130628/tools/compiler/bin/../lib/gcc/arm-none-eabi/7.2.1/../../../../arm-none-eabi/lib/thumb/v7-m/libc_nano.a(lib_a-memmove.o)
 .ARM.attributes
                0x000000000000096e       0x2d /home/sam/Ac6/SystemWorkbench/plugins/fr.ac6.mcu.externaltools.arm-none.linux64_1.16.0.201807130628/tools/compiler/bin/../lib/gcc/arm-none-eabi/7.2.1/../../../../arm-none-eabi/lib/thumb/v7-m/libc_nano.a(lib_a-nano-reallocr.o)
 .ARM.attributes
                0x000000000000099b       0x2d /home/sam/Ac6/SystemWorkbench/plugins/fr.ac6.mcu.externaltools.arm-none.linux64_1.16.0.201807130628/tools/compiler/bin/../lib/gcc/arm-none-eabi/7.2.1/../../../../arm-none-eabi/lib/thumb/v7-m/libc_nano.a(lib_a-nano-msizer.o)
 .ARM.attributes
                0x00000000000009c8       0x2d /home/sam/Ac6/SystemWorkbench/plugins/fr.ac6.mcu.externaltools.arm-none.linux64_1.16.0.201807130628/tools/compiler/bin/../lib/gcc/arm-none-eabi/7.2.1/../../../../arm-none-eabi/lib/thumb/v7-m/libnosys.a(sbrk.o)
 .ARM.attributes
                0x00000000000009f5       0x1d /home/sam/Ac6/SystemWorkbench/plugins/fr.ac6.mcu.externaltools.arm-none.linux64_1.16.0.201807130628/tools/compiler/bin/../lib/gcc/arm-none-eabi/7.2.1/thumb/v7-m/crtn.o
OUTPUT(mus_cube.elf elf32-littlearm)

.debug_info     0x0000000000000000    0x5d334
 .debug_info    0x0000000000000000     0x69fe APPS/app.o
 .debug_info    0x00000000000069fe     0x848f APPS/app_funcs.o
 .debug_info    0x000000000000ee8d     0x692f APPS/effect/effect.o
 .debug_info    0x00000000000157bc     0x11b1 APPS/effect/effect_preset.o
 .debug_info    0x000000000001696d     0x1193 APPS/encoder/encoder.o
 .debug_info    0x0000000000017b00     0x149c APPS/event/event.o
 .debug_info    0x0000000000018f9c     0x9104 APPS/glcd/ST7565R.o
 .debug_info    0x00000000000220a0     0x64f5 APPS/glcd/glcd.o
 .debug_info    0x0000000000028595     0x7d95 APPS/glcd/glcd_graphics.o
 .debug_info    0x000000000003032a     0x6760 APPS/glcd/glcd_graphs.o
 .debug_info    0x0000000000036a8a     0x66ff APPS/glcd/glcd_text.o
 .debug_info    0x000000000003d189     0x133f APPS/glcd/fonts/fonts.o
 .debug_info    0x000000000003e4c8     0x1667 APPS/link_list/link_list.o
 .debug_info    0x000000000003fb2f     0x1501 APPS/push-btn/push_btn.o
 .debug_info    0x0000000000041030     0x12f1 APPS/volume/volume.o
 .debug_info    0x0000000000042321      0xfce Drivers/STM32F1xx_HAL_Driver/Src/stm32f1xx_hal.o
 .debug_info    0x00000000000432ef     0x195e Drivers/STM32F1xx_HAL_Driver/Src/stm32f1xx_hal_adc.o
 .debug_info    0x0000000000044c4d     0x1473 Drivers/STM32F1xx_HAL_Driver/Src/stm32f1xx_hal_cortex.o
 .debug_info    0x00000000000460c0     0x1017 Drivers/STM32F1xx_HAL_Driver/Src/stm32f1xx_hal_dma.o
 .debug_info    0x00000000000470d7      0xe8c Drivers/STM32F1xx_HAL_Driver/Src/stm32f1xx_hal_gpio.o
 .debug_info    0x0000000000047f63     0x127f Drivers/STM32F1xx_HAL_Driver/Src/stm32f1xx_hal_rcc.o
 .debug_info    0x00000000000491e2      0xc63 Drivers/STM32F1xx_HAL_Driver/Src/stm32f1xx_hal_rcc_ex.o
 .debug_info    0x0000000000049e45     0x4334 Drivers/STM32F1xx_HAL_Driver/Src/stm32f1xx_hal_tim.o
 .debug_info    0x000000000004e179     0x1b39 Drivers/STM32F1xx_HAL_Driver/Src/stm32f1xx_hal_tim_ex.o
 .debug_info    0x000000000004fcb2     0x1151 Src/adc.o
 .debug_info    0x0000000000050e03      0xb90 Src/dma.o
 .debug_info    0x0000000000051993      0xc00 Src/gpio.o
 .debug_info    0x0000000000052593     0x6c79 Src/main.o
 .debug_info    0x000000000005920c      0xce8 Src/stm32f1xx_hal_msp.o
 .debug_info    0x0000000000059ef4      0xf46 Src/stm32f1xx_it.o
 .debug_info    0x000000000005ae3a      0xc15 Src/system_stm32f1xx.o
 .debug_info    0x000000000005ba4f     0x18c3 Src/tim.o
 .debug_info    0x000000000005d312       0x22 startup/startup_stm32f103xb.o

.debug_abbrev   0x0000000000000000     0x6373
 .debug_abbrev  0x0000000000000000      0x30c APPS/app.o
 .debug_abbrev  0x000000000000030c      0x415 APPS/app_funcs.o
 .debug_abbrev  0x0000000000000721      0x3ba APPS/effect/effect.o
 .debug_abbrev  0x0000000000000adb      0x20d APPS/effect/effect_preset.o
 .debug_abbrev  0x0000000000000ce8      0x311 APPS/encoder/encoder.o
 .debug_abbrev  0x0000000000000ff9      0x2ed APPS/event/event.o
 .debug_abbrev  0x00000000000012e6      0x3c5 APPS/glcd/ST7565R.o
 .debug_abbrev  0x00000000000016ab      0x34a APPS/glcd/glcd.o
 .debug_abbrev  0x00000000000019f5      0x409 APPS/glcd/glcd_graphics.o
 .debug_abbrev  0x0000000000001dfe      0x2d9 APPS/glcd/glcd_graphs.o
 .debug_abbrev  0x00000000000020d7      0x372 APPS/glcd/glcd_text.o
 .debug_abbrev  0x0000000000002449      0x1f4 APPS/glcd/fonts/fonts.o
 .debug_abbrev  0x000000000000263d      0x45d APPS/link_list/link_list.o
 .debug_abbrev  0x0000000000002a9a      0x37b APPS/push-btn/push_btn.o
 .debug_abbrev  0x0000000000002e15      0x321 APPS/volume/volume.o
 .debug_abbrev  0x0000000000003136      0x347 Drivers/STM32F1xx_HAL_Driver/Src/stm32f1xx_hal.o
 .debug_abbrev  0x000000000000347d      0x349 Drivers/STM32F1xx_HAL_Driver/Src/stm32f1xx_hal_adc.o
 .debug_abbrev  0x00000000000037c6      0x3c5 Drivers/STM32F1xx_HAL_Driver/Src/stm32f1xx_hal_cortex.o
 .debug_abbrev  0x0000000000003b8b      0x2ee Drivers/STM32F1xx_HAL_Driver/Src/stm32f1xx_hal_dma.o
 .debug_abbrev  0x0000000000003e79      0x2a5 Drivers/STM32F1xx_HAL_Driver/Src/stm32f1xx_hal_gpio.o
 .debug_abbrev  0x000000000000411e      0x3ba Drivers/STM32F1xx_HAL_Driver/Src/stm32f1xx_hal_rcc.o
 .debug_abbrev  0x00000000000044d8      0x2b2 Drivers/STM32F1xx_HAL_Driver/Src/stm32f1xx_hal_rcc_ex.o
 .debug_abbrev  0x000000000000478a      0x41b Drivers/STM32F1xx_HAL_Driver/Src/stm32f1xx_hal_tim.o
 .debug_abbrev  0x0000000000004ba5      0x382 Drivers/STM32F1xx_HAL_Driver/Src/stm32f1xx_hal_tim_ex.o
 .debug_abbrev  0x0000000000004f27      0x275 Src/adc.o
 .debug_abbrev  0x000000000000519c      0x235 Src/dma.o
 .debug_abbrev  0x00000000000053d1      0x229 Src/gpio.o
 .debug_abbrev  0x00000000000055fa      0x326 Src/main.o
 .debug_abbrev  0x0000000000005920      0x23d Src/stm32f1xx_hal_msp.o
 .debug_abbrev  0x0000000000005b5d      0x28a Src/stm32f1xx_it.o
 .debug_abbrev  0x0000000000005de7      0x228 Src/system_stm32f1xx.o
 .debug_abbrev  0x000000000000600f      0x352 Src/tim.o
 .debug_abbrev  0x0000000000006361       0x12 startup/startup_stm32f103xb.o

.debug_loc      0x0000000000000000     0xead2
 .debug_loc     0x0000000000000000      0x107 APPS/app.o
 .debug_loc     0x0000000000000107      0x5b6 APPS/app_funcs.o
 .debug_loc     0x00000000000006bd      0x2a5 APPS/effect/effect.o
 .debug_loc     0x0000000000000962       0x21 APPS/effect/effect_preset.o
 .debug_loc     0x0000000000000983       0x8c APPS/encoder/encoder.o
 .debug_loc     0x0000000000000a0f      0x1a1 APPS/event/event.o
 .debug_loc     0x0000000000000bb0      0x923 APPS/glcd/ST7565R.o
 .debug_loc     0x00000000000014d3      0x145 APPS/glcd/glcd.o
 .debug_loc     0x0000000000001618     0x2b25 APPS/glcd/glcd_graphics.o
 .debug_loc     0x000000000000413d      0x6c8 APPS/glcd/glcd_graphs.o
 .debug_loc     0x0000000000004805      0x607 APPS/glcd/glcd_text.o
 .debug_loc     0x0000000000004e0c      0xde5 APPS/link_list/link_list.o
 .debug_loc     0x0000000000005bf1      0x287 APPS/push-btn/push_btn.o
 .debug_loc     0x0000000000005e78       0xe1 APPS/volume/volume.o
 .debug_loc     0x0000000000005f59      0x10d Drivers/STM32F1xx_HAL_Driver/Src/stm32f1xx_hal.o
 .debug_loc     0x0000000000006066      0xef4 Drivers/STM32F1xx_HAL_Driver/Src/stm32f1xx_hal_adc.o
 .debug_loc     0x0000000000006f5a      0x56c Drivers/STM32F1xx_HAL_Driver/Src/stm32f1xx_hal_cortex.o
 .debug_loc     0x00000000000074c6      0x993 Drivers/STM32F1xx_HAL_Driver/Src/stm32f1xx_hal_dma.o
 .debug_loc     0x0000000000007e59      0x41e Drivers/STM32F1xx_HAL_Driver/Src/stm32f1xx_hal_gpio.o
 .debug_loc     0x0000000000008277      0x5e2 Drivers/STM32F1xx_HAL_Driver/Src/stm32f1xx_hal_rcc.o
 .debug_loc     0x0000000000008859      0x2f2 Drivers/STM32F1xx_HAL_Driver/Src/stm32f1xx_hal_rcc_ex.o
 .debug_loc     0x0000000000008b4b     0x4e74 Drivers/STM32F1xx_HAL_Driver/Src/stm32f1xx_hal_tim.o
 .debug_loc     0x000000000000d9bf      0xe2b Drivers/STM32F1xx_HAL_Driver/Src/stm32f1xx_hal_tim_ex.o
 .debug_loc     0x000000000000e7ea       0x4a Src/adc.o
 .debug_loc     0x000000000000e834       0xcb Src/main.o
 .debug_loc     0x000000000000e8ff       0xcd Src/system_stm32f1xx.o
 .debug_loc     0x000000000000e9cc      0x106 Src/tim.o

.debug_aranges  0x0000000000000000      0xe98
 .debug_aranges
                0x0000000000000000       0x40 APPS/app.o
 .debug_aranges
                0x0000000000000040       0xd0 APPS/app_funcs.o
 .debug_aranges
                0x0000000000000110       0x68 APPS/effect/effect.o
 .debug_aranges
                0x0000000000000178       0x20 APPS/effect/effect_preset.o
 .debug_aranges
                0x0000000000000198       0x48 APPS/encoder/encoder.o
 .debug_aranges
                0x00000000000001e0       0x58 APPS/event/event.o
 .debug_aranges
                0x0000000000000238       0xb0 APPS/glcd/ST7565R.o
 .debug_aranges
                0x00000000000002e8       0x58 APPS/glcd/glcd.o
 .debug_aranges
                0x0000000000000340       0x78 APPS/glcd/glcd_graphics.o
 .debug_aranges
                0x00000000000003b8       0x48 APPS/glcd/glcd_graphs.o
 .debug_aranges
                0x0000000000000400       0x50 APPS/glcd/glcd_text.o
 .debug_aranges
                0x0000000000000450       0x18 APPS/glcd/fonts/fonts.o
 .debug_aranges
                0x0000000000000468       0xe8 APPS/link_list/link_list.o
 .debug_aranges
                0x0000000000000550       0x50 APPS/push-btn/push_btn.o
 .debug_aranges
                0x00000000000005a0       0x50 APPS/volume/volume.o
 .debug_aranges
                0x00000000000005f0       0xc8 Drivers/STM32F1xx_HAL_Driver/Src/stm32f1xx_hal.o
 .debug_aranges
                0x00000000000006b8       0xc8 Drivers/STM32F1xx_HAL_Driver/Src/stm32f1xx_hal_adc.o
 .debug_aranges
                0x0000000000000780       0x90 Drivers/STM32F1xx_HAL_Driver/Src/stm32f1xx_hal_cortex.o
 .debug_aranges
                0x0000000000000810       0x78 Drivers/STM32F1xx_HAL_Driver/Src/stm32f1xx_hal_dma.o
 .debug_aranges
                0x0000000000000888       0x58 Drivers/STM32F1xx_HAL_Driver/Src/stm32f1xx_hal_gpio.o
 .debug_aranges
                0x00000000000008e0       0x88 Drivers/STM32F1xx_HAL_Driver/Src/stm32f1xx_hal_rcc.o
 .debug_aranges
                0x0000000000000968       0x30 Drivers/STM32F1xx_HAL_Driver/Src/stm32f1xx_hal_rcc_ex.o
 .debug_aranges
                0x0000000000000998      0x230 Drivers/STM32F1xx_HAL_Driver/Src/stm32f1xx_hal_tim.o
 .debug_aranges
                0x0000000000000bc8       0xe0 Drivers/STM32F1xx_HAL_Driver/Src/stm32f1xx_hal_tim_ex.o
 .debug_aranges
                0x0000000000000ca8       0x30 Src/adc.o
 .debug_aranges
                0x0000000000000cd8       0x20 Src/dma.o
 .debug_aranges
                0x0000000000000cf8       0x20 Src/gpio.o
 .debug_aranges
                0x0000000000000d18       0x40 Src/main.o
 .debug_aranges
                0x0000000000000d58       0x20 Src/stm32f1xx_hal_msp.o
 .debug_aranges
                0x0000000000000d78       0x68 Src/stm32f1xx_it.o
 .debug_aranges
                0x0000000000000de0       0x28 Src/system_stm32f1xx.o
 .debug_aranges
                0x0000000000000e08       0x68 Src/tim.o
 .debug_aranges
                0x0000000000000e70       0x28 startup/startup_stm32f103xb.o

.debug_ranges   0x0000000000000000     0x2a90
 .debug_ranges  0x0000000000000000       0x68 APPS/app.o
 .debug_ranges  0x0000000000000068      0x298 APPS/app_funcs.o
 .debug_ranges  0x0000000000000300       0xd8 APPS/effect/effect.o
 .debug_ranges  0x00000000000003d8       0x10 APPS/effect/effect_preset.o
 .debug_ranges  0x00000000000003e8       0x58 APPS/encoder/encoder.o
 .debug_ranges  0x0000000000000440       0x60 APPS/event/event.o
 .debug_ranges  0x00000000000004a0      0x248 APPS/glcd/ST7565R.o
 .debug_ranges  0x00000000000006e8       0x48 APPS/glcd/glcd.o
 .debug_ranges  0x0000000000000730      0xa28 APPS/glcd/glcd_graphics.o
 .debug_ranges  0x0000000000001158       0x98 APPS/glcd/glcd_graphs.o
 .debug_ranges  0x00000000000011f0       0xa0 APPS/glcd/glcd_text.o
 .debug_ranges  0x0000000000001290      0x3f0 APPS/link_list/link_list.o
 .debug_ranges  0x0000000000001680       0x98 APPS/push-btn/push_btn.o
 .debug_ranges  0x0000000000001718       0x60 APPS/volume/volume.o
 .debug_ranges  0x0000000000001778       0xb8 Drivers/STM32F1xx_HAL_Driver/Src/stm32f1xx_hal.o
 .debug_ranges  0x0000000000001830      0x208 Drivers/STM32F1xx_HAL_Driver/Src/stm32f1xx_hal_adc.o
 .debug_ranges  0x0000000000001a38      0x148 Drivers/STM32F1xx_HAL_Driver/Src/stm32f1xx_hal_cortex.o
 .debug_ranges  0x0000000000001b80       0xc0 Drivers/STM32F1xx_HAL_Driver/Src/stm32f1xx_hal_dma.o
 .debug_ranges  0x0000000000001c40       0x60 Drivers/STM32F1xx_HAL_Driver/Src/stm32f1xx_hal_gpio.o
 .debug_ranges  0x0000000000001ca0      0x110 Drivers/STM32F1xx_HAL_Driver/Src/stm32f1xx_hal_rcc.o
 .debug_ranges  0x0000000000001db0       0x58 Drivers/STM32F1xx_HAL_Driver/Src/stm32f1xx_hal_rcc_ex.o
 .debug_ranges  0x0000000000001e08      0x790 Drivers/STM32F1xx_HAL_Driver/Src/stm32f1xx_hal_tim.o
 .debug_ranges  0x0000000000002598      0x1d8 Drivers/STM32F1xx_HAL_Driver/Src/stm32f1xx_hal_tim_ex.o
 .debug_ranges  0x0000000000002770       0x50 Src/adc.o
 .debug_ranges  0x00000000000027c0       0x40 Src/dma.o
 .debug_ranges  0x0000000000002800       0x90 Src/gpio.o
 .debug_ranges  0x0000000000002890       0x48 Src/main.o
 .debug_ranges  0x00000000000028d8       0x38 Src/stm32f1xx_hal_msp.o
 .debug_ranges  0x0000000000002910       0x58 Src/stm32f1xx_it.o
 .debug_ranges  0x0000000000002968       0x18 Src/system_stm32f1xx.o
 .debug_ranges  0x0000000000002980       0xf0 Src/tim.o
 .debug_ranges  0x0000000000002a70       0x20 startup/startup_stm32f103xb.o

.debug_macro    0x0000000000000000    0x1ae73
 .debug_macro   0x0000000000000000      0x482 APPS/app.o
 .debug_macro   0x0000000000000482      0xa60 APPS/app.o
 .debug_macro   0x0000000000000ee2      0x130 APPS/app.o
 .debug_macro   0x0000000000001012      0x16f APPS/app.o
 .debug_macro   0x0000000000001181       0x2e APPS/app.o
 .debug_macro   0x00000000000011af       0x22 APPS/app.o
 .debug_macro   0x00000000000011d1       0x22 APPS/app.o
 .debug_macro   0x00000000000011f3       0x87 APPS/app.o
 .debug_macro   0x000000000000127a       0x51 APPS/app.o
 .debug_macro   0x00000000000012cb       0xef APPS/app.o
 .debug_macro   0x00000000000013ba       0x6a APPS/app.o
 .debug_macro   0x0000000000001424      0x1df APPS/app.o
 .debug_macro   0x0000000000001603       0x34 APPS/app.o
 .debug_macro   0x0000000000001637       0x34 APPS/app.o
 .debug_macro   0x000000000000166b      0xb8e APPS/app.o
 .debug_macro   0x00000000000021f9     0xe90a APPS/app.o
 .debug_macro   0x0000000000010b03       0x43 APPS/app.o
 .debug_macro   0x0000000000010b46       0x58 APPS/app.o
 .debug_macro   0x0000000000010b9e       0x17 APPS/app.o
 .debug_macro   0x0000000000010bb5       0x35 APPS/app.o
 .debug_macro   0x0000000000010bea       0x9c APPS/app.o
 .debug_macro   0x0000000000010c86       0x16 APPS/app.o
 .debug_macro   0x0000000000010c9c       0x97 APPS/app.o
 .debug_macro   0x0000000000010d33      0x330 APPS/app.o
 .debug_macro   0x0000000000011063       0xfd APPS/app.o
 .debug_macro   0x0000000000011160       0x10 APPS/app.o
 .debug_macro   0x0000000000011170       0x58 APPS/app.o
 .debug_macro   0x00000000000111c8       0x1f APPS/app.o
 .debug_macro   0x00000000000111e7       0x43 APPS/app.o
 .debug_macro   0x000000000001122a       0x20 APPS/app.o
 .debug_macro   0x000000000001124a      0x18e APPS/app.o
 .debug_macro   0x00000000000113d8       0x10 APPS/app.o
 .debug_macro   0x00000000000113e8       0x1c APPS/app.o
 .debug_macro   0x0000000000011404       0x52 APPS/app.o
 .debug_macro   0x0000000000011456       0x40 APPS/app.o
 .debug_macro   0x0000000000011496       0x10 APPS/app.o
 .debug_macro   0x00000000000114a6       0x40 APPS/app.o
 .debug_macro   0x00000000000114e6       0xd7 APPS/app.o
 .debug_macro   0x00000000000115bd       0x1c APPS/app.o
 .debug_macro   0x00000000000115d9       0x3d APPS/app.o
 .debug_macro   0x0000000000011616       0x16 APPS/app.o
 .debug_macro   0x000000000001162c      0x16f APPS/app.o
 .debug_macro   0x000000000001179b       0x50 APPS/app.o
 .debug_macro   0x00000000000117eb      0x5c2 APPS/app.o
 .debug_macro   0x0000000000011dad      0x28a APPS/app.o
 .debug_macro   0x0000000000012037      0x1cb APPS/app.o
 .debug_macro   0x0000000000012202      0x11e APPS/app.o
 .debug_macro   0x0000000000012320      0x1b3 APPS/app.o
 .debug_macro   0x00000000000124d3       0x27 APPS/app.o
 .debug_macro   0x00000000000124fa      0x1bc APPS/app.o
 .debug_macro   0x00000000000126b6       0x34 APPS/app.o
 .debug_macro   0x00000000000126ea       0x3c APPS/app.o
 .debug_macro   0x0000000000012726       0x57 APPS/app.o
 .debug_macro   0x000000000001277d      0x46a APPS/app.o
 .debug_macro   0x0000000000012be7      0x1b5 APPS/app.o
 .debug_macro   0x0000000000012d9c       0x8c APPS/app.o
 .debug_macro   0x0000000000012e28      0x242 APPS/app.o
 .debug_macro   0x000000000001306a      0x143 APPS/app.o
 .debug_macro   0x00000000000131ad      0x84c APPS/app.o
 .debug_macro   0x00000000000139f9       0x1f APPS/app.o
 .debug_macro   0x0000000000013a18       0x83 APPS/app.o
 .debug_macro   0x0000000000013a9b       0x3a APPS/app.o
 .debug_macro   0x0000000000013ad5      0x11c APPS/app.o
 .debug_macro   0x0000000000013bf1       0x10 APPS/app.o
 .debug_macro   0x0000000000013c01       0x16 APPS/app.o
 .debug_macro   0x0000000000013c17       0x35 APPS/app.o
 .debug_macro   0x0000000000013c4c       0x16 APPS/app.o
 .debug_macro   0x0000000000013c62       0x29 APPS/app.o
 .debug_macro   0x0000000000013c8b       0x34 APPS/app.o
 .debug_macro   0x0000000000013cbf       0x16 APPS/app.o
 .debug_macro   0x0000000000013cd5       0x22 APPS/app.o
 .debug_macro   0x0000000000013cf7       0x22 APPS/app.o
 .debug_macro   0x0000000000013d19      0x4a1 APPS/app_funcs.o
 .debug_macro   0x00000000000141ba       0x52 APPS/app_funcs.o
 .debug_macro   0x000000000001420c       0x8d APPS/app_funcs.o
 .debug_macro   0x0000000000014299      0x174 APPS/app_funcs.o
 .debug_macro   0x000000000001440d       0x57 APPS/app_funcs.o
 .debug_macro   0x0000000000014464       0x10 APPS/app_funcs.o
 .debug_macro   0x0000000000014474       0x1c APPS/app_funcs.o
 .debug_macro   0x0000000000014490      0x453 APPS/effect/effect.o
 .debug_macro   0x00000000000148e3      0x10e APPS/effect/effect.o
 .debug_macro   0x00000000000149f1       0x8d APPS/effect/effect.o
 .debug_macro   0x0000000000014a7e      0x3bc APPS/effect/effect_preset.o
 .debug_macro   0x0000000000014e3a       0x1c APPS/effect/effect_preset.o
 .debug_macro   0x0000000000014e56      0x39d APPS/encoder/encoder.o
 .debug_macro   0x00000000000151f3      0x39d APPS/event/event.o
 .debug_macro   0x0000000000015590      0x468 APPS/glcd/ST7565R.o
 .debug_macro   0x00000000000159f8       0x34 APPS/glcd/ST7565R.o
 .debug_macro   0x0000000000015a2c      0x480 APPS/glcd/glcd.o
 .debug_macro   0x0000000000015eac       0x3a APPS/glcd/glcd.o
 .debug_macro   0x0000000000015ee6      0x480 APPS/glcd/glcd_graphics.o
 .debug_macro   0x0000000000016366      0x45b APPS/glcd/glcd_graphs.o
 .debug_macro   0x00000000000167c1      0x461 APPS/glcd/glcd_text.o
 .debug_macro   0x0000000000016c22      0x465 APPS/glcd/fonts/fonts.o
 .debug_macro   0x0000000000017087      0x100 APPS/link_list/link_list.o
 .debug_macro   0x0000000000017187      0x3bd APPS/push-btn/push_btn.o
 .debug_macro   0x0000000000017544      0x3b5 APPS/volume/volume.o
 .debug_macro   0x00000000000178f9      0x321 Drivers/STM32F1xx_HAL_Driver/Src/stm32f1xx_hal.o
 .debug_macro   0x0000000000017c1a      0x31a Drivers/STM32F1xx_HAL_Driver/Src/stm32f1xx_hal_adc.o
 .debug_macro   0x0000000000017f34      0x2fd Drivers/STM32F1xx_HAL_Driver/Src/stm32f1xx_hal_cortex.o
 .debug_macro   0x0000000000018231      0x2fd Drivers/STM32F1xx_HAL_Driver/Src/stm32f1xx_hal_dma.o
 .debug_macro   0x000000000001852e      0x36d Drivers/STM32F1xx_HAL_Driver/Src/stm32f1xx_hal_gpio.o
 .debug_macro   0x000000000001889b      0x30f Drivers/STM32F1xx_HAL_Driver/Src/stm32f1xx_hal_rcc.o
 .debug_macro   0x0000000000018baa      0x2fd Drivers/STM32F1xx_HAL_Driver/Src/stm32f1xx_hal_rcc_ex.o
 .debug_macro   0x0000000000018ea7      0x2fd Drivers/STM32F1xx_HAL_Driver/Src/stm32f1xx_hal_tim.o
 .debug_macro   0x00000000000191a4      0x2fd Drivers/STM32F1xx_HAL_Driver/Src/stm32f1xx_hal_tim_ex.o
 .debug_macro   0x00000000000194a1      0x31b Src/adc.o
 .debug_macro   0x00000000000197bc      0x307 Src/dma.o
 .debug_macro   0x0000000000019ac3      0x307 Src/gpio.o
 .debug_macro   0x0000000000019dca      0x491 Src/main.o
 .debug_macro   0x000000000001a25b      0x2fd Src/stm32f1xx_hal_msp.o
 .debug_macro   0x000000000001a558      0x307 Src/stm32f1xx_it.o
 .debug_macro   0x000000000001a85f      0x303 Src/system_stm32f1xx.o
 .debug_macro   0x000000000001ab62      0x311 Src/tim.o

.debug_line     0x0000000000000000    0x15c2f
 .debug_line    0x0000000000000000      0xb97 APPS/app.o
 .debug_line    0x0000000000000b97      0xe5a APPS/app_funcs.o
 .debug_line    0x00000000000019f1      0xb84 APPS/effect/effect.o
 .debug_line    0x0000000000002575      0x8a2 APPS/effect/effect_preset.o
 .debug_line    0x0000000000002e17      0x8da APPS/encoder/encoder.o
 .debug_line    0x00000000000036f1      0x909 APPS/event/event.o
 .debug_line    0x0000000000003ffa      0xf26 APPS/glcd/ST7565R.o
 .debug_line    0x0000000000004f20      0xb89 APPS/glcd/glcd.o
 .debug_line    0x0000000000005aa9     0x1109 APPS/glcd/glcd_graphics.o
 .debug_line    0x0000000000006bb2      0xb7f APPS/glcd/glcd_graphs.o
 .debug_line    0x0000000000007731      0xb60 APPS/glcd/glcd_text.o
 .debug_line    0x0000000000008291      0xa8a APPS/glcd/fonts/fonts.o
 .debug_line    0x0000000000008d1b      0x79f APPS/link_list/link_list.o
 .debug_line    0x00000000000094ba      0x9d5 APPS/push-btn/push_btn.o
 .debug_line    0x0000000000009e8f      0x906 APPS/volume/volume.o
 .debug_line    0x000000000000a795      0x8dd Drivers/STM32F1xx_HAL_Driver/Src/stm32f1xx_hal.o
 .debug_line    0x000000000000b072      0xecf Drivers/STM32F1xx_HAL_Driver/Src/stm32f1xx_hal_adc.o
 .debug_line    0x000000000000bf41      0x938 Drivers/STM32F1xx_HAL_Driver/Src/stm32f1xx_hal_cortex.o
 .debug_line    0x000000000000c879      0xc36 Drivers/STM32F1xx_HAL_Driver/Src/stm32f1xx_hal_dma.o
 .debug_line    0x000000000000d4af      0x918 Drivers/STM32F1xx_HAL_Driver/Src/stm32f1xx_hal_gpio.o
 .debug_line    0x000000000000ddc7      0xb04 Drivers/STM32F1xx_HAL_Driver/Src/stm32f1xx_hal_rcc.o
 .debug_line    0x000000000000e8cb      0x821 Drivers/STM32F1xx_HAL_Driver/Src/stm32f1xx_hal_rcc_ex.o
 .debug_line    0x000000000000f0ec     0x1d86 Drivers/STM32F1xx_HAL_Driver/Src/stm32f1xx_hal_tim.o
 .debug_line    0x0000000000010e72      0xca6 Drivers/STM32F1xx_HAL_Driver/Src/stm32f1xx_hal_tim_ex.o
 .debug_line    0x0000000000011b18      0x7b0 Src/adc.o
 .debug_line    0x00000000000122c8      0x714 Src/dma.o
 .debug_line    0x00000000000129dc      0x74d Src/gpio.o
 .debug_line    0x0000000000013129      0xbd0 Src/main.o
 .debug_line    0x0000000000013cf9      0x71d Src/stm32f1xx_hal_msp.o
 .debug_line    0x0000000000014416      0x7b1 Src/stm32f1xx_it.o
 .debug_line    0x0000000000014bc7      0x755 Src/system_stm32f1xx.o
 .debug_line    0x000000000001531c      0x896 Src/tim.o
 .debug_line    0x0000000000015bb2       0x7d startup/startup_stm32f103xb.o

.debug_str      0x0000000000000000    0x76eeb
 .debug_str     0x0000000000000000    0x73330 APPS/app.o
                                      0x737c5 (size before relaxing)
 .debug_str     0x0000000000073330      0x2ea APPS/app_funcs.o
                                      0x739b4 (size before relaxing)
 .debug_str     0x000000000007361a      0x11b APPS/effect/effect.o
                                      0x73603 (size before relaxing)
 .debug_str     0x0000000000073735       0x41 APPS/effect/effect_preset.o
                                      0x72919 (size before relaxing)
 .debug_str     0x0000000000073776       0xa2 APPS/encoder/encoder.o
                                      0x72731 (size before relaxing)
 .debug_str     0x0000000000073818       0x84 APPS/event/event.o
                                      0x7289c (size before relaxing)
 .debug_str     0x000000000007389c      0x1b1 APPS/glcd/ST7565R.o
                                      0x7340c (size before relaxing)
 .debug_str     0x0000000000073a4d       0xa9 APPS/glcd/glcd.o
                                      0x73362 (size before relaxing)
 .debug_str     0x0000000000073af6      0x106 APPS/glcd/glcd_graphics.o
                                      0x733a2 (size before relaxing)
 .debug_str     0x0000000000073bfc       0xbc APPS/glcd/glcd_graphs.o
                                      0x7336f (size before relaxing)
 .debug_str     0x0000000000073cb8       0xaf APPS/glcd/glcd_text.o
                                      0x7333a (size before relaxing)
 .debug_str     0x0000000000073d67       0x1b APPS/glcd/fonts/fonts.o
                                      0x7323f (size before relaxing)
 .debug_str     0x0000000000073d82      0x1b3 APPS/link_list/link_list.o
                                       0x6400 (size before relaxing)
 .debug_str     0x0000000000073f35      0x1c5 APPS/push-btn/push_btn.o
                                      0x728f7 (size before relaxing)
 .debug_str     0x00000000000740fa      0x141 APPS/volume/volume.o
                                      0x72838 (size before relaxing)
 .debug_str     0x000000000007423b      0x70b Drivers/STM32F1xx_HAL_Driver/Src/stm32f1xx_hal.o
                                      0x726da (size before relaxing)
 .debug_str     0x0000000000074946      0x402 Drivers/STM32F1xx_HAL_Driver/Src/stm32f1xx_hal_adc.o
                                      0x72681 (size before relaxing)
 .debug_str     0x0000000000074d48      0x2e1 Drivers/STM32F1xx_HAL_Driver/Src/stm32f1xx_hal_cortex.o
                                      0x7262f (size before relaxing)
 .debug_str     0x0000000000075029      0x220 Drivers/STM32F1xx_HAL_Driver/Src/stm32f1xx_hal_dma.o
                                      0x72393 (size before relaxing)
 .debug_str     0x0000000000075249      0x311 Drivers/STM32F1xx_HAL_Driver/Src/stm32f1xx_hal_gpio.o
                                      0x72376 (size before relaxing)
 .debug_str     0x000000000007555a      0x368 Drivers/STM32F1xx_HAL_Driver/Src/stm32f1xx_hal_rcc.o
                                      0x723cb (size before relaxing)
 .debug_str     0x00000000000758c2      0x110 Drivers/STM32F1xx_HAL_Driver/Src/stm32f1xx_hal_rcc_ex.o
                                      0x72157 (size before relaxing)
 .debug_str     0x00000000000759d2      0xd2b Drivers/STM32F1xx_HAL_Driver/Src/stm32f1xx_hal_tim.o
                                      0x730cb (size before relaxing)
 .debug_str     0x00000000000766fd      0x4f1 Drivers/STM32F1xx_HAL_Driver/Src/stm32f1xx_hal_tim_ex.o
                                      0x7296d (size before relaxing)
 .debug_str     0x0000000000076bee       0x31 Src/adc.o
                                      0x723cf (size before relaxing)
 .debug_str     0x0000000000076c1f        0xd Src/dma.o
                                      0x7227a (size before relaxing)
 .debug_str     0x0000000000076c2c       0x1b Src/gpio.o
                                      0x72018 (size before relaxing)
 .debug_str     0x0000000000076c47       0x83 Src/main.o
                                      0x73bb0 (size before relaxing)
 .debug_str     0x0000000000076cca       0x1b Src/stm32f1xx_hal_msp.o
                                      0x722b7 (size before relaxing)
 .debug_str     0x0000000000076ce5      0x109 Src/stm32f1xx_it.o
                                      0x72456 (size before relaxing)
 .debug_str     0x0000000000076dee       0x69 Src/system_stm32f1xx.o
                                      0x72021 (size before relaxing)
 .debug_str     0x0000000000076e57       0x64 Src/tim.o
                                      0x72ad1 (size before relaxing)
 .debug_str     0x0000000000076ebb       0x30 startup/startup_stm32f103xb.o
                                         0x52 (size before relaxing)

.comment        0x0000000000000000       0x7e
 .comment       0x0000000000000000       0x7e APPS/app.o
                                         0x7f (size before relaxing)
 .comment       0x000000000000007e       0x7f APPS/app_funcs.o
 .comment       0x000000000000007e       0x7f APPS/effect/effect.o
 .comment       0x000000000000007e       0x7f APPS/effect/effect_preset.o
 .comment       0x000000000000007e       0x7f APPS/encoder/encoder.o
 .comment       0x000000000000007e       0x7f APPS/event/event.o
 .comment       0x000000000000007e       0x7f APPS/glcd/ST7565R.o
 .comment       0x000000000000007e       0x7f APPS/glcd/glcd.o
 .comment       0x000000000000007e       0x7f APPS/glcd/glcd_graphics.o
 .comment       0x000000000000007e       0x7f APPS/glcd/glcd_graphs.o
 .comment       0x000000000000007e       0x7f APPS/glcd/glcd_text.o
 .comment       0x000000000000007e       0x7f APPS/glcd/fonts/fonts.o
 .comment       0x000000000000007e       0x7f APPS/link_list/link_list.o
 .comment       0x000000000000007e       0x7f APPS/push-btn/push_btn.o
 .comment       0x000000000000007e       0x7f APPS/volume/volume.o
 .comment       0x000000000000007e       0x7f Drivers/STM32F1xx_HAL_Driver/Src/stm32f1xx_hal.o
 .comment       0x000000000000007e       0x7f Drivers/STM32F1xx_HAL_Driver/Src/stm32f1xx_hal_adc.o
 .comment       0x000000000000007e       0x7f Drivers/STM32F1xx_HAL_Driver/Src/stm32f1xx_hal_cortex.o
 .comment       0x000000000000007e       0x7f Drivers/STM32F1xx_HAL_Driver/Src/stm32f1xx_hal_dma.o
 .comment       0x000000000000007e       0x7f Drivers/STM32F1xx_HAL_Driver/Src/stm32f1xx_hal_gpio.o
 .comment       0x000000000000007e       0x7f Drivers/STM32F1xx_HAL_Driver/Src/stm32f1xx_hal_rcc.o
 .comment       0x000000000000007e       0x7f Drivers/STM32F1xx_HAL_Driver/Src/stm32f1xx_hal_rcc_ex.o
 .comment       0x000000000000007e       0x7f Drivers/STM32F1xx_HAL_Driver/Src/stm32f1xx_hal_tim.o
 .comment       0x000000000000007e       0x7f Drivers/STM32F1xx_HAL_Driver/Src/stm32f1xx_hal_tim_ex.o
 .comment       0x000000000000007e       0x7f Src/adc.o
 .comment       0x000000000000007e       0x7f Src/dma.o
 .comment       0x000000000000007e       0x7f Src/gpio.o
 .comment       0x000000000000007e       0x7f Src/main.o
 .comment       0x000000000000007e       0x7f Src/stm32f1xx_hal_msp.o
 .comment       0x000000000000007e       0x7f Src/stm32f1xx_it.o
 .comment       0x000000000000007e       0x7f Src/system_stm32f1xx.o
 .comment       0x000000000000007e       0x7f Src/tim.o

.debug_frame    0x0000000000000000     0x31e8
 .debug_frame   0x0000000000000000       0x94 APPS/app.o
 .debug_frame   0x0000000000000094      0x334 APPS/app_funcs.o
 .debug_frame   0x00000000000003c8       0xe4 APPS/effect/effect.o
 .debug_frame   0x00000000000004ac       0x20 APPS/effect/effect_preset.o
 .debug_frame   0x00000000000004cc       0x8c APPS/encoder/encoder.o
 .debug_frame   0x0000000000000558       0xd0 APPS/event/event.o
 .debug_frame   0x0000000000000628      0x264 APPS/glcd/ST7565R.o
 .debug_frame   0x000000000000088c       0xd0 APPS/glcd/glcd.o
 .debug_frame   0x000000000000095c      0x228 APPS/glcd/glcd_graphics.o
 .debug_frame   0x0000000000000b84      0x138 APPS/glcd/glcd_graphs.o
 .debug_frame   0x0000000000000cbc      0x108 APPS/glcd/glcd_text.o
 .debug_frame   0x0000000000000dc4      0x290 APPS/link_list/link_list.o
 .debug_frame   0x0000000000001054       0xd0 APPS/push-btn/push_btn.o
 .debug_frame   0x0000000000001124       0xb8 APPS/volume/volume.o
 .debug_frame   0x00000000000011dc      0x1b0 Drivers/STM32F1xx_HAL_Driver/Src/stm32f1xx_hal.o
 .debug_frame   0x000000000000138c      0x368 Drivers/STM32F1xx_HAL_Driver/Src/stm32f1xx_hal_adc.o
 .debug_frame   0x00000000000016f4      0x138 Drivers/STM32F1xx_HAL_Driver/Src/stm32f1xx_hal_cortex.o
 .debug_frame   0x000000000000182c      0x1a8 Drivers/STM32F1xx_HAL_Driver/Src/stm32f1xx_hal_dma.o
 .debug_frame   0x00000000000019d4       0xec Drivers/STM32F1xx_HAL_Driver/Src/stm32f1xx_hal_gpio.o
 .debug_frame   0x0000000000001ac0      0x184 Drivers/STM32F1xx_HAL_Driver/Src/stm32f1xx_hal_rcc.o
 .debug_frame   0x0000000000001c44       0x78 Drivers/STM32F1xx_HAL_Driver/Src/stm32f1xx_hal_rcc_ex.o
 .debug_frame   0x0000000000001cbc      0x9bc Drivers/STM32F1xx_HAL_Driver/Src/stm32f1xx_hal_tim.o
 .debug_frame   0x0000000000002678      0x384 Drivers/STM32F1xx_HAL_Driver/Src/stm32f1xx_hal_tim_ex.o
 .debug_frame   0x00000000000029fc       0x78 Src/adc.o
 .debug_frame   0x0000000000002a74       0x34 Src/dma.o
 .debug_frame   0x0000000000002aa8       0x38 Src/gpio.o
 .debug_frame   0x0000000000002ae0       0xa8 Src/main.o
 .debug_frame   0x0000000000002b88       0x2c Src/stm32f1xx_hal_msp.o
 .debug_frame   0x0000000000002bb4       0xec Src/stm32f1xx_it.o
 .debug_frame   0x0000000000002ca0       0x3c Src/system_stm32f1xx.o
 .debug_frame   0x0000000000002cdc      0x124 Src/tim.o
 .debug_frame   0x0000000000002e00       0x2c /home/sam/Ac6/SystemWorkbench/plugins/fr.ac6.mcu.externaltools.arm-none.linux64_1.16.0.201807130628/tools/compiler/bin/../lib/gcc/arm-none-eabi/7.2.1/../../../../arm-none-eabi/lib/thumb/v7-m/libc_nano.a(lib_a-init.o)
 .debug_frame   0x0000000000002e2c       0x30 /home/sam/Ac6/SystemWorkbench/plugins/fr.ac6.mcu.externaltools.arm-none.linux64_1.16.0.201807130628/tools/compiler/bin/../lib/gcc/arm-none-eabi/7.2.1/../../../../arm-none-eabi/lib/thumb/v7-m/libc_nano.a(lib_a-malloc.o)
 .debug_frame   0x0000000000002e5c       0x28 /home/sam/Ac6/SystemWorkbench/plugins/fr.ac6.mcu.externaltools.arm-none.linux64_1.16.0.201807130628/tools/compiler/bin/../lib/gcc/arm-none-eabi/7.2.1/../../../../arm-none-eabi/lib/thumb/v7-m/libc_nano.a(lib_a-memcpy-stub.o)
 .debug_frame   0x0000000000002e84       0x20 /home/sam/Ac6/SystemWorkbench/plugins/fr.ac6.mcu.externaltools.arm-none.linux64_1.16.0.201807130628/tools/compiler/bin/../lib/gcc/arm-none-eabi/7.2.1/../../../../arm-none-eabi/lib/thumb/v7-m/libc_nano.a(lib_a-memset.o)
 .debug_frame   0x0000000000002ea4       0x38 /home/sam/Ac6/SystemWorkbench/plugins/fr.ac6.mcu.externaltools.arm-none.linux64_1.16.0.201807130628/tools/compiler/bin/../lib/gcc/arm-none-eabi/7.2.1/../../../../arm-none-eabi/lib/thumb/v7-m/libc_nano.a(lib_a-nano-freer.o)