Archive member included to satisfy reference by file (symbol)

/home/sam/Ac6/SystemWorkbench/plugins/fr.ac6.mcu.externaltools.arm-none.linux64_1.16.0.201807130628/tools/compiler/bin/../lib/gcc/arm-none-eabi/7.2.1/thumb/v7-m/libgcc.a(_arm_addsubdf3.o)
                              APPS/app_funcs.o (__aeabi_dadd)
/home/sam/Ac6/SystemWorkbench/plugins/fr.ac6.mcu.externaltools.arm-none.linux64_1.16.0.201807130628/tools/compiler/bin/../lib/gcc/arm-none-eabi/7.2.1/thumb/v7-m/libgcc.a(_arm_muldivdf3.o)
                              APPS/app_funcs.o (__aeabi_dmul)
/home/sam/Ac6/SystemWorkbench/plugins/fr.ac6.mcu.externaltools.arm-none.linux64_1.16.0.201807130628/tools/compiler/bin/../lib/gcc/arm-none-eabi/7.2.1/thumb/v7-m/libgcc.a(_arm_fixunsdfsi.o)
                              APPS/app_funcs.o (__aeabi_d2uiz)
/home/sam/Ac6/SystemWorkbench/plugins/fr.ac6.mcu.externaltools.arm-none.linux64_1.16.0.201807130628/tools/compiler/bin/../lib/gcc/arm-none-eabi/7.2.1/thumb/v7-m/libgcc.a(_arm_addsubsf3.o)
                              APPS/glcd/unit_tests.o (__aeabi_ui2f)
/home/sam/Ac6/SystemWorkbench/plugins/fr.ac6.mcu.externaltools.arm-none.linux64_1.16.0.201807130628/tools/compiler/bin/../lib/gcc/arm-none-eabi/7.2.1/thumb/v7-m/libgcc.a(_arm_muldivsf3.o)
                              APPS/glcd/unit_tests.o (__aeabi_fmul)
/home/sam/Ac6/SystemWorkbench/plugins/fr.ac6.mcu.externaltools.arm-none.linux64_1.16.0.201807130628/tools/compiler/bin/../lib/gcc/arm-none-eabi/7.2.1/thumb/v7-m/libgcc.a(_arm_fixunssfsi.o)
                              APPS/glcd/unit_tests.o (__aeabi_f2uiz)
/home/sam/Ac6/SystemWorkbench/plugins/fr.ac6.mcu.externaltools.arm-none.linux64_1.16.0.201807130628/tools/compiler/bin/../lib/gcc/arm-none-eabi/7.2.1/../../../../arm-none-eabi/lib/thumb/v7-m/libc_nano.a(lib_a-exit.o)
                              /home/sam/Ac6/SystemWorkbench/plugins/fr.ac6.mcu.externaltools.arm-none.linux64_1.16.0.201807130628/tools/compiler/bin/../lib/gcc/arm-none-eabi/7.2.1/../../../../arm-none-eabi/lib/thumb/v7-m/crt0.o (exit)
/home/sam/Ac6/SystemWorkbench/plugins/fr.ac6.mcu.externaltools.arm-none.linux64_1.16.0.201807130628/tools/compiler/bin/../lib/gcc/arm-none-eabi/7.2.1/../../../../arm-none-eabi/lib/thumb/v7-m/libc_nano.a(lib_a-impure.o)
                              /home/sam/Ac6/SystemWorkbench/plugins/fr.ac6.mcu.externaltools.arm-none.linux64_1.16.0.201807130628/tools/compiler/bin/../lib/gcc/arm-none-eabi/7.2.1/../../../../arm-none-eabi/lib/thumb/v7-m/libc_nano.a(lib_a-exit.o) (_global_impure_ptr)
/home/sam/Ac6/SystemWorkbench/plugins/fr.ac6.mcu.externaltools.arm-none.linux64_1.16.0.201807130628/tools/compiler/bin/../lib/gcc/arm-none-eabi/7.2.1/../../../../arm-none-eabi/lib/thumb/v7-m/libc_nano.a(lib_a-init.o)
                              /home/sam/Ac6/SystemWorkbench/plugins/fr.ac6.mcu.externaltools.arm-none.linux64_1.16.0.201807130628/tools/compiler/bin/../lib/gcc/arm-none-eabi/7.2.1/../../../../arm-none-eabi/lib/thumb/v7-m/crt0.o (__libc_init_array)
/home/sam/Ac6/SystemWorkbench/plugins/fr.ac6.mcu.externaltools.arm-none.linux64_1.16.0.201807130628/tools/compiler/bin/../lib/gcc/arm-none-eabi/7.2.1/../../../../arm-none-eabi/lib/thumb/v7-m/libc_nano.a(lib_a-malloc.o)
                              APPS/effect/effect.o (malloc)
/home/sam/Ac6/SystemWorkbench/plugins/fr.ac6.mcu.externaltools.arm-none.linux64_1.16.0.201807130628/tools/compiler/bin/../lib/gcc/arm-none-eabi/7.2.1/../../../../arm-none-eabi/lib/thumb/v7-m/libc_nano.a(lib_a-memcpy-stub.o)
                              APPS/glcd/glcd.o (memcpy)
/home/sam/Ac6/SystemWorkbench/plugins/fr.ac6.mcu.externaltools.arm-none.linux64_1.16.0.201807130628/tools/compiler/bin/../lib/gcc/arm-none-eabi/7.2.1/../../../../arm-none-eabi/lib/thumb/v7-m/libc_nano.a(lib_a-memset.o)
                              /home/sam/Ac6/SystemWorkbench/plugins/fr.ac6.mcu.externaltools.arm-none.linux64_1.16.0.201807130628/tools/compiler/bin/../lib/gcc/arm-none-eabi/7.2.1/../../../../arm-none-eabi/lib/thumb/v7-m/crt0.o (memset)
/home/sam/Ac6/SystemWorkbench/plugins/fr.ac6.mcu.externaltools.arm-none.linux64_1.16.0.201807130628/tools/compiler/bin/../lib/gcc/arm-none-eabi/7.2.1/../../../../arm-none-eabi/lib/thumb/v7-m/libc_nano.a(lib_a-nano-freer.o)
                              /home/sam/Ac6/SystemWorkbench/plugins/fr.ac6.mcu.externaltools.arm-none.linux64_1.16.0.201807130628/tools/compiler/bin/../lib/gcc/arm-none-eabi/7.2.1/../../../../arm-none-eabi/lib/thumb/v7-m/libc_nano.a(lib_a-malloc.o) (_free_r)
/home/sam/Ac6/SystemWorkbench/plugins/fr.ac6.mcu.externaltools.arm-none.linux64_1.16.0.201807130628/tools/compiler/bin/../lib/gcc/arm-none-eabi/7.2.1/../../../../arm-none-eabi/lib/thumb/v7-m/libc_nano.a(lib_a-nano-mallocr.o)
                              /home/sam/Ac6/SystemWorkbench/plugins/fr.ac6.mcu.externaltools.arm-none.linux64_1.16.0.201807130628/tools/compiler/bin/../lib/gcc/arm-none-eabi/7.2.1/../../../../arm-none-eabi/lib/thumb/v7-m/libc_nano.a(lib_a-malloc.o) (_malloc_r)
[...]
Memory Configuration

Name             Origin             Length             Attributes
RAM              0x0000000020000000 0x0000000000005000 xrw
FLASH            0x0000000008000000 0x0000000000010000 xr
*default*        0x0000000000000000 0xffffffffffffffff

Linker script and memory map

LOAD /home/sam/Ac6/SystemWorkbench/plugins/fr.ac6.mcu.externaltools.arm-none.linux64_1.16.0.201807130628/tools/compiler/bin/../lib/gcc/arm-none-eabi/7.2.1/thumb/v7-m/crti.o
LOAD /home/sam/Ac6/SystemWorkbench/plugins/fr.ac6.mcu.externaltools.arm-none.linux64_1.16.0.201807130628/tools/compiler/bin/../lib/gcc/arm-none-eabi/7.2.1/thumb/v7-m/crtbegin.o
LOAD /home/sam/Ac6/SystemWorkbench/plugins/fr.ac6.mcu.externaltools.arm-none.linux64_1.16.0.201807130628/tools/compiler/bin/../lib/gcc/arm-none-eabi/7.2.1/../../../../arm-none-eabi/lib/thumb/v7-m/crt0.o
LOAD APPS/app.o
LOAD APPS/app_funcs.o
LOAD APPS/eep/contex_eep.o
LOAD APPS/eep/eeprom.o
LOAD APPS/effect/effect.o
LOAD APPS/effect/effect_preset.o
LOAD APPS/encoder/encoder.o
LOAD APPS/event/event.o
LOAD APPS/fsme/fsm_main.o
LOAD APPS/fsme/fsme-test.o
LOAD APPS/fsme/fsme.o
LOAD APPS/fv1/fv1.o
LOAD APPS/glcd/ST7565R.o
LOAD APPS/glcd/glcd.o
LOAD APPS/glcd/glcd_graphics.o
LOAD APPS/glcd/glcd_graphs.o
LOAD APPS/glcd/glcd_text.o
LOAD APPS/glcd/unit_tests.o
LOAD APPS/glcd/fonts/fonts.o
LOAD APPS/link_list/link_list.o
LOAD APPS/push-btn/push_btn.o
LOAD APPS/tm-pb/tm_stm32_button.o
LOAD APPS/tm-pb/tm_stm32_delay.o
LOAD APPS/tm-pb/tm_stm32_gpio.o
LOAD APPS/tm-pb/tm_stm32_rcc.o
LOAD APPS/volume/volume.o
LOAD APPS/volume/volume_pwm.o
LOAD Drivers/STM32F1xx_HAL_Driver/Src/stm32f1xx_hal.o
LOAD Drivers/STM32F1xx_HAL_Driver/Src/stm32f1xx_hal_adc.o
LOAD Drivers/STM32F1xx_HAL_Driver/Src/stm32f1xx_hal_adc_ex.o
LOAD Drivers/STM32F1xx_HAL_Driver/Src/stm32f1xx_hal_cortex.o
LOAD Drivers/STM32F1xx_HAL_Driver/Src/stm32f1xx_hal_dma.o
LOAD Drivers/STM32F1xx_HAL_Driver/Src/stm32f1xx_hal_flash.o
LOAD Drivers/STM32F1xx_HAL_Driver/Src/stm32f1xx_hal_flash_ex.o
LOAD Drivers/STM32F1xx_HAL_Driver/Src/stm32f1xx_hal_gpio.o
LOAD Drivers/STM32F1xx_HAL_Driver/Src/stm32f1xx_hal_gpio_ex.o
LOAD Drivers/STM32F1xx_HAL_Driver/Src/stm32f1xx_hal_pwr.o
LOAD Drivers/STM32F1xx_HAL_Driver/Src/stm32f1xx_hal_rcc.o
LOAD Drivers/STM32F1xx_HAL_Driver/Src/stm32f1xx_hal_rcc_ex.o
LOAD Drivers/STM32F1xx_HAL_Driver/Src/stm32f1xx_hal_tim.o
LOAD Drivers/STM32F1xx_HAL_Driver/Src/stm32f1xx_hal_tim_ex.o
LOAD Src/adc.o
LOAD Src/dma.o
LOAD Src/gpio.o
LOAD Src/main.o
LOAD Src/stm32f1xx_hal_msp.o
LOAD Src/stm32f1xx_it.o
LOAD Src/system_stm32f1xx.o
LOAD Src/tim.o
LOAD startup/startup_stm32f103xb.o
LOAD /home/sam/Ac6/SystemWorkbench/plugins/fr.ac6.mcu.externaltools.arm-none.linux64_1.16.0.201807130628/tools/compiler/bin/../lib/gcc/arm-none-eabi/7.2.1/../../../../arm-none-eabi/lib/thumb/v7-m/libm.a
START GROUP
LOAD /home/sam/Ac6/SystemWorkbench/plugins/fr.ac6.mcu.externaltools.arm-none.linux64_1.16.0.201807130628/tools/compiler/bin/../lib/gcc/arm-none-eabi/7.2.1/thumb/v7-m/libgcc.a
LOAD /home/sam/Ac6/SystemWorkbench/plugins/fr.ac6.mcu.externaltools.arm-none.linux64_1.16.0.201807130628/tools/compiler/bin/../lib/gcc/arm-none-eabi/7.2.1/../../../../arm-none-eabi/lib/thumb/v7-m/libc_nano.a
END GROUP
START GROUP
LOAD /home/sam/Ac6/SystemWorkbench/plugins/fr.ac6.mcu.externaltools.arm-none.linux64_1.16.0.201807130628/tools/compiler/bin/../lib/gcc/arm-none-eabi/7.2.1/thumb/v7-m/libgcc.a
LOAD /home/sam/Ac6/SystemWorkbench/plugins/fr.ac6.mcu.externaltools.arm-none.linux64_1.16.0.201807130628/tools/compiler/bin/../lib/gcc/arm-none-eabi/7.2.1/../../../../arm-none-eabi/lib/thumb/v7-m/libc_nano.a
LOAD /home/sam/Ac6/SystemWorkbench/plugins/fr.ac6.mcu.externaltools.arm-none.linux64_1.16.0.201807130628/tools/compiler/bin/../lib/gcc/arm-none-eabi/7.2.1/../../../../arm-none-eabi/lib/thumb/v7-m/libnosys.a
END GROUP
START GROUP
LOAD /home/sam/Ac6/SystemWorkbench/plugins/fr.ac6.mcu.externaltools.arm-none.linux64_1.16.0.201807130628/tools/compiler/bin/../lib/gcc/arm-none-eabi/7.2.1/thumb/v7-m/libgcc.a
LOAD /home/sam/Ac6/SystemWorkbench/plugins/fr.ac6.mcu.externaltools.arm-none.linux64_1.16.0.201807130628/tools/compiler/bin/../lib/gcc/arm-none-eabi/7.2.1/../../../../arm-none-eabi/lib/thumb/v7-m/libc_nano.a
LOAD /home/sam/Ac6/SystemWorkbench/plugins/fr.ac6.mcu.externaltools.arm-none.linux64_1.16.0.201807130628/tools/compiler/bin/../lib/gcc/arm-none-eabi/7.2.1/../../../../arm-none-eabi/lib/thumb/v7-m/libnosys.a
END GROUP
LOAD /home/sam/Ac6/SystemWorkbench/plugins/fr.ac6.mcu.externaltools.arm-none.linux64_1.16.0.201807130628/tools/compiler/bin/../lib/gcc/arm-none-eabi/7.2.1/thumb/v7-m/crtend.o
LOAD /home/sam/Ac6/SystemWorkbench/plugins/fr.ac6.mcu.externaltools.arm-none.linux64_1.16.0.201807130628/tools/compiler/bin/../lib/gcc/arm-none-eabi/7.2.1/thumb/v7-m/crtn.o
                0x0000000020005000                _estack = 0x20005000
                0x0000000000000200                _Min_Heap_Size = 0x200
                0x0000000000000400                _Min_Stack_Size = 0x400

.isr_vector     0x0000000008000000      0x10c
                0x0000000008000000                . = ALIGN (0x4)
 *(.isr_vector)
 .isr_vector    0x0000000008000000      0x10c startup/startup_stm32f103xb.o
                0x0000000008000000                g_pfnVectors
                0x000000000800010c                . = ALIGN (0x4)

.text           0x0000000008000110     0x55a4
                0x0000000008000110                . = ALIGN (0x4)
 *(.text)
 .text          0x0000000008000110       0x40 /home/sam/Ac6/SystemWorkbench/plugins/fr.ac6.mcu.externaltools.arm-none.linux64_1.16.0.201807130628/tools/compiler/bin/../lib/gcc/arm-none-eabi/7.2.1/thumb/v7-m/crtbegin.o
 .text          0x0000000008000150      0x378 /home/sam/Ac6/SystemWorkbench/plugins/fr.ac6.mcu.externaltools.arm-none.linux64_1.16.0.201807130628/tools/compiler/bin/../lib/gcc/arm-none-eabi/7.2.1/thumb/v7-m/libgcc.a(_arm_addsubdf3.o)
                0x0000000008000150                __aeabi_drsub
                0x0000000008000158                __aeabi_dsub
                0x0000000008000158                __subdf3
                0x000000000800015c                __adddf3
                0x000000000800015c                __aeabi_dadd
                0x00000000080003d4                __aeabi_ui2d
                0x00000000080003d4                __floatunsidf
                0x00000000080003f4                __floatsidf
                0x00000000080003f4                __aeabi_i2d
                0x0000000008000418                __extendsfdf2
                0x0000000008000418                __aeabi_f2d
                0x000000000800045c                __aeabi_ul2d
                0x000000000800045c                __floatundidf
                0x000000000800046c                __floatdidf
                0x000000000800046c                __aeabi_l2d
 .text          0x00000000080004c8      0x424 /home/sam/Ac6/SystemWorkbench/plugins/fr.ac6.mcu.externaltools.arm-none.linux64_1.16.0.201807130628/tools/compiler/bin/../lib/gcc/arm-none-eabi/7.2.1/thumb/v7-m/libgcc.a(_arm_muldivdf3.o)
                0x00000000080004c8                __aeabi_dmul
                0x00000000080004c8                __muldf3
                0x000000000800071c                __aeabi_ddiv
                0x000000000800071c                __divdf3
 .text          0x00000000080008ec       0x40 /home/sam/Ac6/SystemWorkbench/plugins/fr.ac6.mcu.externaltools.arm-none.linux64_1.16.0.201807130628/tools/compiler/bin/../lib/gcc/arm-none-eabi/7.2.1/thumb/v7-m/libgcc.a(_arm_fixunsdfsi.o)
                0x00000000080008ec                __fixunsdfsi
                0x00000000080008ec                __aeabi_d2uiz
 *(.text*)
 .text.app_init
                0x000000000800092c       0x54 APPS/app.o
                0x000000000800092c                app_init
 .text.App_Exec
                0x0000000008000980      0x158 APPS/app.o
                0x0000000008000980                App_Exec
 .text.app_print_3_vols_enc
                0x0000000008000ad8       0xd4 APPS/app_funcs.o
 *fill*         0x0000000008000bac        0x4 
 .text.Do_S_IDLE
                0x0000000008000bb0      0x14c APPS/app_funcs.o
                0x0000000008000bb0                Do_S_IDLE
 *fill*         0x0000000008000cfc        0x4 
 .text.Do_S_ENC
                0x0000000008000d00      0x1e8 APPS/app_funcs.o
                0x0000000008000d00                Do_S_ENC
 .text.Do_S_VOL
                0x0000000008000ee8      0x2dc APPS/app_funcs.o
                0x0000000008000ee8                Do_S_VOL
 .text.Do_S_BYPASS
                0x00000000080011c4       0x34 APPS/app_funcs.o
                0x00000000080011c4                Do_S_BYPASS
 .text.efx_find_node_in_list
                0x00000000080011f8        0xc APPS/effect/effect.o
                0x00000000080011f8                efx_find_node_in_list
 .text.efx_init_list
                0x0000000008001204       0x8c APPS/effect/effect.o
                0x0000000008001204                efx_init_list
 .text.efx_set_cur_node
                0x0000000008001290       0x28 APPS/effect/effect.o
                0x0000000008001290                efx_set_cur_node
 .text.efx_next_node
                0x00000000080012b8       0x10 APPS/effect/effect.o
                0x00000000080012b8                efx_next_node
 .text.efx_prev_node
                0x00000000080012c8       0x10 APPS/effect/effect.o
                0x00000000080012c8                efx_prev_node
 .text.efx_get_fv1_effect
                0x00000000080012d8        0xc APPS/effect/effect_preset.o
                0x00000000080012d8                efx_get_fv1_effect
 .text.enc_init
                0x00000000080012e4       0x20 APPS/encoder/encoder.o
                0x00000000080012e4                enc_init
 .text.enc_process
                0x0000000008001304       0x50 APPS/encoder/encoder.o
                0x0000000008001304                enc_process
 .text.event_init
                0x0000000008001354       0x10 APPS/event/event.o
                0x0000000008001354                event_init
 .text.event_push_node
                0x0000000008001364       0x24 APPS/event/event.o
                0x0000000008001364                event_push_node
 .text.event_pop_node
                0x0000000008001388       0x44 APPS/event/event.o
                0x0000000008001388                event_pop_node
 .text.event_create_vol_node
                0x00000000080013cc       0x30 APPS/event/event.o
                0x00000000080013cc                event_create_vol_node
 .text.event_create_btn_node
                0x00000000080013fc       0x2c APPS/event/event.o
                0x00000000080013fc                event_create_btn_node
 .text.event_create_enc_node
                0x0000000008001428       0x2c APPS/event/event.o
                0x0000000008001428                event_create_enc_node
 .text.glcd_write
                0x0000000008001454      0x19c APPS/glcd/ST7565R.o
                0x0000000008001454                glcd_write
 .text.glcd_ST7565R_init
                0x00000000080015f0      0x26c APPS/glcd/ST7565R.o
                0x00000000080015f0                glcd_ST7565R_init
 .text.glcd_init
                0x000000000800185c      0x240 APPS/glcd/ST7565R.o
                0x000000000800185c                glcd_init
 .text.glcd_update_bbox
                0x0000000008001a9c       0x48 APPS/glcd/glcd.o
                0x0000000008001a9c                glcd_update_bbox
 .text.glcd_reset_bbox
                0x0000000008001ae4       0x10 APPS/glcd/glcd.o
                0x0000000008001ae4                glcd_reset_bbox
 .text.glcd_clear
                0x0000000008001af4       0x48 APPS/glcd/glcd.o
                0x0000000008001af4                glcd_clear
 .text.glcd_clear_buffer
                0x0000000008001b3c       0x40 APPS/glcd/glcd.o
                0x0000000008001b3c                glcd_clear_buffer
 .text.glcd_select_buffer
                0x0000000008001b7c        0xc APPS/glcd/glcd.o
                0x0000000008001b7c                glcd_select_buffer
 .text.glcd_set_pixel
                0x0000000008001b88       0x44 APPS/glcd/glcd_graphics.o
                0x0000000008001b88                glcd_set_pixel
 .text.glcd_draw_rect_fill
                0x0000000008001bcc       0xf0 APPS/glcd/glcd_graphics.o
                0x0000000008001bcc                glcd_draw_rect_fill
 .text.glcd_draw_rect
                0x0000000008001cbc      0x438 APPS/glcd/glcd_graphics.o
                0x0000000008001cbc                glcd_draw_rect
 .text.glcd_draw_rect_thick
                0x00000000080020f4      0x294 APPS/glcd/glcd_graphics.o
                0x00000000080020f4                glcd_draw_rect_thick
 .text.glcd_invert_area
                0x0000000008002388       0x84 APPS/glcd/glcd_graphics.o
                0x0000000008002388                glcd_invert_area
 .text.glcd_bar_graph_horizontal
                0x000000000800240c       0x5c APPS/glcd/glcd_graphs.o
                0x000000000800240c                glcd_bar_graph_horizontal
 .text.glcd_set_font_c
                0x0000000008002468       0x1c APPS/glcd/glcd_text.o
                0x0000000008002468                glcd_set_font_c
 .text.glcd_draw_char_xy
                0x0000000008002484       0xe4 APPS/glcd/glcd_text.o
                0x0000000008002484                glcd_draw_char_xy
 .text.glcd_draw_string
                0x0000000008002568       0x38 APPS/glcd/glcd_text.o
                0x0000000008002568                glcd_draw_string
 .text.list_create
                0x00000000080025a0       0x14 APPS/link_list/link_list.o
                0x00000000080025a0                list_create
 .text.list_find_node_if
                0x00000000080025b4       0x38 APPS/link_list/link_list.o
                0x00000000080025b4                list_find_node_if
 .text.list_get_size
                0x00000000080025ec        0x4 APPS/link_list/link_list.o
                0x00000000080025ec                list_get_size
 .text.list_push_back
                0x00000000080025f0       0x38 APPS/link_list/link_list.o
                0x00000000080025f0                list_push_back
 .text.list_pop_front
                0x0000000008002628       0x48 APPS/link_list/link_list.o
                0x0000000008002628                list_pop_front
 .text.list_make_iterator
                0x0000000008002670       0x20 APPS/link_list/link_list.o
                0x0000000008002670                list_make_iterator
 .text.list_iterator_next
                0x0000000008002690       0x10 APPS/link_list/link_list.o
                0x0000000008002690                list_iterator_next
 .text.list_iterator_prev
                0x00000000080026a0       0x10 APPS/link_list/link_list.o
                0x00000000080026a0                list_iterator_prev
 .text.list_iterator_set_current
                0x00000000080026b0        0xc APPS/link_list/link_list.o
                0x00000000080026b0                list_iterator_set_current
 .text.HAL_GPIO_EXTI_Callback
                0x00000000080026bc       0x28 APPS/push-btn/push_btn.o
                0x00000000080026bc                HAL_GPIO_EXTI_Callback
 .text.btn_init
                0x00000000080026e4        0x4 APPS/push-btn/push_btn.o
                0x00000000080026e4                btn_init
 .text.btn_process
                0x00000000080026e8       0x3c APPS/push-btn/push_btn.o
                0x00000000080026e8                btn_process
 .text.TM_BUTTON_Init
                0x0000000008002724       0x88 APPS/tm-pb/tm_stm32_button.o
                0x0000000008002724                TM_BUTTON_Init
 .text.TM_BUTTON_Update
                0x00000000080027ac       0xe0 APPS/tm-pb/tm_stm32_button.o
                0x00000000080027ac                TM_BUTTON_Update
 .text.TM_DELAY_Init
                0x000000000800288c       0x3c APPS/tm-pb/tm_stm32_delay.o
                0x000000000800288c                TM_DELAY_Init
 .text.TM_DELAY_1msHandler
                0x00000000080028c8        0x4 APPS/tm-pb/tm_stm32_delay.o
                0x00000000080028c8                TM_DELAY_1msHandler
 .text.HAL_IncTick
                0x00000000080028cc       0x70 APPS/tm-pb/tm_stm32_delay.o
                0x00000000080028cc                HAL_IncTick
 .text.HAL_Delay
                0x000000000800293c       0x2c APPS/tm-pb/tm_stm32_delay.o
                0x000000000800293c                HAL_Delay
 .text.HAL_GetTick
                0x0000000008002968        0xc APPS/tm-pb/tm_stm32_delay.o
                0x0000000008002968                HAL_GetTick
 .text.TM_GPIO_Init
                0x0000000008002974      0x164 APPS/tm-pb/tm_stm32_gpio.o
                0x0000000008002974                TM_GPIO_Init
 .text.vol_process
                0x0000000008002ad8       0x58 APPS/volume/volume.o
                0x0000000008002ad8                vol_process
 .text.vol_init
                0x0000000008002b30       0x2c APPS/volume/volume.o
                0x0000000008002b30                vol_init
 .text.vol_get_raw
                0x0000000008002b5c        0xc APPS/volume/volume.o
                0x0000000008002b5c                vol_get_raw
 .text.HAL_InitTick
                0x0000000008002b68       0x44 Drivers/STM32F1xx_HAL_Driver/Src/stm32f1xx_hal.o
                0x0000000008002b68                HAL_InitTick
 .text.HAL_Init
                0x0000000008002bac       0x24 Drivers/STM32F1xx_HAL_Driver/Src/stm32f1xx_hal.o
                0x0000000008002bac                HAL_Init
 .text.HAL_ADC_Init
                0x0000000008002bd0      0x180 Drivers/STM32F1xx_HAL_Driver/Src/stm32f1xx_hal_adc.o
                0x0000000008002bd0                HAL_ADC_Init
 .text.HAL_ADC_Start_DMA
                0x0000000008002d50      0x178 Drivers/STM32F1xx_HAL_Driver/Src/stm32f1xx_hal_adc.o
                0x0000000008002d50                HAL_ADC_Start_DMA
 .text.HAL_ADC_ConvCpltCallback
                0x0000000008002ec8        0x4 Drivers/STM32F1xx_HAL_Driver/Src/stm32f1xx_hal_adc.o
                0x0000000008002ec8                HAL_ADC_ConvCpltCallback
 .text.ADC_DMAConvCplt
                0x0000000008002ecc       0x50 Drivers/STM32F1xx_HAL_Driver/Src/stm32f1xx_hal_adc.o
                0x0000000008002ecc                ADC_DMAConvCplt
 .text.HAL_ADC_ConvHalfCpltCallback
                0x0000000008002f1c        0x4 Drivers/STM32F1xx_HAL_Driver/Src/stm32f1xx_hal_adc.o
                0x0000000008002f1c                HAL_ADC_ConvHalfCpltCallback
 .text.ADC_DMAHalfConvCplt
                0x0000000008002f20        0xc Drivers/STM32F1xx_HAL_Driver/Src/stm32f1xx_hal_adc.o
                0x0000000008002f20                ADC_DMAHalfConvCplt
 .text.HAL_ADC_ErrorCallback
                0x0000000008002f2c        0x4 Drivers/STM32F1xx_HAL_Driver/Src/stm32f1xx_hal_adc.o
                0x0000000008002f2c                HAL_ADC_ErrorCallback
 .text.ADC_DMAError
                0x0000000008002f30       0x1c Drivers/STM32F1xx_HAL_Driver/Src/stm32f1xx_hal_adc.o
                0x0000000008002f30                ADC_DMAError
 .text.HAL_ADC_ConfigChannel
                0x0000000008002f4c      0x120 Drivers/STM32F1xx_HAL_Driver/Src/stm32f1xx_hal_adc.o
                0x0000000008002f4c                HAL_ADC_ConfigChannel
 .text.HAL_NVIC_SetPriorityGrouping
                0x000000000800306c       0x24 Drivers/STM32F1xx_HAL_Driver/Src/stm32f1xx_hal_cortex.o
                0x000000000800306c                HAL_NVIC_SetPriorityGrouping
 .text.HAL_NVIC_SetPriority
                0x0000000008003090       0x6c Drivers/STM32F1xx_HAL_Driver/Src/stm32f1xx_hal_cortex.o
                0x0000000008003090                HAL_NVIC_SetPriority
 .text.HAL_NVIC_EnableIRQ
                0x00000000080030fc       0x18 Drivers/STM32F1xx_HAL_Driver/Src/stm32f1xx_hal_cortex.o
                0x00000000080030fc                HAL_NVIC_EnableIRQ
 .text.HAL_SYSTICK_Config
                0x0000000008003114       0x30 Drivers/STM32F1xx_HAL_Driver/Src/stm32f1xx_hal_cortex.o
                0x0000000008003114                HAL_SYSTICK_Config
 .text.HAL_SYSTICK_CLKSourceConfig
                0x0000000008003144       0x18 Drivers/STM32F1xx_HAL_Driver/Src/stm32f1xx_hal_cortex.o
                0x0000000008003144                HAL_SYSTICK_CLKSourceConfig
 .text.HAL_SYSTICK_Callback
                0x000000000800315c        0x4 Drivers/STM32F1xx_HAL_Driver/Src/stm32f1xx_hal_cortex.o
                0x000000000800315c                HAL_SYSTICK_Callback
 .text.HAL_SYSTICK_IRQHandler
                0x0000000008003160        0x8 Drivers/STM32F1xx_HAL_Driver/Src/stm32f1xx_hal_cortex.o
                0x0000000008003160                HAL_SYSTICK_IRQHandler
 .text.HAL_DMA_Init
                0x0000000008003168       0x70 Drivers/STM32F1xx_HAL_Driver/Src/stm32f1xx_hal_dma.o
                0x0000000008003168                HAL_DMA_Init
 .text.HAL_DMA_Start_IT
                0x00000000080031d8       0x88 Drivers/STM32F1xx_HAL_Driver/Src/stm32f1xx_hal_dma.o
                0x00000000080031d8                HAL_DMA_Start_IT
 .text.HAL_DMA_IRQHandler
                0x0000000008003260      0x12c Drivers/STM32F1xx_HAL_Driver/Src/stm32f1xx_hal_dma.o
                0x0000000008003260                HAL_DMA_IRQHandler
 .text.HAL_GPIO_Init
                0x000000000800338c      0x1e0 Drivers/STM32F1xx_HAL_Driver/Src/stm32f1xx_hal_gpio.o
                0x000000000800338c                HAL_GPIO_Init
 .text.HAL_GPIO_WritePin
                0x000000000800356c        0x8 Drivers/STM32F1xx_HAL_Driver/Src/stm32f1xx_hal_gpio.o
                0x000000000800356c                HAL_GPIO_WritePin
 .text.HAL_GPIO_EXTI_IRQHandler
                0x0000000008003574       0x18 Drivers/STM32F1xx_HAL_Driver/Src/stm32f1xx_hal_gpio.o
                0x0000000008003574                HAL_GPIO_EXTI_IRQHandler
 .text.HAL_RCC_OscConfig
                0x000000000800358c      0x3d0 Drivers/STM32F1xx_HAL_Driver/Src/stm32f1xx_hal_rcc.o
                0x000000000800358c                HAL_RCC_OscConfig
 .text.HAL_RCC_ClockConfig
                0x000000000800395c      0x1ac Drivers/STM32F1xx_HAL_Driver/Src/stm32f1xx_hal_rcc.o
                0x000000000800395c                HAL_RCC_ClockConfig
 .text.HAL_RCC_GetHCLKFreq
                0x0000000008003b08        0xc Drivers/STM32F1xx_HAL_Driver/Src/stm32f1xx_hal_rcc.o
                0x0000000008003b08                HAL_RCC_GetHCLKFreq
 .text.HAL_RCCEx_PeriphCLKConfig
                0x0000000008003b14      0x104 Drivers/STM32F1xx_HAL_Driver/Src/stm32f1xx_hal_rcc_ex.o
                0x0000000008003b14                HAL_RCCEx_PeriphCLKConfig
 .text.HAL_TIM_Base_Init
                0x0000000008003c18       0x9c Drivers/STM32F1xx_HAL_Driver/Src/stm32f1xx_hal_tim.o
                0x0000000008003c18                HAL_TIM_Base_Init
 .text.HAL_TIM_Base_Start_IT
                0x0000000008003cb4       0x18 Drivers/STM32F1xx_HAL_Driver/Src/stm32f1xx_hal_tim.o
                0x0000000008003cb4                HAL_TIM_Base_Start_IT
 .text.HAL_TIM_PWM_Init
                0x0000000008003ccc       0x9c Drivers/STM32F1xx_HAL_Driver/Src/stm32f1xx_hal_tim.o
                0x0000000008003ccc                HAL_TIM_PWM_Init
 .text.HAL_TIM_Encoder_Init
                0x0000000008003d68      0x104 Drivers/STM32F1xx_HAL_Driver/Src/stm32f1xx_hal_tim.o
                0x0000000008003d68                HAL_TIM_Encoder_Init
 .text.HAL_TIM_Encoder_Start
                0x0000000008003e6c       0x48 Drivers/STM32F1xx_HAL_Driver/Src/stm32f1xx_hal_tim.o
                0x0000000008003e6c                HAL_TIM_Encoder_Start
 .text.HAL_TIM_PWM_ConfigChannel
                0x0000000008003eb4      0x1f4 Drivers/STM32F1xx_HAL_Driver/Src/stm32f1xx_hal_tim.o
                0x0000000008003eb4                HAL_TIM_PWM_ConfigChannel
 .text.HAL_TIM_ConfigClockSource
                0x00000000080040a8      0x184 Drivers/STM32F1xx_HAL_Driver/Src/stm32f1xx_hal_tim.o
                0x00000000080040a8                HAL_TIM_ConfigClockSource
 .text.HAL_TIM_OC_DelayElapsedCallback
                0x000000000800422c        0x4 Drivers/STM32F1xx_HAL_Driver/Src/stm32f1xx_hal_tim.o
                0x000000000800422c                HAL_TIM_OC_DelayElapsedCallback
 .text.HAL_TIM_IC_CaptureCallback
                0x0000000008004230        0x4 Drivers/STM32F1xx_HAL_Driver/Src/stm32f1xx_hal_tim.o
                0x0000000008004230                HAL_TIM_IC_CaptureCallback
 .text.HAL_TIM_PWM_PulseFinishedCallback
                0x0000000008004234        0x4 Drivers/STM32F1xx_HAL_Driver/Src/stm32f1xx_hal_tim.o
                0x0000000008004234                HAL_TIM_PWM_PulseFinishedCallback
 .text.HAL_TIM_TriggerCallback
                0x0000000008004238        0x4 Drivers/STM32F1xx_HAL_Driver/Src/stm32f1xx_hal_tim.o
                0x0000000008004238                HAL_TIM_TriggerCallback
 .text.HAL_TIM_IRQHandler
                0x000000000800423c      0x154 Drivers/STM32F1xx_HAL_Driver/Src/stm32f1xx_hal_tim.o
                0x000000000800423c                HAL_TIM_IRQHandler
 .text.HAL_TIMEx_ConfigBreakDeadTime
                0x0000000008004390       0x54 Drivers/STM32F1xx_HAL_Driver/Src/stm32f1xx_hal_tim_ex.o
                0x0000000008004390                HAL_TIMEx_ConfigBreakDeadTime
 .text.HAL_TIMEx_MasterConfigSynchronization
                0x00000000080043e4       0x4c Drivers/STM32F1xx_HAL_Driver/Src/stm32f1xx_hal_tim_ex.o
                0x00000000080043e4                HAL_TIMEx_MasterConfigSynchronization
 .text.HAL_TIMEx_CommutationCallback
                0x0000000008004430        0x4 Drivers/STM32F1xx_HAL_Driver/Src/stm32f1xx_hal_tim_ex.o
                0x0000000008004430                HAL_TIMEx_CommutationCallback
 .text.HAL_TIMEx_BreakCallback
                0x0000000008004434        0x4 Drivers/STM32F1xx_HAL_Driver/Src/stm32f1xx_hal_tim_ex.o
                0x0000000008004434                HAL_TIMEx_BreakCallback
 .text.MX_ADC1_Init
                0x0000000008004438       0x9c Src/adc.o
                0x0000000008004438                MX_ADC1_Init
 .text.HAL_ADC_MspInit
                0x00000000080044d4       0x8c Src/adc.o
                0x00000000080044d4                HAL_ADC_MspInit
 .text.MX_DMA_Init
                0x0000000008004560       0x34 Src/dma.o
                0x0000000008004560                MX_DMA_Init
 .text.MX_GPIO_Init
                0x0000000008004594       0xf4 Src/gpio.o
                0x0000000008004594                MX_GPIO_Init
 .text.button_handler_1
                0x0000000008004688       0xbc Src/main.o
                0x0000000008004688                button_handler_1
 .text.button_handler_2
                0x0000000008004744       0xbc Src/main.o
                0x0000000008004744                button_handler_2
 .text.HAL_TIM_PeriodElapsedCallback
                0x0000000008004800       0x54 Src/main.o
                0x0000000008004800                HAL_TIM_PeriodElapsedCallback
 .text._Error_Handler
                0x0000000008004854       0x60 Src/main.o
                0x0000000008004854                _Error_Handler
 .text.SystemClock_Config
                0x00000000080048b4       0xa0 Src/main.o
                0x00000000080048b4                SystemClock_Config
 .text.startup.main
                0x0000000008004954       0x70 Src/main.o
                0x0000000008004954                main
 .text.HAL_MspInit
                0x00000000080049c4       0xa0 Src/stm32f1xx_hal_msp.o
                0x00000000080049c4                HAL_MspInit
 .text.NMI_Handler
                0x0000000008004a64        0x4 Src/stm32f1xx_it.o
                0x0000000008004a64                NMI_Handler
 .text.HardFault_Handler
                0x0000000008004a68        0x4 Src/stm32f1xx_it.o
                0x0000000008004a68                HardFault_Handler
 .text.MemManage_Handler
                0x0000000008004a6c        0x4 Src/stm32f1xx_it.o
                0x0000000008004a6c                MemManage_Handler
 .text.BusFault_Handler
                0x0000000008004a70        0x4 Src/stm32f1xx_it.o
                0x0000000008004a70                BusFault_Handler
 .text.UsageFault_Handler
                0x0000000008004a74        0x4 Src/stm32f1xx_it.o
                0x0000000008004a74                UsageFault_Handler
 .text.SVC_Handler
                0x0000000008004a78        0x4 Src/stm32f1xx_it.o
                0x0000000008004a78                SVC_Handler
 .text.DebugMon_Handler
                0x0000000008004a7c        0x4 Src/stm32f1xx_it.o
                0x0000000008004a7c                DebugMon_Handler
 .text.PendSV_Handler
                0x0000000008004a80        0x4 Src/stm32f1xx_it.o
                0x0000000008004a80                PendSV_Handler
 .text.SysTick_Handler
                0x0000000008004a84       0x10 Src/stm32f1xx_it.o
                0x0000000008004a84                SysTick_Handler
 .text.DMA1_Channel1_IRQHandler
                0x0000000008004a94        0xc Src/stm32f1xx_it.o
                0x0000000008004a94                DMA1_Channel1_IRQHandler
 .text.EXTI9_5_IRQHandler
                0x0000000008004aa0        0x8 Src/stm32f1xx_it.o
                0x0000000008004aa0                EXTI9_5_IRQHandler
 .text.TIM2_IRQHandler
                0x0000000008004aa8        0xc Src/stm32f1xx_it.o
                0x0000000008004aa8                TIM2_IRQHandler
 .text.EXTI15_10_IRQHandler
                0x0000000008004ab4        0x8 Src/stm32f1xx_it.o
                0x0000000008004ab4                EXTI15_10_IRQHandler
 .text.SystemInit
                0x0000000008004abc       0x50 Src/system_stm32f1xx.o
                0x0000000008004abc                SystemInit
 .text.MX_TIM1_Init
                0x0000000008004b0c      0x104 Src/tim.o
                0x0000000008004b0c                MX_TIM1_Init
 .text.MX_TIM2_Init
                0x0000000008004c10       0x74 Src/tim.o
                0x0000000008004c10                MX_TIM2_Init
 .text.MX_TIM4_Init
                0x0000000008004c84       0x6c Src/tim.o
                0x0000000008004c84                MX_TIM4_Init
 .text.HAL_TIM_PWM_MspInit
                0x0000000008004cf0       0x2c Src/tim.o
                0x0000000008004cf0                HAL_TIM_PWM_MspInit
 .text.HAL_TIM_Base_MspInit
                0x0000000008004d1c       0x38 Src/tim.o
                0x0000000008004d1c                HAL_TIM_Base_MspInit
 .text.HAL_TIM_Encoder_MspInit
                0x0000000008004d54       0x44 Src/tim.o
                0x0000000008004d54                HAL_TIM_Encoder_MspInit
 .text.Reset_Handler
                0x0000000008004d98       0x48 startup/startup_stm32f103xb.o
                0x0000000008004d98                Reset_Handler
 .text.Default_Handler
                0x0000000008004de0        0x2 startup/startup_stm32f103xb.o
                0x0000000008004de0                RTC_Alarm_IRQHandler
                0x0000000008004de0                EXTI2_IRQHandler
                0x0000000008004de0                TIM1_CC_IRQHandler
                0x0000000008004de0                PVD_IRQHandler
                0x0000000008004de0                EXTI3_IRQHandler
                0x0000000008004de0                EXTI0_IRQHandler
                0x0000000008004de0                I2C2_EV_IRQHandler
                0x0000000008004de0                ADC1_2_IRQHandler
                0x0000000008004de0                SPI1_IRQHandler
                0x0000000008004de0                TAMPER_IRQHandler
                0x0000000008004de0                DMA1_Channel4_IRQHandler
                0x0000000008004de0                USART3_IRQHandler
                0x0000000008004de0                RTC_IRQHandler
                0x0000000008004de0                DMA1_Channel7_IRQHandler
                0x0000000008004de0                CAN1_RX1_IRQHandler
                0x0000000008004de0                TIM4_IRQHandler
                0x0000000008004de0                I2C1_EV_IRQHandler
                0x0000000008004de0                DMA1_Channel6_IRQHandler
                0x0000000008004de0                TIM3_IRQHandler
                0x0000000008004de0                RCC_IRQHandler
                0x0000000008004de0                TIM1_TRG_COM_IRQHandler
                0x0000000008004de0                Default_Handler
                0x0000000008004de0                SPI2_IRQHandler
                0x0000000008004de0                DMA1_Channel5_IRQHandler
                0x0000000008004de0                EXTI4_IRQHandler
                0x0000000008004de0                USB_LP_CAN1_RX0_IRQHandler
                0x0000000008004de0                USB_HP_CAN1_TX_IRQHandler
                0x0000000008004de0                DMA1_Channel3_IRQHandler
                0x0000000008004de0                TIM1_UP_IRQHandler
                0x0000000008004de0                WWDG_IRQHandler
                0x0000000008004de0                TIM1_BRK_IRQHandler
                0x0000000008004de0                EXTI1_IRQHandler
                0x0000000008004de0                USART2_IRQHandler
                0x0000000008004de0                I2C2_ER_IRQHandler
                0x0000000008004de0                DMA1_Channel2_IRQHandler
                0x0000000008004de0                CAN1_SCE_IRQHandler
                0x0000000008004de0                FLASH_IRQHandler
                0x0000000008004de0                USART1_IRQHandler
                0x0000000008004de0                I2C1_ER_IRQHandler
                0x0000000008004de0                USBWakeUp_IRQHandler
 *fill*         0x0000000008004de2        0x2 
 .text.__libc_init_array
                0x0000000008004de4       0x48 /home/sam/Ac6/SystemWorkbench/plugins/fr.ac6.mcu.externaltools.arm-none.linux64_1.16.0.201807130628/tools/compiler/bin/../lib/gcc/arm-none-eabi/7.2.1/../../../../arm-none-eabi/lib/thumb/v7-m/libc_nano.a(lib_a-init.o)
                0x0000000008004de4                __libc_init_array
 .text.malloc   0x0000000008004e2c       0x10 /home/sam/Ac6/SystemWorkbench/plugins/fr.ac6.mcu.externaltools.arm-none.linux64_1.16.0.201807130628/tools/compiler/bin/../lib/gcc/arm-none-eabi/7.2.1/../../../../arm-none-eabi/lib/thumb/v7-m/libc_nano.a(lib_a-malloc.o)
                0x0000000008004e2c                malloc
 .text.free     0x0000000008004e3c       0x10 /home/sam/Ac6/SystemWorkbench/plugins/fr.ac6.mcu.externaltools.arm-none.linux64_1.16.0.201807130628/tools/compiler/bin/../lib/gcc/arm-none-eabi/7.2.1/../../../../arm-none-eabi/lib/thumb/v7-m/libc_nano.a(lib_a-malloc.o)
                0x0000000008004e3c                free
 .text.memcpy   0x0000000008004e4c       0x16 /home/sam/Ac6/SystemWorkbench/plugins/fr.ac6.mcu.externaltools.arm-none.linux64_1.16.0.201807130628/tools/compiler/bin/../lib/gcc/arm-none-eabi/7.2.1/../../../../arm-none-eabi/lib/thumb/v7-m/libc_nano.a(lib_a-memcpy-stub.o)
                0x0000000008004e4c                memcpy
 .text.memset   0x0000000008004e62       0x10 /home/sam/Ac6/SystemWorkbench/plugins/fr.ac6.mcu.externaltools.arm-none.linux64_1.16.0.201807130628/tools/compiler/bin/../lib/gcc/arm-none-eabi/7.2.1/../../../../arm-none-eabi/lib/thumb/v7-m/libc_nano.a(lib_a-memset.o)
                0x0000000008004e62                memset
 *fill*         0x0000000008004e72        0x2 
 .text._free_r  0x0000000008004e74       0x98 /home/sam/Ac6/SystemWorkbench/plugins/fr.ac6.mcu.externaltools.arm-none.linux64_1.16.0.201807130628/tools/compiler/bin/../lib/gcc/arm-none-eabi/7.2.1/../../../../arm-none-eabi/lib/thumb/v7-m/libc_nano.a(lib_a-nano-freer.o)
                0x0000000008004e74                _free_r
 .text._malloc_r
                0x0000000008004f0c       0xb4 /home/sam/Ac6/SystemWorkbench/plugins/fr.ac6.mcu.externaltools.arm-none.linux64_1.16.0.201807130628/tools/compiler/bin/../lib/gcc/arm-none-eabi/7.2.1/../../../../arm-none-eabi/lib/thumb/v7-m/libc_nano.a(lib_a-nano-mallocr.o)
                0x0000000008004f0c                _malloc_r
 .text._sbrk_r  0x0000000008004fc0       0x20 /home/sam/Ac6/SystemWorkbench/plugins/fr.ac6.mcu.externaltools.arm-none.linux64_1.16.0.201807130628/tools/compiler/bin/../lib/gcc/arm-none-eabi/7.2.1/../../../../arm-none-eabi/lib/thumb/v7-m/libc_nano.a(lib_a-sbrkr.o)
                0x0000000008004fc0                _sbrk_r
 .text.sprintf  0x0000000008004fe0       0x40 /home/sam/Ac6/SystemWorkbench/plugins/fr.ac6.mcu.externaltools.arm-none.linux64_1.16.0.201807130628/tools/compiler/bin/../lib/gcc/arm-none-eabi/7.2.1/../../../../arm-none-eabi/lib/thumb/v7-m/libc_nano.a(lib_a-sprintf.o)
                0x0000000008004fe0                sprintf
                0x0000000008004fe0                siprintf
 .text.__malloc_lock
                0x0000000008005020        0x2 /home/sam/Ac6/SystemWorkbench/plugins/fr.ac6.mcu.externaltools.arm-none.linux64_1.16.0.201807130628/tools/compiler/bin/../lib/gcc/arm-none-eabi/7.2.1/../../../../arm-none-eabi/lib/thumb/v7-m/libc_nano.a(lib_a-mlock.o)
                0x0000000008005020                __malloc_lock
 .text.__malloc_unlock
                0x0000000008005022        0x2 /home/sam/Ac6/SystemWorkbench/plugins/fr.ac6.mcu.externaltools.arm-none.linux64_1.16.0.201807130628/tools/compiler/bin/../lib/gcc/arm-none-eabi/7.2.1/../../../../arm-none-eabi/lib/thumb/v7-m/libc_nano.a(lib_a-mlock.o)
                0x0000000008005022                __malloc_unlock
 .text.__ssputs_r
                0x0000000008005024       0xb4 /home/sam/Ac6/SystemWorkbench/plugins/fr.ac6.mcu.externaltools.arm-none.linux64_1.16.0.201807130628/tools/compiler/bin/../lib/gcc/arm-none-eabi/7.2.1/../../../../arm-none-eabi/lib/thumb/v7-m/libc_nano.a(lib_a-nano-svfprintf.o)
                0x0000000008005024                __ssputs_r
 .text._svfprintf_r
                0x00000000080050d8      0x1ec /home/sam/Ac6/SystemWorkbench/plugins/fr.ac6.mcu.externaltools.arm-none.linux64_1.16.0.201807130628/tools/compiler/bin/../lib/gcc/arm-none-eabi/7.2.1/../../../../arm-none-eabi/lib/thumb/v7-m/libc_nano.a(lib_a-nano-svfprintf.o)
                0x00000000080050d8                _svfprintf_r
                0x00000000080050d8                _svfiprintf_r
 .text._printf_common
                0x00000000080052c4       0xec /home/sam/Ac6/SystemWorkbench/plugins/fr.ac6.mcu.externaltools.arm-none.linux64_1.16.0.201807130628/tools/compiler/bin/../lib/gcc/arm-none-eabi/7.2.1/../../../../arm-none-eabi/lib/thumb/v7-m/libc_nano.a(lib_a-nano-vfprintf_i.o)
                0x00000000080052c4                _printf_common
 .text._printf_i
                0x00000000080053b0      0x224 /home/sam/Ac6/SystemWorkbench/plugins/fr.ac6.mcu.externaltools.arm-none.linux64_1.16.0.201807130628/tools/compiler/bin/../lib/gcc/arm-none-eabi/7.2.1/../../../../arm-none-eabi/lib/thumb/v7-m/libc_nano.a(lib_a-nano-vfprintf_i.o)
                0x00000000080053b0                _printf_i
 .text.memchr   0x00000000080055d4       0x1c /home/sam/Ac6/SystemWorkbench/plugins/fr.ac6.mcu.externaltools.arm-none.linux64_1.16.0.201807130628/tools/compiler/bin/../lib/gcc/arm-none-eabi/7.2.1/../../../../arm-none-eabi/lib/thumb/v7-m/libc_nano.a(lib_a-memchr-stub.o)
                0x00000000080055d4                memchr
 .text.memmove  0x00000000080055f0       0x32 /home/sam/Ac6/SystemWorkbench/plugins/fr.ac6.mcu.externaltools.arm-none.linux64_1.16.0.201807130628/tools/compiler/bin/../lib/gcc/arm-none-eabi/7.2.1/../../../../arm-none-eabi/lib/thumb/v7-m/libc_nano.a(lib_a-memmove.o)
                0x00000000080055f0                memmove
 .text._realloc_r
                0x0000000008005622       0x4c /home/sam/Ac6/SystemWorkbench/plugins/fr.ac6.mcu.externaltools.arm-none.linux64_1.16.0.201807130628/tools/compiler/bin/../lib/gcc/arm-none-eabi/7.2.1/../../../../arm-none-eabi/lib/thumb/v7-m/libc_nano.a(lib_a-nano-reallocr.o)
                0x0000000008005622                _realloc_r
 .text._malloc_usable_size_r
                0x000000000800566e       0x10 /home/sam/Ac6/SystemWorkbench/plugins/fr.ac6.mcu.externaltools.arm-none.linux64_1.16.0.201807130628/tools/compiler/bin/../lib/gcc/arm-none-eabi/7.2.1/../../../../arm-none-eabi/lib/thumb/v7-m/libc_nano.a(lib_a-nano-msizer.o)
                0x000000000800566e                _malloc_usable_size_r
 *fill*         0x000000000800567e        0x2 
 .text._sbrk    0x0000000008005680       0x1c /home/sam/Ac6/SystemWorkbench/plugins/fr.ac6.mcu.externaltools.arm-none.linux64_1.16.0.201807130628/tools/compiler/bin/../lib/gcc/arm-none-eabi/7.2.1/../../../../arm-none-eabi/lib/thumb/v7-m/libnosys.a(sbrk.o)
                0x0000000008005680                _sbrk
 *(.glue_7)
 .glue_7        0x000000000800569c        0x0 linker stubs
 *(.glue_7t)
 .glue_7t       0x000000000800569c        0x0 linker stubs
 *(.eh_frame)
 .eh_frame      0x000000000800569c        0x0 /home/sam/Ac6/SystemWorkbench/plugins/fr.ac6.mcu.externaltools.arm-none.linux64_1.16.0.201807130628/tools/compiler/bin/../lib/gcc/arm-none-eabi/7.2.1/thumb/v7-m/crtbegin.o
 *(.init)
 .init          0x000000000800569c        0x4 /home/sam/Ac6/SystemWorkbench/plugins/fr.ac6.mcu.externaltools.arm-none.linux64_1.16.0.201807130628/tools/compiler/bin/../lib/gcc/arm-none-eabi/7.2.1/thumb/v7-m/crti.o
                0x000000000800569c                _init
 .init          0x00000000080056a0        0x8 /home/sam/Ac6/SystemWorkbench/plugins/fr.ac6.mcu.externaltools.arm-none.linux64_1.16.0.201807130628/tools/compiler/bin/../lib/gcc/arm-none-eabi/7.2.1/thumb/v7-m/crtn.o
 *(.fini)
 .fini          0x00000000080056a8        0x4 /home/sam/Ac6/SystemWorkbench/plugins/fr.ac6.mcu.externaltools.arm-none.linux64_1.16.0.201807130628/tools/compiler/bin/../lib/gcc/arm-none-eabi/7.2.1/thumb/v7-m/crti.o
                0x00000000080056a8                _fini
 .fini          0x00000000080056ac        0x8 /home/sam/Ac6/SystemWorkbench/plugins/fr.ac6.mcu.externaltools.arm-none.linux64_1.16.0.201807130628/tools/compiler/bin/../lib/gcc/arm-none-eabi/7.2.1/thumb/v7-m/crtn.o
                0x00000000080056b4                . = ALIGN (0x4)
                0x00000000080056b4                _etext = .

.vfp11_veneer   0x00000000080056b4        0x0
 .vfp11_veneer  0x00000000080056b4        0x0 linker stubs

.v4_bx          0x00000000080056b4        0x0
 .v4_bx         0x00000000080056b4        0x0 linker stubs

.iplt           0x00000000080056b4        0x0
 .iplt          0x00000000080056b4        0x0 /home/sam/Ac6/SystemWorkbench/plugins/fr.ac6.mcu.externaltools.arm-none.linux64_1.16.0.201807130628/tools/compiler/bin/../lib/gcc/arm-none-eabi/7.2.1/thumb/v7-m/crtbegin.o

.rodata         0x00000000080056b4     0x526c
                0x00000000080056b4                . = ALIGN (0x4)
 *(.rodata)
 .rodata        0x00000000080056b4     0x4fc0 APPS/glcd/fonts/fonts.o
                0x00000000080056b4                FC_Default_Font_5x8_AlphaNumber
                0x00000000080056bc                FC_Tekton_Pro_Ext27x28_AlphaNumber
                0x00000000080056c4                FC_Tahoma11x13_AlphaNumber
                0x00000000080056cc                FC_Liberation_Sans17x17_Alpha
                0x00000000080056d4                FC_Liberation_Sans27x36_Numbers
                0x00000000080056dc                FC_Liberation_Sans20x28_Numbers
                0x00000000080056e4                FC_Liberation_Sans15x21_Numbers
                0x00000000080056ec                FC_Liberation_Sans11x14_Numbers
                0x00000000080056f4                FC_Bebas_Neue20x36_Bold_Numbers
                0x00000000080056fc                FC_Bebas_Neue18x36_Numbers
 .rodata        0x000000000800a674       0x10 Drivers/STM32F1xx_HAL_Driver/Src/stm32f1xx_hal_rcc.o
 .rodata        0x000000000800a684       0x18 Src/system_stm32f1xx.o
                0x000000000800a684                AHBPrescTable
                0x000000000800a694                APBPrescTable
 *(.rodata*)
 .rodata.str1.4
                0x000000000800a69c        0xe APPS/app.o
 *fill*         0x000000000800a6aa        0x2 
 .rodata.str1.4
                0x000000000800a6ac       0x30 APPS/app_funcs.o
 .rodata.str1.4
                0x000000000800a6dc       0x18 APPS/effect/effect.o
 .rodata.str1.4
                0x000000000800a6f4       0xf0 APPS/effect/effect_preset.o
 .rodata.str1.4
                0x000000000800a7e4       0x16 APPS/event/event.o
 *fill*         0x000000000800a7fa        0x2 
 .rodata.str1.4
                0x000000000800a7fc        0xd Src/adc.o
 *fill*         0x000000000800a809        0x3 
 .rodata.str1.4
                0x000000000800a80c       0x6e Src/main.o
                                         0x76 (size before relaxing)
 *fill*         0x000000000800a87a        0x2 
 .rodata.str1.4
                0x000000000800a87c       0x10 Src/tim.o
                                          0xd (size before relaxing)
 .rodata.__sf_fake_stderr
                0x000000000800a88c       0x20 /home/sam/Ac6/SystemWorkbench/plugins/fr.ac6.mcu.externaltools.arm-none.linux64_1.16.0.201807130628/tools/compiler/bin/../lib/gcc/arm-none-eabi/7.2.1/../../../../arm-none-eabi/lib/thumb/v7-m/libc_nano.a(lib_a-findfp.o)
                0x000000000800a88c                __sf_fake_stderr
 .rodata.__sf_fake_stdin
                0x000000000800a8ac       0x20 /home/sam/Ac6/SystemWorkbench/plugins/fr.ac6.mcu.externaltools.arm-none.linux64_1.16.0.201807130628/tools/compiler/bin/../lib/gcc/arm-none-eabi/7.2.1/../../../../arm-none-eabi/lib/thumb/v7-m/libc_nano.a(lib_a-findfp.o)
                0x000000000800a8ac                __sf_fake_stdin
 .rodata.__sf_fake_stdout
                0x000000000800a8cc       0x20 /home/sam/Ac6/SystemWorkbench/plugins/fr.ac6.mcu.externaltools.arm-none.linux64_1.16.0.201807130628/tools/compiler/bin/../lib/gcc/arm-none-eabi/7.2.1/../../../../arm-none-eabi/lib/thumb/v7-m/libc_nano.a(lib_a-findfp.o)
                0x000000000800a8cc                __sf_fake_stdout
 .rodata._svfprintf_r.str1.1
                0x000000000800a8ec       0x11 /home/sam/Ac6/SystemWorkbench/plugins/fr.ac6.mcu.externaltools.arm-none.linux64_1.16.0.201807130628/tools/compiler/bin/../lib/gcc/arm-none-eabi/7.2.1/../../../../arm-none-eabi/lib/thumb/v7-m/libc_nano.a(lib_a-nano-svfprintf.o)
 .rodata._printf_i.str1.1
                0x000000000800a8fd       0x22 /home/sam/Ac6/SystemWorkbench/plugins/fr.ac6.mcu.externaltools.arm-none.linux64_1.16.0.201807130628/tools/compiler/bin/../lib/gcc/arm-none-eabi/7.2.1/../../../../arm-none-eabi/lib/thumb/v7-m/libc_nano.a(lib_a-nano-vfprintf_i.o)
                0x000000000800a920                . = ALIGN (0x4)
 *fill*         0x000000000800a91f        0x1 

.rel.dyn        0x000000000800a920        0x0
 .rel.iplt      0x000000000800a920        0x0 /home/sam/Ac6/SystemWorkbench/plugins/fr.ac6.mcu.externaltools.arm-none.linux64_1.16.0.201807130628/tools/compiler/bin/../lib/gcc/arm-none-eabi/7.2.1/thumb/v7-m/crtbegin.o

.ARM.extab
 *(.ARM.extab* .gnu.linkonce.armextab.*)

.ARM            0x000000000800a920        0x0
                0x000000000800a920                __exidx_start = .
 *(.ARM.exidx*)
                0x000000000800a920                __exidx_end = .

.preinit_array  0x000000000800a920        0x0
                0x000000000800a920                PROVIDE (__preinit_array_start, .)
 *(.preinit_array*)
                0x000000000800a920                PROVIDE (__preinit_array_end, .)

.init_array     0x000000000800a920        0x4
                0x000000000800a920                PROVIDE (__init_array_start, .)
 *(SORT_BY_NAME(.init_array.*))
 *(.init_array*)
 .init_array    0x000000000800a920        0x4 /home/sam/Ac6/SystemWorkbench/plugins/fr.ac6.mcu.externaltools.arm-none.linux64_1.16.0.201807130628/tools/compiler/bin/../lib/gcc/arm-none-eabi/7.2.1/thumb/v7-m/crtbegin.o
                0x000000000800a924                PROVIDE (__init_array_end, .)

.fini_array     0x000000000800a924        0x4
                [!provide]                        PROVIDE (__fini_array_start, .)
 *(SORT_BY_NAME(.fini_array.*))
 *(.fini_array*)
 .fini_array    0x000000000800a924        0x4 /home/sam/Ac6/SystemWorkbench/plugins/fr.ac6.mcu.externaltools.arm-none.linux64_1.16.0.201807130628/tools/compiler/bin/../lib/gcc/arm-none-eabi/7.2.1/thumb/v7-m/crtbegin.o
                [!provide]                        PROVIDE (__fini_array_end, .)
                0x000000000800a928                _sidata = LOADADDR (.data)

.data           0x0000000020000000      0x2b0 load address 0x000000000800a928
                0x0000000020000000                . = ALIGN (0x4)
                0x0000000020000000                _sdata = .
 *(.data)
 .data          0x0000000020000000      0x23e APPS/effect/effect_preset.o
                0x0000000020000000                efx_preset_box
 *fill*         0x000000002000023e        0x2 
 .data          0x0000000020000240        0x8 Drivers/STM32F1xx_HAL_Driver/Src/stm32f1xx_hal.o
                0x0000000020000240                uwTickFreq
                0x0000000020000244                uwTickPrio
 .data          0x0000000020000248        0x4 Src/system_stm32f1xx.o
                0x0000000020000248                SystemCoreClock
 *(.data*)
 .data._impure_ptr
                0x000000002000024c        0x4 /home/sam/Ac6/SystemWorkbench/plugins/fr.ac6.mcu.externaltools.arm-none.linux64_1.16.0.201807130628/tools/compiler/bin/../lib/gcc/arm-none-eabi/7.2.1/../../../../arm-none-eabi/lib/thumb/v7-m/libc_nano.a(lib_a-impure.o)
                0x000000002000024c                _impure_ptr
 .data.impure_data
                0x0000000020000250       0x60 /home/sam/Ac6/SystemWorkbench/plugins/fr.ac6.mcu.externaltools.arm-none.linux64_1.16.0.201807130628/tools/compiler/bin/../lib/gcc/arm-none-eabi/7.2.1/../../../../arm-none-eabi/lib/thumb/v7-m/libc_nano.a(lib_a-impure.o)
                0x00000000200002b0                . = ALIGN (0x4)
                0x00000000200002b0                _edata = .

.igot.plt       0x00000000200002b0        0x0 load address 0x000000000800abd8
 .igot.plt      0x00000000200002b0        0x0 /home/sam/Ac6/SystemWorkbench/plugins/fr.ac6.mcu.externaltools.arm-none.linux64_1.16.0.201807130628/tools/compiler/bin/../lib/gcc/arm-none-eabi/7.2.1/thumb/v7-m/crtbegin.o
                0x00000000200002b0                . = ALIGN (0x4)

.bss            0x00000000200002b0      0x688 load address 0x000000000800abd8
                0x00000000200002b0                _sbss = .
                0x00000000200002b0                __bss_start__ = _sbss
 *(.bss)
 .bss           0x00000000200002b0       0x1c /home/sam/Ac6/SystemWorkbench/plugins/fr.ac6.mcu.externaltools.arm-none.linux64_1.16.0.201807130628/tools/compiler/bin/../lib/gcc/arm-none-eabi/7.2.1/thumb/v7-m/crtbegin.o
 .bss           0x00000000200002cc       0x10 APPS/effect/effect.o
 .bss           0x00000000200002dc        0x4 APPS/encoder/encoder.o
 .bss           0x00000000200002e0        0x4 APPS/event/event.o
 .bss           0x00000000200002e4        0x1 APPS/push-btn/push_btn.o
 *fill*         0x00000000200002e5        0x3 
 .bss           0x00000000200002e8       0x2c APPS/tm-pb/tm_stm32_button.o
 .bss           0x0000000020000314       0x20 APPS/tm-pb/tm_stm32_delay.o
                0x000000002000032c                TM_Time
                0x0000000020000330                TM_Time2
 .bss           0x0000000020000334       0x1a APPS/tm-pb/tm_stm32_gpio.o
 *fill*         0x000000002000034e        0x2 
 .bss           0x0000000020000350       0x1c APPS/volume/volume.o
 .bss           0x000000002000036c        0x4 Src/main.o
 *(.bss*)
 .bss.__malloc_free_list
                0x0000000020000370        0x4 /home/sam/Ac6/SystemWorkbench/plugins/fr.ac6.mcu.externaltools.arm-none.linux64_1.16.0.201807130628/tools/compiler/bin/../lib/gcc/arm-none-eabi/7.2.1/../../../../arm-none-eabi/lib/thumb/v7-m/libc_nano.a(lib_a-nano-mallocr.o)
                0x0000000020000370                __malloc_free_list
 .bss.__malloc_sbrk_start
                0x0000000020000374        0x4 /home/sam/Ac6/SystemWorkbench/plugins/fr.ac6.mcu.externaltools.arm-none.linux64_1.16.0.201807130628/tools/compiler/bin/../lib/gcc/arm-none-eabi/7.2.1/../../../../arm-none-eabi/lib/thumb/v7-m/libc_nano.a(lib_a-nano-mallocr.o)
                0x0000000020000374                __malloc_sbrk_start
 .bss.heap_end.4102
                0x0000000020000378        0x4 /home/sam/Ac6/SystemWorkbench/plugins/fr.ac6.mcu.externaltools.arm-none.linux64_1.16.0.201807130628/tools/compiler/bin/../lib/gcc/arm-none-eabi/7.2.1/../../../../arm-none-eabi/lib/thumb/v7-m/libnosys.a(sbrk.o)
 *(COMMON)
 COMMON         0x000000002000037c       0x40 APPS/app.o
                0x000000002000037c                app_data
 COMMON         0x00000000200003bc      0x408 APPS/glcd/glcd.o
                0x00000000200003bc                glcd_bbox
                0x00000000200003c0                glcd_buffer
                0x00000000200007c0                glcd_buffer_selected
 COMMON         0x00000000200007c4        0x8 APPS/glcd/glcd_text.o
                0x00000000200007c4                font_current
 COMMON         0x00000000200007cc       0x32 APPS/glcd/unit_tests.o
                0x00000000200007cc                str
 *fill*         0x00000000200007fe        0x2 
 COMMON         0x0000000020000800       0x74 Src/adc.o
                0x0000000020000800                hadc1
                0x0000000020000830                hdma_adc1
 COMMON         0x0000000020000874       0xc0 Src/tim.o
                0x0000000020000874                htim4
                0x00000000200008b4                htim1
                0x00000000200008f4                htim2
 COMMON         0x0000000020000934        0x4 /home/sam/Ac6/SystemWorkbench/plugins/fr.ac6.mcu.externaltools.arm-none.linux64_1.16.0.201807130628/tools/compiler/bin/../lib/gcc/arm-none-eabi/7.2.1/../../../../arm-none-eabi/lib/thumb/v7-m/libc_nano.a(lib_a-reent.o)
                0x0000000020000934                errno
                0x0000000020000938                . = ALIGN (0x4)
                0x0000000020000938                _ebss = .
                0x0000000020000938                __bss_end__ = _ebss

._user_heap_stack
                0x0000000020000938      0x600 load address 0x000000000800abd8
                0x0000000020000938                . = ALIGN (0x8)
                0x0000000020000938                PROVIDE (end, .)
                [!provide]                        PROVIDE (_end, .)
                0x0000000020000b38                . = (. + _Min_Heap_Size)
 *fill*         0x0000000020000938      0x200 
                0x0000000020000f38                . = (. + _Min_Stack_Size)
 *fill*         0x0000000020000b38      0x400 
                0x0000000020000f38                . = ALIGN (0x8)

/DISCARD/
 libc.a(*)
 libm.a(*)
 libgcc.a(*)

.ARM.attributes
                0x0000000000000000       0x29
 *(.ARM.attributes)
 .ARM.attributes
                0x0000000000000000       0x1d /home/sam/Ac6/SystemWorkbench/plugins/fr.ac6.mcu.externaltools.arm-none.linux64_1.16.0.201807130628/tools/compiler/bin/../lib/gcc/arm-none-eabi/7.2.1/thumb/v7-m/crti.o
 .ARM.attributes
                0x000000000000001d       0x2d /home/sam/Ac6/SystemWorkbench/plugins/fr.ac6.mcu.externaltools.arm-none.linux64_1.16.0.201807130628/tools/compiler/bin/../lib/gcc/arm-none-eabi/7.2.1/thumb/v7-m/crtbegin.o
 .ARM.attributes
                0x000000000000004a       0x33 APPS/app.o
 .ARM.attributes
                0x000000000000007d       0x33 APPS/app_funcs.o
 .ARM.attributes
                0x00000000000000b0       0x33 APPS/effect/effect.o
 .ARM.attributes
                0x00000000000000e3       0x33 APPS/effect/effect_preset.o
 .ARM.attributes
                0x0000000000000116       0x33 APPS/encoder/encoder.o
 .ARM.attributes
                0x0000000000000149       0x33 APPS/event/event.o
 .ARM.attributes
                0x000000000000017c       0x33 APPS/glcd/ST7565R.o
 .ARM.attributes
                0x00000000000001af       0x33 APPS/glcd/glcd.o
 .ARM.attributes
                0x00000000000001e2       0x33 APPS/glcd/glcd_graphics.o
 .ARM.attributes
                0x0000000000000215       0x33 APPS/glcd/glcd_graphs.o
 .ARM.attributes
                0x0000000000000248       0x33 APPS/glcd/glcd_text.o
 .ARM.attributes
                0x000000000000027b       0x33 APPS/glcd/unit_tests.o
 .ARM.attributes
                0x00000000000002ae       0x33 APPS/glcd/fonts/fonts.o
 .ARM.attributes
                0x00000000000002e1       0x33 APPS/link_list/link_list.o
 .ARM.attributes
                0x0000000000000314       0x33 APPS/push-btn/push_btn.o
 .ARM.attributes
                0x0000000000000347       0x33 APPS/tm-pb/tm_stm32_button.o
 .ARM.attributes
                0x000000000000037a       0x33 APPS/tm-pb/tm_stm32_delay.o
 .ARM.attributes
                0x00000000000003ad       0x33 APPS/tm-pb/tm_stm32_gpio.o
 .ARM.attributes
                0x00000000000003e0       0x33 APPS/volume/volume.o
 .ARM.attributes
                0x0000000000000413       0x33 Drivers/STM32F1xx_HAL_Driver/Src/stm32f1xx_hal.o
 .ARM.attributes
                0x0000000000000446       0x33 Drivers/STM32F1xx_HAL_Driver/Src/stm32f1xx_hal_adc.o
 .ARM.attributes
                0x0000000000000479       0x33 Drivers/STM32F1xx_HAL_Driver/Src/stm32f1xx_hal_cortex.o
 .ARM.attributes
                0x00000000000004ac       0x33 Drivers/STM32F1xx_HAL_Driver/Src/stm32f1xx_hal_dma.o
 .ARM.attributes
                0x00000000000004df       0x33 Drivers/STM32F1xx_HAL_Driver/Src/stm32f1xx_hal_gpio.o
 .ARM.attributes
                0x0000000000000512       0x33 Drivers/STM32F1xx_HAL_Driver/Src/stm32f1xx_hal_rcc.o
 .ARM.attributes
                0x0000000000000545       0x33 Drivers/STM32F1xx_HAL_Driver/Src/stm32f1xx_hal_rcc_ex.o
 .ARM.attributes
                0x0000000000000578       0x33 Drivers/STM32F1xx_HAL_Driver/Src/stm32f1xx_hal_tim.o
 .ARM.attributes
                0x00000000000005ab       0x33 Drivers/STM32F1xx_HAL_Driver/Src/stm32f1xx_hal_tim_ex.o
 .ARM.attributes
                0x00000000000005de       0x33 Src/adc.o
 .ARM.attributes
                0x0000000000000611       0x33 Src/dma.o
 .ARM.attributes
                0x0000000000000644       0x33 Src/gpio.o
 .ARM.attributes
                0x0000000000000677       0x33 Src/main.o
 .ARM.attributes
                0x00000000000006aa       0x33 Src/stm32f1xx_hal_msp.o
 .ARM.attributes
                0x00000000000006dd       0x33 Src/stm32f1xx_it.o
 .ARM.attributes
                0x0000000000000710       0x33 Src/system_stm32f1xx.o
 .ARM.attributes
                0x0000000000000743       0x33 Src/tim.o
 .ARM.attributes
                0x0000000000000776       0x21 startup/startup_stm32f103xb.o
 .ARM.attributes
                0x0000000000000797       0x1d /home/sam/Ac6/SystemWorkbench/plugins/fr.ac6.mcu.externaltools.arm-none.linux64_1.16.0.201807130628/tools/compiler/bin/../lib/gcc/arm-none-eabi/7.2.1/thumb/v7-m/libgcc.a(_arm_addsubdf3.o)
 .ARM.attributes
                0x00000000000007b4       0x1d /home/sam/Ac6/SystemWorkbench/plugins/fr.ac6.mcu.externaltools.arm-none.linux64_1.16.0.201807130628/tools/compiler/bin/../lib/gcc/arm-none-eabi/7.2.1/thumb/v7-m/libgcc.a(_arm_muldivdf3.o)
 .ARM.attributes
                0x00000000000007d1       0x1d /home/sam/Ac6/SystemWorkbench/plugins/fr.ac6.mcu.externaltools.arm-none.linux64_1.16.0.201807130628/tools/compiler/bin/../lib/gcc/arm-none-eabi/7.2.1/thumb/v7-m/libgcc.a(_arm_fixunsdfsi.o)
 .ARM.attributes
                0x00000000000007ee       0x2d /home/sam/Ac6/SystemWorkbench/plugins/fr.ac6.mcu.externaltools.arm-none.linux64_1.16.0.201807130628/tools/compiler/bin/../lib/gcc/arm-none-eabi/7.2.1/../../../../arm-none-eabi/lib/thumb/v7-m/libc_nano.a(lib_a-impure.o)
 .ARM.attributes
                0x000000000000081b       0x2d /home/sam/Ac6/SystemWorkbench/plugins/fr.ac6.mcu.externaltools.arm-none.linux64_1.16.0.201807130628/tools/compiler/bin/../lib/gcc/arm-none-eabi/7.2.1/../../../../arm-none-eabi/lib/thumb/v7-m/libc_nano.a(lib_a-init.o)
 .ARM.attributes
                0x0000000000000848       0x2d /home/sam/Ac6/SystemWorkbench/plugins/fr.ac6.mcu.externaltools.arm-none.linux64_1.16.0.201807130628/tools/compiler/bin/../lib/gcc/arm-none-eabi/7.2.1/../../../../arm-none-eabi/lib/thumb/v7-m/libc_nano.a(lib_a-malloc.o)
 .ARM.attributes
                0x0000000000000875       0x2d /home/sam/Ac6/SystemWorkbench/plugins/fr.ac6.mcu.externaltools.arm-none.linux64_1.16.0.201807130628/tools/compiler/bin/../lib/gcc/arm-none-eabi/7.2.1/../../../../arm-none-eabi/lib/thumb/v7-m/libc_nano.a(lib_a-memcpy-stub.o)
 .ARM.attributes
                0x00000000000008a2       0x2d /home/sam/Ac6/SystemWorkbench/plugins/fr.ac6.mcu.externaltools.arm-none.linux64_1.16.0.201807130628/tools/compiler/bin/../lib/gcc/arm-none-eabi/7.2.1/../../../../arm-none-eabi/lib/thumb/v7-m/libc_nano.a(lib_a-memset.o)
 .ARM.attributes
                0x00000000000008cf       0x2d /home/sam/Ac6/SystemWorkbench/plugins/fr.ac6.mcu.externaltools.arm-none.linux64_1.16.0.201807130628/tools/compiler/bin/../lib/gcc/arm-none-eabi/7.2.1/../../../../arm-none-eabi/lib/thumb/v7-m/libc_nano.a(lib_a-nano-freer.o)
 .ARM.attributes
                0x00000000000008fc       0x2d /home/sam/Ac6/SystemWorkbench/plugins/fr.ac6.mcu.externaltools.arm-none.linux64_1.16.0.201807130628/tools/compiler/bin/../lib/gcc/arm-none-eabi/7.2.1/../../../../arm-none-eabi/lib/thumb/v7-m/libc_nano.a(lib_a-nano-mallocr.o)
 .ARM.attributes
                0x0000000000000929       0x2d /home/sam/Ac6/SystemWorkbench/plugins/fr.ac6.mcu.externaltools.arm-none.linux64_1.16.0.201807130628/tools/compiler/bin/../lib/gcc/arm-none-eabi/7.2.1/../../../../arm-none-eabi/lib/thumb/v7-m/libc_nano.a(lib_a-sbrkr.o)
 .ARM.attributes
                0x0000000000000956       0x2d /home/sam/Ac6/SystemWorkbench/plugins/fr.ac6.mcu.externaltools.arm-none.linux64_1.16.0.201807130628/tools/compiler/bin/../lib/gcc/arm-none-eabi/7.2.1/../../../../arm-none-eabi/lib/thumb/v7-m/libc_nano.a(lib_a-sprintf.o)
 .ARM.attributes
                0x0000000000000983       0x2d /home/sam/Ac6/SystemWorkbench/plugins/fr.ac6.mcu.externaltools.arm-none.linux64_1.16.0.201807130628/tools/compiler/bin/../lib/gcc/arm-none-eabi/7.2.1/../../../../arm-none-eabi/lib/thumb/v7-m/libc_nano.a(lib_a-findfp.o)
 .ARM.attributes
                0x00000000000009b0       0x2d /home/sam/Ac6/SystemWorkbench/plugins/fr.ac6.mcu.externaltools.arm-none.linux64_1.16.0.201807130628/tools/compiler/bin/../lib/gcc/arm-none-eabi/7.2.1/../../../../arm-none-eabi/lib/thumb/v7-m/libc_nano.a(lib_a-mlock.o)
 .ARM.attributes
                0x00000000000009dd       0x2d /home/sam/Ac6/SystemWorkbench/plugins/fr.ac6.mcu.externaltools.arm-none.linux64_1.16.0.201807130628/tools/compiler/bin/../lib/gcc/arm-none-eabi/7.2.1/../../../../arm-none-eabi/lib/thumb/v7-m/libc_nano.a(lib_a-nano-svfprintf.o)
 .ARM.attributes
                0x0000000000000a0a       0x2d /home/sam/Ac6/SystemWorkbench/plugins/fr.ac6.mcu.externaltools.arm-none.linux64_1.16.0.201807130628/tools/compiler/bin/../lib/gcc/arm-none-eabi/7.2.1/../../../../arm-none-eabi/lib/thumb/v7-m/libc_nano.a(lib_a-nano-vfprintf_i.o)
 .ARM.attributes
                0x0000000000000a37       0x2d /home/sam/Ac6/SystemWorkbench/plugins/fr.ac6.mcu.externaltools.arm-none.linux64_1.16.0.201807130628/tools/compiler/bin/../lib/gcc/arm-none-eabi/7.2.1/../../../../arm-none-eabi/lib/thumb/v7-m/libc_nano.a(lib_a-reent.o)
 .ARM.attributes
                0x0000000000000a64       0x2d /home/sam/Ac6/SystemWorkbench/plugins/fr.ac6.mcu.externaltools.arm-none.linux64_1.16.0.201807130628/tools/compiler/bin/../lib/gcc/arm-none-eabi/7.2.1/../../../../arm-none-eabi/lib/thumb/v7-m/libc_nano.a(lib_a-memchr-stub.o)
 .ARM.attributes
                0x0000000000000a91       0x2d /home/sam/Ac6/SystemWorkbench/plugins/fr.ac6.mcu.externaltools.arm-none.linux64_1.16.0.201807130628/tools/compiler/bin/../lib/gcc/arm-none-eabi/7.2.1/../../../../arm-none-eabi/lib/thumb/v7-m/libc_nano.a(lib_a-memmove.o)
 .ARM.attributes
                0x0000000000000abe       0x2d /home/sam/Ac6/SystemWorkbench/plugins/fr.ac6.mcu.externaltools.arm-none.linux64_1.16.0.201807130628/tools/compiler/bin/../lib/gcc/arm-none-eabi/7.2.1/../../../../arm-none-eabi/lib/thumb/v7-m/libc_nano.a(lib_a-nano-reallocr.o)
 .ARM.attributes
                0x0000000000000aeb       0x2d /home/sam/Ac6/SystemWorkbench/plugins/fr.ac6.mcu.externaltools.arm-none.linux64_1.16.0.201807130628/tools/compiler/bin/../lib/gcc/arm-none-eabi/7.2.1/../../../../arm-none-eabi/lib/thumb/v7-m/libc_nano.a(lib_a-nano-msizer.o)
 .ARM.attributes
                0x0000000000000b18       0x2d /home/sam/Ac6/SystemWorkbench/plugins/fr.ac6.mcu.externaltools.arm-none.linux64_1.16.0.201807130628/tools/compiler/bin/../lib/gcc/arm-none-eabi/7.2.1/../../../../arm-none-eabi/lib/thumb/v7-m/libnosys.a(sbrk.o)
 .ARM.attributes
                0x0000000000000b45       0x1d /home/sam/Ac6/SystemWorkbench/plugins/fr.ac6.mcu.externaltools.arm-none.linux64_1.16.0.201807130628/tools/compiler/bin/../lib/gcc/arm-none-eabi/7.2.1/thumb/v7-m/crtn.o
OUTPUT(mus_cube.elf elf32-littlearm)

.debug_info     0x0000000000000000    0x75f26
 .debug_info    0x0000000000000000     0x6c89 APPS/app.o
 .debug_info    0x0000000000006c89     0x7bc0 APPS/app_funcs.o
 .debug_info    0x000000000000e849     0x1a00 APPS/effect/effect.o
 .debug_info    0x0000000000010249     0x11c3 APPS/effect/effect_preset.o
 .debug_info    0x000000000001140c     0x1193 APPS/encoder/encoder.o
 .debug_info    0x000000000001259f     0x153b APPS/event/event.o
 .debug_info    0x0000000000013ada     0x9104 APPS/glcd/ST7565R.o
 .debug_info    0x000000000001cbde     0x64f5 APPS/glcd/glcd.o
 .debug_info    0x00000000000230d3     0x7d95 APPS/glcd/glcd_graphics.o
 .debug_info    0x000000000002ae68     0x6760 APPS/glcd/glcd_graphs.o
 .debug_info    0x00000000000315c8     0x66ff APPS/glcd/glcd_text.o
 .debug_info    0x0000000000037cc7     0x94d6 APPS/glcd/unit_tests.o
 .debug_info    0x000000000004119d     0x133f APPS/glcd/fonts/fonts.o
 .debug_info    0x00000000000424dc     0x15bb APPS/link_list/link_list.o
 .debug_info    0x0000000000043a97     0x10b9 APPS/push-btn/push_btn.o
 .debug_info    0x0000000000044b50     0x6b91 APPS/tm-pb/tm_stm32_button.o
 .debug_info    0x000000000004b6e1     0x6de4 APPS/tm-pb/tm_stm32_delay.o
 .debug_info    0x00000000000524c5     0x6df8 APPS/tm-pb/tm_stm32_gpio.o
 .debug_info    0x00000000000592bd     0x12fc APPS/volume/volume.o
 .debug_info    0x000000000005a5b9      0xfce Drivers/STM32F1xx_HAL_Driver/Src/stm32f1xx_hal.o
 .debug_info    0x000000000005b587     0x195e Drivers/STM32F1xx_HAL_Driver/Src/stm32f1xx_hal_adc.o
 .debug_info    0x000000000005cee5     0x1473 Drivers/STM32F1xx_HAL_Driver/Src/stm32f1xx_hal_cortex.o
 .debug_info    0x000000000005e358     0x1017 Drivers/STM32F1xx_HAL_Driver/Src/stm32f1xx_hal_dma.o
 .debug_info    0x000000000005f36f      0xe8c Drivers/STM32F1xx_HAL_Driver/Src/stm32f1xx_hal_gpio.o
 .debug_info    0x00000000000601fb     0x127f Drivers/STM32F1xx_HAL_Driver/Src/stm32f1xx_hal_rcc.o
 .debug_info    0x000000000006147a      0xc63 Drivers/STM32F1xx_HAL_Driver/Src/stm32f1xx_hal_rcc_ex.o
 .debug_info    0x00000000000620dd     0x4334 Drivers/STM32F1xx_HAL_Driver/Src/stm32f1xx_hal_tim.o
 .debug_info    0x0000000000066411     0x1b39 Drivers/STM32F1xx_HAL_Driver/Src/stm32f1xx_hal_tim_ex.o
 .debug_info    0x0000000000067f4a     0x1151 Src/adc.o
 .debug_info    0x000000000006909b      0xb90 Src/dma.o
 .debug_info    0x0000000000069c2b      0xdc4 Src/gpio.o
 .debug_info    0x000000000006a9ef     0x740f Src/main.o
 .debug_info    0x0000000000071dfe      0xce8 Src/stm32f1xx_hal_msp.o
 .debug_info    0x0000000000072ae6      0xf46 Src/stm32f1xx_it.o
 .debug_info    0x0000000000073a2c      0xc15 Src/system_stm32f1xx.o
 .debug_info    0x0000000000074641     0x18c3 Src/tim.o
 .debug_info    0x0000000000075f04       0x22 startup/startup_stm32f103xb.o

.debug_abbrev   0x0000000000000000     0x735a
 .debug_abbrev  0x0000000000000000      0x3cf APPS/app.o
 .debug_abbrev  0x00000000000003cf      0x432 APPS/app_funcs.o
 .debug_abbrev  0x0000000000000801      0x3ea APPS/effect/effect.o
 .debug_abbrev  0x0000000000000beb      0x20d APPS/effect/effect_preset.o
 .debug_abbrev  0x0000000000000df8      0x311 APPS/encoder/encoder.o
 .debug_abbrev  0x0000000000001109      0x343 APPS/event/event.o
 .debug_abbrev  0x000000000000144c      0x3c5 APPS/glcd/ST7565R.o
 .debug_abbrev  0x0000000000001811      0x34a APPS/glcd/glcd.o
 .debug_abbrev  0x0000000000001b5b      0x409 APPS/glcd/glcd_graphics.o
 .debug_abbrev  0x0000000000001f64      0x2d9 APPS/glcd/glcd_graphs.o
 .debug_abbrev  0x000000000000223d      0x372 APPS/glcd/glcd_text.o
 .debug_abbrev  0x00000000000025af      0x4d9 APPS/glcd/unit_tests.o
 .debug_abbrev  0x0000000000002a88      0x1f4 APPS/glcd/fonts/fonts.o
 .debug_abbrev  0x0000000000002c7c      0x44c APPS/link_list/link_list.o
 .debug_abbrev  0x00000000000030c8      0x266 APPS/push-btn/push_btn.o
 .debug_abbrev  0x000000000000332e      0x341 APPS/tm-pb/tm_stm32_button.o
 .debug_abbrev  0x000000000000366f      0x3c6 APPS/tm-pb/tm_stm32_delay.o
 .debug_abbrev  0x0000000000003a35      0x399 APPS/tm-pb/tm_stm32_gpio.o
 .debug_abbrev  0x0000000000003dce      0x321 APPS/volume/volume.o
 .debug_abbrev  0x00000000000040ef      0x347 Drivers/STM32F1xx_HAL_Driver/Src/stm32f1xx_hal.o
 .debug_abbrev  0x0000000000004436      0x349 Drivers/STM32F1xx_HAL_Driver/Src/stm32f1xx_hal_adc.o
 .debug_abbrev  0x000000000000477f      0x3c5 Drivers/STM32F1xx_HAL_Driver/Src/stm32f1xx_hal_cortex.o
 .debug_abbrev  0x0000000000004b44      0x2ee Drivers/STM32F1xx_HAL_Driver/Src/stm32f1xx_hal_dma.o
 .debug_abbrev  0x0000000000004e32      0x2a5 Drivers/STM32F1xx_HAL_Driver/Src/stm32f1xx_hal_gpio.o
 .debug_abbrev  0x00000000000050d7      0x3ba Drivers/STM32F1xx_HAL_Driver/Src/stm32f1xx_hal_rcc.o
 .debug_abbrev  0x0000000000005491      0x2b2 Drivers/STM32F1xx_HAL_Driver/Src/stm32f1xx_hal_rcc_ex.o
 .debug_abbrev  0x0000000000005743      0x41b Drivers/STM32F1xx_HAL_Driver/Src/stm32f1xx_hal_tim.o
 .debug_abbrev  0x0000000000005b5e      0x382 Drivers/STM32F1xx_HAL_Driver/Src/stm32f1xx_hal_tim_ex.o
 .debug_abbrev  0x0000000000005ee0      0x275 Src/adc.o
 .debug_abbrev  0x0000000000006155      0x235 Src/dma.o
 .debug_abbrev  0x000000000000638a      0x243 Src/gpio.o
 .debug_abbrev  0x00000000000065cd      0x33a Src/main.o
 .debug_abbrev  0x0000000000006907      0x23d Src/stm32f1xx_hal_msp.o
 .debug_abbrev  0x0000000000006b44      0x28a Src/stm32f1xx_it.o
 .debug_abbrev  0x0000000000006dce      0x228 Src/system_stm32f1xx.o
 .debug_abbrev  0x0000000000006ff6      0x352 Src/tim.o
 .debug_abbrev  0x0000000000007348       0x12 startup/startup_stm32f103xb.o

.debug_loc      0x0000000000000000     0xf923
 .debug_loc     0x0000000000000000      0x43b APPS/app.o
 .debug_loc     0x000000000000043b      0x291 APPS/app_funcs.o
 .debug_loc     0x00000000000006cc      0x3f9 APPS/effect/effect.o
 .debug_loc     0x0000000000000ac5       0x21 APPS/effect/effect_preset.o
 .debug_loc     0x0000000000000ae6       0x8c APPS/encoder/encoder.o
 .debug_loc     0x0000000000000b72      0x229 APPS/event/event.o
 .debug_loc     0x0000000000000d9b      0x923 APPS/glcd/ST7565R.o
 .debug_loc     0x00000000000016be      0x145 APPS/glcd/glcd.o
 .debug_loc     0x0000000000001803     0x2b25 APPS/glcd/glcd_graphics.o
 .debug_loc     0x0000000000004328      0x6c8 APPS/glcd/glcd_graphs.o
 .debug_loc     0x00000000000049f0      0x621 APPS/glcd/glcd_text.o
 .debug_loc     0x0000000000005011      0x413 APPS/glcd/unit_tests.o
 .debug_loc     0x0000000000005424      0xd11 APPS/link_list/link_list.o
 .debug_loc     0x0000000000006135      0x1d0 APPS/tm-pb/tm_stm32_button.o
 .debug_loc     0x0000000000006305      0x25a APPS/tm-pb/tm_stm32_delay.o
 .debug_loc     0x000000000000655f      0x73e APPS/tm-pb/tm_stm32_gpio.o
 .debug_loc     0x0000000000006c9d       0xe1 APPS/volume/volume.o
 .debug_loc     0x0000000000006d7e      0x10d Drivers/STM32F1xx_HAL_Driver/Src/stm32f1xx_hal.o
 .debug_loc     0x0000000000006e8b      0xef4 Drivers/STM32F1xx_HAL_Driver/Src/stm32f1xx_hal_adc.o
 .debug_loc     0x0000000000007d7f      0x56c Drivers/STM32F1xx_HAL_Driver/Src/stm32f1xx_hal_cortex.o
 .debug_loc     0x00000000000082eb      0x993 Drivers/STM32F1xx_HAL_Driver/Src/stm32f1xx_hal_dma.o
 .debug_loc     0x0000000000008c7e      0x41e Drivers/STM32F1xx_HAL_Driver/Src/stm32f1xx_hal_gpio.o
 .debug_loc     0x000000000000909c      0x5e2 Drivers/STM32F1xx_HAL_Driver/Src/stm32f1xx_hal_rcc.o
 .debug_loc     0x000000000000967e      0x2f2 Drivers/STM32F1xx_HAL_Driver/Src/stm32f1xx_hal_rcc_ex.o
 .debug_loc     0x0000000000009970     0x4e74 Drivers/STM32F1xx_HAL_Driver/Src/stm32f1xx_hal_tim.o
 .debug_loc     0x000000000000e7e4      0xe2b Drivers/STM32F1xx_HAL_Driver/Src/stm32f1xx_hal_tim_ex.o
 .debug_loc     0x000000000000f60f       0x4a Src/adc.o
 .debug_loc     0x000000000000f659       0xf7 Src/main.o
 .debug_loc     0x000000000000f750       0xcd Src/system_stm32f1xx.o
 .debug_loc     0x000000000000f81d      0x106 Src/tim.o

.debug_aranges  0x0000000000000000     0x1048
 .debug_aranges
                0x0000000000000000       0x58 APPS/app.o
 .debug_aranges
                0x0000000000000058       0x68 APPS/app_funcs.o
 .debug_aranges
                0x00000000000000c0       0xa0 APPS/effect/effect.o
 .debug_aranges
                0x0000000000000160       0x20 APPS/effect/effect_preset.o
 .debug_aranges
                0x0000000000000180       0x48 APPS/encoder/encoder.o
 .debug_aranges
                0x00000000000001c8       0x58 APPS/event/event.o
 .debug_aranges
                0x0000000000000220       0xb0 APPS/glcd/ST7565R.o
 .debug_aranges
                0x00000000000002d0       0x58 APPS/glcd/glcd.o
 .debug_aranges
                0x0000000000000328       0x78 APPS/glcd/glcd_graphics.o
 .debug_aranges
                0x00000000000003a0       0x48 APPS/glcd/glcd_graphs.o
 .debug_aranges
                0x00000000000003e8       0x50 APPS/glcd/glcd_text.o
 .debug_aranges
                0x0000000000000438       0xd8 APPS/glcd/unit_tests.o
 .debug_aranges
                0x0000000000000510       0x18 APPS/glcd/fonts/fonts.o
 .debug_aranges
                0x0000000000000528       0xd8 APPS/link_list/link_list.o
 .debug_aranges
                0x0000000000000600       0x30 APPS/push-btn/push_btn.o
 .debug_aranges
                0x0000000000000630       0x30 APPS/tm-pb/tm_stm32_button.o
 .debug_aranges
                0x0000000000000660       0x78 APPS/tm-pb/tm_stm32_delay.o
 .debug_aranges
                0x00000000000006d8       0x70 APPS/tm-pb/tm_stm32_gpio.o
 .debug_aranges
                0x0000000000000748       0x50 APPS/volume/volume.o
 .debug_aranges
                0x0000000000000798       0xc8 Drivers/STM32F1xx_HAL_Driver/Src/stm32f1xx_hal.o
 .debug_aranges
                0x0000000000000860       0xc8 Drivers/STM32F1xx_HAL_Driver/Src/stm32f1xx_hal_adc.o
 .debug_aranges
                0x0000000000000928       0x90 Drivers/STM32F1xx_HAL_Driver/Src/stm32f1xx_hal_cortex.o
 .debug_aranges
                0x00000000000009b8       0x78 Drivers/STM32F1xx_HAL_Driver/Src/stm32f1xx_hal_dma.o
 .debug_aranges
                0x0000000000000a30       0x58 Drivers/STM32F1xx_HAL_Driver/Src/stm32f1xx_hal_gpio.o
 .debug_aranges
                0x0000000000000a88       0x88 Drivers/STM32F1xx_HAL_Driver/Src/stm32f1xx_hal_rcc.o
 .debug_aranges
                0x0000000000000b10       0x30 Drivers/STM32F1xx_HAL_Driver/Src/stm32f1xx_hal_rcc_ex.o
 .debug_aranges
                0x0000000000000b40      0x230 Drivers/STM32F1xx_HAL_Driver/Src/stm32f1xx_hal_tim.o
 .debug_aranges
                0x0000000000000d70       0xe0 Drivers/STM32F1xx_HAL_Driver/Src/stm32f1xx_hal_tim_ex.o
 .debug_aranges
                0x0000000000000e50       0x30 Src/adc.o
 .debug_aranges
                0x0000000000000e80       0x20 Src/dma.o
 .debug_aranges
                0x0000000000000ea0       0x20 Src/gpio.o
 .debug_aranges
                0x0000000000000ec0       0x48 Src/main.o
 .debug_aranges
                0x0000000000000f08       0x20 Src/stm32f1xx_hal_msp.o
 .debug_aranges
                0x0000000000000f28       0x68 Src/stm32f1xx_it.o
 .debug_aranges
                0x0000000000000f90       0x28 Src/system_stm32f1xx.o
 .debug_aranges
                0x0000000000000fb8       0x68 Src/tim.o
 .debug_aranges
                0x0000000000001020       0x28 startup/startup_stm32f103xb.o

.debug_ranges   0x0000000000000000     0x2e90
 .debug_ranges  0x0000000000000000      0x278 APPS/app.o
 .debug_ranges  0x0000000000000278      0x200 APPS/app_funcs.o
 .debug_ranges  0x0000000000000478      0x118 APPS/effect/effect.o
 .debug_ranges  0x0000000000000590       0x10 APPS/effect/effect_preset.o
 .debug_ranges  0x00000000000005a0       0x58 APPS/encoder/encoder.o
 .debug_ranges  0x00000000000005f8       0x80 APPS/event/event.o
 .debug_ranges  0x0000000000000678      0x248 APPS/glcd/ST7565R.o
 .debug_ranges  0x00000000000008c0       0x48 APPS/glcd/glcd.o
 .debug_ranges  0x0000000000000908      0xa28 APPS/glcd/glcd_graphics.o
 .debug_ranges  0x0000000000001330       0x98 APPS/glcd/glcd_graphs.o
 .debug_ranges  0x00000000000013c8       0xa0 APPS/glcd/glcd_text.o
 .debug_ranges  0x0000000000001468      0x100 APPS/glcd/unit_tests.o
 .debug_ranges  0x0000000000001568      0x3e0 APPS/link_list/link_list.o
 .debug_ranges  0x0000000000001948       0x20 APPS/push-btn/push_btn.o
 .debug_ranges  0x0000000000001968       0x50 APPS/tm-pb/tm_stm32_button.o
 .debug_ranges  0x00000000000019b8       0x68 APPS/tm-pb/tm_stm32_delay.o
 .debug_ranges  0x0000000000001a20      0x108 APPS/tm-pb/tm_stm32_gpio.o
 .debug_ranges  0x0000000000001b28       0x60 APPS/volume/volume.o
 .debug_ranges  0x0000000000001b88       0xb8 Drivers/STM32F1xx_HAL_Driver/Src/stm32f1xx_hal.o
 .debug_ranges  0x0000000000001c40      0x208 Drivers/STM32F1xx_HAL_Driver/Src/stm32f1xx_hal_adc.o
 .debug_ranges  0x0000000000001e48      0x148 Drivers/STM32F1xx_HAL_Driver/Src/stm32f1xx_hal_cortex.o
 .debug_ranges  0x0000000000001f90       0xc0 Drivers/STM32F1xx_HAL_Driver/Src/stm32f1xx_hal_dma.o
 .debug_ranges  0x0000000000002050       0x60 Drivers/STM32F1xx_HAL_Driver/Src/stm32f1xx_hal_gpio.o
 .debug_ranges  0x00000000000020b0      0x110 Drivers/STM32F1xx_HAL_Driver/Src/stm32f1xx_hal_rcc.o
 .debug_ranges  0x00000000000021c0       0x58 Drivers/STM32F1xx_HAL_Driver/Src/stm32f1xx_hal_rcc_ex.o
 .debug_ranges  0x0000000000002218      0x790 Drivers/STM32F1xx_HAL_Driver/Src/stm32f1xx_hal_tim.o
 .debug_ranges  0x00000000000029a8      0x1d8 Drivers/STM32F1xx_HAL_Driver/Src/stm32f1xx_hal_tim_ex.o
 .debug_ranges  0x0000000000002b80       0x50 Src/adc.o
 .debug_ranges  0x0000000000002bd0       0x40 Src/dma.o
 .debug_ranges  0x0000000000002c10       0x90 Src/gpio.o
 .debug_ranges  0x0000000000002ca0       0x38 Src/main.o
 .debug_ranges  0x0000000000002cd8       0x38 Src/stm32f1xx_hal_msp.o
 .debug_ranges  0x0000000000002d10       0x58 Src/stm32f1xx_it.o
 .debug_ranges  0x0000000000002d68       0x18 Src/system_stm32f1xx.o
 .debug_ranges  0x0000000000002d80       0xf0 Src/tim.o
 .debug_ranges  0x0000000000002e70       0x20 startup/startup_stm32f103xb.o

.debug_macro    0x0000000000000000    0x1c2b0
 .debug_macro   0x0000000000000000      0x47d APPS/app.o
 .debug_macro   0x000000000000047d      0xa60 APPS/app.o
 .debug_macro   0x0000000000000edd      0x130 APPS/app.o
 .debug_macro   0x000000000000100d      0x16f APPS/app.o
 .debug_macro   0x000000000000117c       0x2e APPS/app.o
 .debug_macro   0x00000000000011aa       0x22 APPS/app.o
 .debug_macro   0x00000000000011cc       0x22 APPS/app.o
 .debug_macro   0x00000000000011ee       0x87 APPS/app.o
 .debug_macro   0x0000000000001275       0x51 APPS/app.o
 .debug_macro   0x00000000000012c6       0xef APPS/app.o
 .debug_macro   0x00000000000013b5       0x6a APPS/app.o
 .debug_macro   0x000000000000141f      0x1df APPS/app.o
 .debug_macro   0x00000000000015fe       0x34 APPS/app.o
 .debug_macro   0x0000000000001632       0x34 APPS/app.o
 .debug_macro   0x0000000000001666      0xb8e APPS/app.o
 .debug_macro   0x00000000000021f4     0xe90a APPS/app.o
 .debug_macro   0x0000000000010afe       0x43 APPS/app.o
 .debug_macro   0x0000000000010b41       0x58 APPS/app.o
 .debug_macro   0x0000000000010b99       0x17 APPS/app.o
 .debug_macro   0x0000000000010bb0       0x35 APPS/app.o
 .debug_macro   0x0000000000010be5       0x9c APPS/app.o
 .debug_macro   0x0000000000010c81       0x16 APPS/app.o
 .debug_macro   0x0000000000010c97       0x97 APPS/app.o
 .debug_macro   0x0000000000010d2e      0x330 APPS/app.o
 .debug_macro   0x000000000001105e       0xfd APPS/app.o
 .debug_macro   0x000000000001115b       0x10 APPS/app.o
 .debug_macro   0x000000000001116b       0x58 APPS/app.o
 .debug_macro   0x00000000000111c3       0x1f APPS/app.o
 .debug_macro   0x00000000000111e2       0x43 APPS/app.o
 .debug_macro   0x0000000000011225       0x20 APPS/app.o
 .debug_macro   0x0000000000011245      0x18e APPS/app.o
 .debug_macro   0x00000000000113d3       0x10 APPS/app.o
 .debug_macro   0x00000000000113e3       0x1c APPS/app.o
 .debug_macro   0x00000000000113ff       0x52 APPS/app.o
 .debug_macro   0x0000000000011451       0x40 APPS/app.o
 .debug_macro   0x0000000000011491       0x10 APPS/app.o
 .debug_macro   0x00000000000114a1       0x40 APPS/app.o
 .debug_macro   0x00000000000114e1       0xd7 APPS/app.o
 .debug_macro   0x00000000000115b8       0x1c APPS/app.o
 .debug_macro   0x00000000000115d4       0x3d APPS/app.o
 .debug_macro   0x0000000000011611       0x16 APPS/app.o
 .debug_macro   0x0000000000011627      0x16f APPS/app.o
 .debug_macro   0x0000000000011796       0x50 APPS/app.o
 .debug_macro   0x00000000000117e6      0x5c2 APPS/app.o
 .debug_macro   0x0000000000011da8      0x28a APPS/app.o
 .debug_macro   0x0000000000012032      0x1cb APPS/app.o
 .debug_macro   0x00000000000121fd      0x11e APPS/app.o
 .debug_macro   0x000000000001231b      0x1b3 APPS/app.o
 .debug_macro   0x00000000000124ce       0x27 APPS/app.o
 .debug_macro   0x00000000000124f5      0x1bc APPS/app.o
 .debug_macro   0x00000000000126b1       0x34 APPS/app.o
 .debug_macro   0x00000000000126e5       0x3c APPS/app.o
 .debug_macro   0x0000000000012721       0x57 APPS/app.o
 .debug_macro   0x0000000000012778      0x46a APPS/app.o
 .debug_macro   0x0000000000012be2      0x1b5 APPS/app.o
 .debug_macro   0x0000000000012d97       0x8c APPS/app.o
 .debug_macro   0x0000000000012e23      0x242 APPS/app.o
 .debug_macro   0x0000000000013065      0x143 APPS/app.o
 .debug_macro   0x00000000000131a8      0x84c APPS/app.o
 .debug_macro   0x00000000000139f4       0x1f APPS/app.o
 .debug_macro   0x0000000000013a13       0x83 APPS/app.o
 .debug_macro   0x0000000000013a96       0x3a APPS/app.o
 .debug_macro   0x0000000000013ad0      0x11c APPS/app.o
 .debug_macro   0x0000000000013bec       0x10 APPS/app.o
 .debug_macro   0x0000000000013bfc       0x16 APPS/app.o
 .debug_macro   0x0000000000013c12       0x35 APPS/app.o
 .debug_macro   0x0000000000013c47       0x16 APPS/app.o
 .debug_macro   0x0000000000013c5d       0x29 APPS/app.o
 .debug_macro   0x0000000000013c86       0x16 APPS/app.o
 .debug_macro   0x0000000000013c9c       0x16 APPS/app.o
 .debug_macro   0x0000000000013cb2       0x22 APPS/app.o
 .debug_macro   0x0000000000013cd4       0x22 APPS/app.o
 .debug_macro   0x0000000000013cf6       0x12 APPS/app.o
 .debug_macro   0x0000000000013d08      0x4d3 APPS/app_funcs.o
 .debug_macro   0x00000000000141db       0x52 APPS/app_funcs.o
 .debug_macro   0x000000000001422d       0x8d APPS/app_funcs.o
 .debug_macro   0x00000000000142ba      0x174 APPS/app_funcs.o
 .debug_macro   0x000000000001442e       0x57 APPS/app_funcs.o
 .debug_macro   0x0000000000014485       0x10 APPS/app_funcs.o
 .debug_macro   0x0000000000014495       0x1c APPS/app_funcs.o
 .debug_macro   0x00000000000144b1      0x39a APPS/effect/effect.o
 .debug_macro   0x000000000001484b      0x10e APPS/effect/effect.o
 .debug_macro   0x0000000000014959       0x8d APPS/effect/effect.o
 .debug_macro   0x00000000000149e6      0x3b2 APPS/effect/effect_preset.o
 .debug_macro   0x0000000000014d98       0x1c APPS/effect/effect_preset.o
 .debug_macro   0x0000000000014db4      0x393 APPS/encoder/encoder.o
 .debug_macro   0x0000000000015147      0x393 APPS/event/event.o
 .debug_macro   0x00000000000154da      0x45e APPS/glcd/ST7565R.o
 .debug_macro   0x0000000000015938       0x34 APPS/glcd/ST7565R.o
 .debug_macro   0x000000000001596c      0x476 APPS/glcd/glcd.o
 .debug_macro   0x0000000000015de2       0x3a APPS/glcd/glcd.o
 .debug_macro   0x0000000000015e1c      0x476 APPS/glcd/glcd_graphics.o
 .debug_macro   0x0000000000016292      0x451 APPS/glcd/glcd_graphs.o
 .debug_macro   0x00000000000166e3      0x457 APPS/glcd/glcd_text.o
 .debug_macro   0x0000000000016b3a      0x4ce APPS/glcd/unit_tests.o
 .debug_macro   0x0000000000017008      0x45b APPS/glcd/fonts/fonts.o
 .debug_macro   0x0000000000017463      0x100 APPS/link_list/link_list.o
 .debug_macro   0x0000000000017563      0x393 APPS/push-btn/push_btn.o
 .debug_macro   0x00000000000178f6      0x4d4 APPS/tm-pb/tm_stm32_button.o
 .debug_macro   0x0000000000017dca       0x18 APPS/tm-pb/tm_stm32_button.o
 .debug_macro   0x0000000000017de2       0x22 APPS/tm-pb/tm_stm32_button.o
 .debug_macro   0x0000000000017e04       0xb3 APPS/tm-pb/tm_stm32_button.o
 .debug_macro   0x0000000000017eb7       0x38 APPS/tm-pb/tm_stm32_button.o
 .debug_macro   0x0000000000017eef       0x1c APPS/tm-pb/tm_stm32_button.o
 .debug_macro   0x0000000000017f0b      0x4b3 APPS/tm-pb/tm_stm32_delay.o
 .debug_macro   0x00000000000183be       0x32 APPS/tm-pb/tm_stm32_delay.o
 .debug_macro   0x00000000000183f0      0x4ae APPS/tm-pb/tm_stm32_gpio.o
 .debug_macro   0x000000000001889e       0xad APPS/tm-pb/tm_stm32_gpio.o
 .debug_macro   0x000000000001894b      0x3ab APPS/volume/volume.o
 .debug_macro   0x0000000000018cf6      0x321 Drivers/STM32F1xx_HAL_Driver/Src/stm32f1xx_hal.o
 .debug_macro   0x0000000000019017      0x31a Drivers/STM32F1xx_HAL_Driver/Src/stm32f1xx_hal_adc.o
 .debug_macro   0x0000000000019331      0x2fd Drivers/STM32F1xx_HAL_Driver/Src/stm32f1xx_hal_cortex.o
 .debug_macro   0x000000000001962e      0x2fd Drivers/STM32F1xx_HAL_Driver/Src/stm32f1xx_hal_dma.o
 .debug_macro   0x000000000001992b      0x36d Drivers/STM32F1xx_HAL_Driver/Src/stm32f1xx_hal_gpio.o
 .debug_macro   0x0000000000019c98      0x30f Drivers/STM32F1xx_HAL_Driver/Src/stm32f1xx_hal_rcc.o
 .debug_macro   0x0000000000019fa7      0x2fd Drivers/STM32F1xx_HAL_Driver/Src/stm32f1xx_hal_rcc_ex.o
 .debug_macro   0x000000000001a2a4      0x2fd Drivers/STM32F1xx_HAL_Driver/Src/stm32f1xx_hal_tim.o
 .debug_macro   0x000000000001a5a1      0x2fd Drivers/STM32F1xx_HAL_Driver/Src/stm32f1xx_hal_tim_ex.o
 .debug_macro   0x000000000001a89e      0x31b Src/adc.o
 .debug_macro   0x000000000001abb9      0x307 Src/dma.o
 .debug_macro   0x000000000001aec0      0x307 Src/gpio.o
 .debug_macro   0x000000000001b1c7      0x4d1 Src/main.o
 .debug_macro   0x000000000001b698      0x2fd Src/stm32f1xx_hal_msp.o
 .debug_macro   0x000000000001b995      0x307 Src/stm32f1xx_it.o
 .debug_macro   0x000000000001bc9c      0x303 Src/system_stm32f1xx.o
 .debug_macro   0x000000000001bf9f      0x311 Src/tim.o

.debug_line     0x0000000000000000    0x19120
 .debug_line    0x0000000000000000      0xd0c APPS/app.o
 .debug_line    0x0000000000000d0c      0xd82 APPS/app_funcs.o
 .debug_line    0x0000000000001a8e      0xa05 APPS/effect/effect.o
 .debug_line    0x0000000000002493      0x8a3 APPS/effect/effect_preset.o
 .debug_line    0x0000000000002d36      0x8da APPS/encoder/encoder.o
 .debug_line    0x0000000000003610      0x8fe APPS/event/event.o
 .debug_line    0x0000000000003f0e      0xf26 APPS/glcd/ST7565R.o
 .debug_line    0x0000000000004e34      0xb89 APPS/glcd/glcd.o
 .debug_line    0x00000000000059bd     0x1109 APPS/glcd/glcd_graphics.o
 .debug_line    0x0000000000006ac6      0xb7f APPS/glcd/glcd_graphs.o
 .debug_line    0x0000000000007645      0xb60 APPS/glcd/glcd_text.o
 .debug_line    0x00000000000081a5     0x1084 APPS/glcd/unit_tests.o
 .debug_line    0x0000000000009229      0xa8a APPS/glcd/fonts/fonts.o
 .debug_line    0x0000000000009cb3      0x768 APPS/link_list/link_list.o
 .debug_line    0x000000000000a41b      0x8a3 APPS/push-btn/push_btn.o
 .debug_line    0x000000000000acbe      0xc37 APPS/tm-pb/tm_stm32_button.o
 .debug_line    0x000000000000b8f5      0xce8 APPS/tm-pb/tm_stm32_delay.o
 .debug_line    0x000000000000c5dd      0xce9 APPS/tm-pb/tm_stm32_gpio.o
 .debug_line    0x000000000000d2c6      0x904 APPS/volume/volume.o
 .debug_line    0x000000000000dbca      0x8dd Drivers/STM32F1xx_HAL_Driver/Src/stm32f1xx_hal.o
 .debug_line    0x000000000000e4a7      0xecf Drivers/STM32F1xx_HAL_Driver/Src/stm32f1xx_hal_adc.o
 .debug_line    0x000000000000f376      0x938 Drivers/STM32F1xx_HAL_Driver/Src/stm32f1xx_hal_cortex.o
 .debug_line    0x000000000000fcae      0xc36 Drivers/STM32F1xx_HAL_Driver/Src/stm32f1xx_hal_dma.o
 .debug_line    0x00000000000108e4      0x918 Drivers/STM32F1xx_HAL_Driver/Src/stm32f1xx_hal_gpio.o
 .debug_line    0x00000000000111fc      0xb04 Drivers/STM32F1xx_HAL_Driver/Src/stm32f1xx_hal_rcc.o
 .debug_line    0x0000000000011d00      0x821 Drivers/STM32F1xx_HAL_Driver/Src/stm32f1xx_hal_rcc_ex.o
 .debug_line    0x0000000000012521     0x1d86 Drivers/STM32F1xx_HAL_Driver/Src/stm32f1xx_hal_tim.o
 .debug_line    0x00000000000142a7      0xca6 Drivers/STM32F1xx_HAL_Driver/Src/stm32f1xx_hal_tim_ex.o
 .debug_line    0x0000000000014f4d      0x7b0 Src/adc.o
 .debug_line    0x00000000000156fd      0x714 Src/dma.o
 .debug_line    0x0000000000015e11      0x74f Src/gpio.o
 .debug_line    0x0000000000016560      0xc8a Src/main.o
 .debug_line    0x00000000000171ea      0x71d Src/stm32f1xx_hal_msp.o
 .debug_line    0x0000000000017907      0x7b1 Src/stm32f1xx_it.o
 .debug_line    0x00000000000180b8      0x755 Src/system_stm32f1xx.o
 .debug_line    0x000000000001880d      0x896 Src/tim.o
 .debug_line    0x00000000000190a3       0x7d startup/startup_stm32f103xb.o

.debug_str      0x0000000000000000    0x78260
 .debug_str     0x0000000000000000    0x732fe APPS/app.o
                                      0x737b8 (size before relaxing)
 .debug_str     0x00000000000732fe      0x55c APPS/app_funcs.o
                                      0x73be0 (size before relaxing)
 .debug_str     0x000000000007385a      0x1b0 APPS/effect/effect.o
                                      0x72b5e (size before relaxing)
 .debug_str     0x0000000000073a0a       0x41 APPS/effect/effect_preset.o
                                      0x72885 (size before relaxing)
 .debug_str     0x0000000000073a4b       0xa2 APPS/encoder/encoder.o
                                      0x726a4 (size before relaxing)
 .debug_str     0x0000000000073aed       0x81 APPS/event/event.o
                                      0x7280c (size before relaxing)
 .debug_str     0x0000000000073b6e      0x1c8 APPS/glcd/ST7565R.o
                                      0x7337f (size before relaxing)
 .debug_str     0x0000000000073d36       0xa9 APPS/glcd/glcd.o
                                      0x732d5 (size before relaxing)
 .debug_str     0x0000000000073ddf       0xe1 APPS/glcd/glcd_graphics.o
                                      0x73315 (size before relaxing)
 .debug_str     0x0000000000073ec0       0xc6 APPS/glcd/glcd_graphs.o
                                      0x732e2 (size before relaxing)
 .debug_str     0x0000000000073f86       0xaf APPS/glcd/glcd_text.o
                                      0x732ad (size before relaxing)
 .debug_str     0x0000000000074035      0x49e APPS/glcd/unit_tests.o
                                      0x73c3e (size before relaxing)
 .debug_str     0x00000000000744d3       0x1b APPS/glcd/fonts/fonts.o
                                      0x731b2 (size before relaxing)
 .debug_str     0x00000000000744ee      0x13a APPS/link_list/link_list.o
                                       0x63d2 (size before relaxing)
 .debug_str     0x0000000000074628       0x3c APPS/push-btn/push_btn.o
                                      0x72694 (size before relaxing)
 .debug_str     0x0000000000074664      0x9b7 APPS/tm-pb/tm_stm32_button.o
                                      0x7400b (size before relaxing)
 .debug_str     0x000000000007501b      0x2b1 APPS/tm-pb/tm_stm32_delay.o
                                      0x73f7f (size before relaxing)
 .debug_str     0x00000000000752cc      0x1d3 APPS/tm-pb/tm_stm32_gpio.o
                                      0x73e58 (size before relaxing)
 .debug_str     0x000000000007549f      0x130 APPS/volume/volume.o
                                      0x727ab (size before relaxing)
 .debug_str     0x00000000000755cf      0x6d8 Drivers/STM32F1xx_HAL_Driver/Src/stm32f1xx_hal.o
                                      0x726da (size before relaxing)
 .debug_str     0x0000000000075ca7      0x402 Drivers/STM32F1xx_HAL_Driver/Src/stm32f1xx_hal_adc.o
                                      0x72681 (size before relaxing)
 .debug_str     0x00000000000760a9      0x2c7 Drivers/STM32F1xx_HAL_Driver/Src/stm32f1xx_hal_cortex.o
                                      0x7262f (size before relaxing)
 .debug_str     0x0000000000076370      0x220 Drivers/STM32F1xx_HAL_Driver/Src/stm32f1xx_hal_dma.o
                                      0x72393 (size before relaxing)
 .debug_str     0x0000000000076590      0x32f Drivers/STM32F1xx_HAL_Driver/Src/stm32f1xx_hal_gpio.o
                                      0x72376 (size before relaxing)
 .debug_str     0x00000000000768bf      0x368 Drivers/STM32F1xx_HAL_Driver/Src/stm32f1xx_hal_rcc.o
                                      0x723cb (size before relaxing)
 .debug_str     0x0000000000076c27      0x110 Drivers/STM32F1xx_HAL_Driver/Src/stm32f1xx_hal_rcc_ex.o
                                      0x72157 (size before relaxing)
 .debug_str     0x0000000000076d37      0xd2b Drivers/STM32F1xx_HAL_Driver/Src/stm32f1xx_hal_tim.o
                                      0x730cb (size before relaxing)
 .debug_str     0x0000000000077a62      0x4f1 Drivers/STM32F1xx_HAL_Driver/Src/stm32f1xx_hal_tim_ex.o
                                      0x7296d (size before relaxing)
 .debug_str     0x0000000000077f53       0x31 Src/adc.o
                                      0x723cf (size before relaxing)
 .debug_str     0x0000000000077f84        0xd Src/dma.o
                                      0x7227a (size before relaxing)
 .debug_str     0x0000000000077f91       0x1b Src/gpio.o
                                      0x72315 (size before relaxing)